Archive member included to satisfy reference by file (symbol)

C:/ST/STM32CubeIDE_1.16.1/STM32CubeIDE/plugins/com.st.stm32cube.ide.mcu.externaltools.gnu-tools-for-stm32.12.3.rel1.win32_1.0.200.202406191623/tools/bin/../lib/gcc/arm-none-eabi/12.3.1/../../../../arm-none-eabi/lib/thumb/v7e-m+fp/hard\libc_nano.a(libc_a-exit.o)
                              C:/ST/STM32CubeIDE_1.16.1/STM32CubeIDE/plugins/com.st.stm32cube.ide.mcu.externaltools.gnu-tools-for-stm32.12.3.rel1.win32_1.0.200.202406191623/tools/bin/../lib/gcc/arm-none-eabi/12.3.1/../../../../arm-none-eabi/lib/thumb/v7e-m+fp/hard/crt0.o (exit)
C:/ST/STM32CubeIDE_1.16.1/STM32CubeIDE/plugins/com.st.stm32cube.ide.mcu.externaltools.gnu-tools-for-stm32.12.3.rel1.win32_1.0.200.202406191623/tools/bin/../lib/gcc/arm-none-eabi/12.3.1/../../../../arm-none-eabi/lib/thumb/v7e-m+fp/hard\libc_nano.a(libc_a-findfp.o)
                              C:/ST/STM32CubeIDE_1.16.1/STM32CubeIDE/plugins/com.st.stm32cube.ide.mcu.externaltools.gnu-tools-for-stm32.12.3.rel1.win32_1.0.200.202406191623/tools/bin/../lib/gcc/arm-none-eabi/12.3.1/../../../../arm-none-eabi/lib/thumb/v7e-m+fp/hard\libc_nano.a(libc_a-exit.o) (__stdio_exit_handler)
C:/ST/STM32CubeIDE_1.16.1/STM32CubeIDE/plugins/com.st.stm32cube.ide.mcu.externaltools.gnu-tools-for-stm32.12.3.rel1.win32_1.0.200.202406191623/tools/bin/../lib/gcc/arm-none-eabi/12.3.1/../../../../arm-none-eabi/lib/thumb/v7e-m+fp/hard\libc_nano.a(libc_a-fwalk.o)
                              C:/ST/STM32CubeIDE_1.16.1/STM32CubeIDE/plugins/com.st.stm32cube.ide.mcu.externaltools.gnu-tools-for-stm32.12.3.rel1.win32_1.0.200.202406191623/tools/bin/../lib/gcc/arm-none-eabi/12.3.1/../../../../arm-none-eabi/lib/thumb/v7e-m+fp/hard\libc_nano.a(libc_a-findfp.o) (_fwalk_sglue)
C:/ST/STM32CubeIDE_1.16.1/STM32CubeIDE/plugins/com.st.stm32cube.ide.mcu.externaltools.gnu-tools-for-stm32.12.3.rel1.win32_1.0.200.202406191623/tools/bin/../lib/gcc/arm-none-eabi/12.3.1/../../../../arm-none-eabi/lib/thumb/v7e-m+fp/hard\libc_nano.a(libc_a-printf.o)
                              ./Core/Src/pcap.o (printf)
C:/ST/STM32CubeIDE_1.16.1/STM32CubeIDE/plugins/com.st.stm32cube.ide.mcu.externaltools.gnu-tools-for-stm32.12.3.rel1.win32_1.0.200.202406191623/tools/bin/../lib/gcc/arm-none-eabi/12.3.1/../../../../arm-none-eabi/lib/thumb/v7e-m+fp/hard\libc_nano.a(libc_a-puts.o)
                              ./Core/Src/pcap.o (puts)
C:/ST/STM32CubeIDE_1.16.1/STM32CubeIDE/plugins/com.st.stm32cube.ide.mcu.externaltools.gnu-tools-for-stm32.12.3.rel1.win32_1.0.200.202406191623/tools/bin/../lib/gcc/arm-none-eabi/12.3.1/../../../../arm-none-eabi/lib/thumb/v7e-m+fp/hard\libc_nano.a(libc_a-stdio.o)
                              C:/ST/STM32CubeIDE_1.16.1/STM32CubeIDE/plugins/com.st.stm32cube.ide.mcu.externaltools.gnu-tools-for-stm32.12.3.rel1.win32_1.0.200.202406191623/tools/bin/../lib/gcc/arm-none-eabi/12.3.1/../../../../arm-none-eabi/lib/thumb/v7e-m+fp/hard\libc_nano.a(libc_a-findfp.o) (__sread)
C:/ST/STM32CubeIDE_1.16.1/STM32CubeIDE/plugins/com.st.stm32cube.ide.mcu.externaltools.gnu-tools-for-stm32.12.3.rel1.win32_1.0.200.202406191623/tools/bin/../lib/gcc/arm-none-eabi/12.3.1/../../../../arm-none-eabi/lib/thumb/v7e-m+fp/hard\libc_nano.a(libc_a-wbuf.o)
                              C:/ST/STM32CubeIDE_1.16.1/STM32CubeIDE/plugins/com.st.stm32cube.ide.mcu.externaltools.gnu-tools-for-stm32.12.3.rel1.win32_1.0.200.202406191623/tools/bin/../lib/gcc/arm-none-eabi/12.3.1/../../../../arm-none-eabi/lib/thumb/v7e-m+fp/hard\libc_nano.a(libc_a-puts.o) (__swbuf_r)
C:/ST/STM32CubeIDE_1.16.1/STM32CubeIDE/plugins/com.st.stm32cube.ide.mcu.externaltools.gnu-tools-for-stm32.12.3.rel1.win32_1.0.200.202406191623/tools/bin/../lib/gcc/arm-none-eabi/12.3.1/../../../../arm-none-eabi/lib/thumb/v7e-m+fp/hard\libc_nano.a(libc_a-wsetup.o)
                              C:/ST/STM32CubeIDE_1.16.1/STM32CubeIDE/plugins/com.st.stm32cube.ide.mcu.externaltools.gnu-tools-for-stm32.12.3.rel1.win32_1.0.200.202406191623/tools/bin/../lib/gcc/arm-none-eabi/12.3.1/../../../../arm-none-eabi/lib/thumb/v7e-m+fp/hard\libc_nano.a(libc_a-puts.o) (__swsetup_r)
C:/ST/STM32CubeIDE_1.16.1/STM32CubeIDE/plugins/com.st.stm32cube.ide.mcu.externaltools.gnu-tools-for-stm32.12.3.rel1.win32_1.0.200.202406191623/tools/bin/../lib/gcc/arm-none-eabi/12.3.1/../../../../arm-none-eabi/lib/thumb/v7e-m+fp/hard\libc_nano.a(libc_a-memset.o)
                              C:/ST/STM32CubeIDE_1.16.1/STM32CubeIDE/plugins/com.st.stm32cube.ide.mcu.externaltools.gnu-tools-for-stm32.12.3.rel1.win32_1.0.200.202406191623/tools/bin/../lib/gcc/arm-none-eabi/12.3.1/../../../../arm-none-eabi/lib/thumb/v7e-m+fp/hard/crt0.o (memset)
C:/ST/STM32CubeIDE_1.16.1/STM32CubeIDE/plugins/com.st.stm32cube.ide.mcu.externaltools.gnu-tools-for-stm32.12.3.rel1.win32_1.0.200.202406191623/tools/bin/../lib/gcc/arm-none-eabi/12.3.1/../../../../arm-none-eabi/lib/thumb/v7e-m+fp/hard\libc_nano.a(libc_a-closer.o)
[...]
Memory Configuration

Name             Origin             Length             Attributes
RAM              0x20000000         0x00020000         xrw
FLASH            0x08000000         0x00080000         xr
*default*        0x00000000         0xffffffff

Linker script and memory map

LOAD C:/ST/STM32CubeIDE_1.16.1/STM32CubeIDE/plugins/com.st.stm32cube.ide.mcu.externaltools.gnu-tools-for-stm32.12.3.rel1.win32_1.0.200.202406191623/tools/bin/../lib/gcc/arm-none-eabi/12.3.1/thumb/v7e-m+fp/hard/crti.o
LOAD C:/ST/STM32CubeIDE_1.16.1/STM32CubeIDE/plugins/com.st.stm32cube.ide.mcu.externaltools.gnu-tools-for-stm32.12.3.rel1.win32_1.0.200.202406191623/tools/bin/../lib/gcc/arm-none-eabi/12.3.1/thumb/v7e-m+fp/hard/crtbegin.o
LOAD C:/ST/STM32CubeIDE_1.16.1/STM32CubeIDE/plugins/com.st.stm32cube.ide.mcu.externaltools.gnu-tools-for-stm32.12.3.rel1.win32_1.0.200.202406191623/tools/bin/../lib/gcc/arm-none-eabi/12.3.1/../../../../arm-none-eabi/lib/thumb/v7e-m+fp/hard/crt0.o
LOAD ./Core/Src/Adxl345.o
LOAD ./Core/Src/br24l64f.o
LOAD ./Core/Src/lan9252.o
LOAD ./Core/Src/main.o
LOAD ./Core/Src/moving_average.o
LOAD ./Core/Src/pcap.o
LOAD ./Core/Src/stm32f4xx_hal_msp.o
LOAD ./Core/Src/stm32f4xx_it.o
LOAD ./Core/Src/syscalls.o
LOAD ./Core/Src/sysmem.o
LOAD ./Core/Src/system_stm32f4xx.o
LOAD ./Core/Src/tmc4671.o
LOAD ./Core/Src/tmc6100.o
LOAD ./Core/Startup/startup_stm32f411ceux.o
LOAD ./Drivers/STM32F4xx_HAL_Driver/Src/stm32f4xx_hal.o
LOAD ./Drivers/STM32F4xx_HAL_Driver/Src/stm32f4xx_hal_cortex.o
LOAD ./Drivers/STM32F4xx_HAL_Driver/Src/stm32f4xx_hal_dma.o
LOAD ./Drivers/STM32F4xx_HAL_Driver/Src/stm32f4xx_hal_dma_ex.o
LOAD ./Drivers/STM32F4xx_HAL_Driver/Src/stm32f4xx_hal_exti.o
LOAD ./Drivers/STM32F4xx_HAL_Driver/Src/stm32f4xx_hal_flash.o
LOAD ./Drivers/STM32F4xx_HAL_Driver/Src/stm32f4xx_hal_flash_ex.o
LOAD ./Drivers/STM32F4xx_HAL_Driver/Src/stm32f4xx_hal_flash_ramfunc.o
LOAD ./Drivers/STM32F4xx_HAL_Driver/Src/stm32f4xx_hal_gpio.o
LOAD ./Drivers/STM32F4xx_HAL_Driver/Src/stm32f4xx_hal_i2c.o
LOAD ./Drivers/STM32F4xx_HAL_Driver/Src/stm32f4xx_hal_i2c_ex.o
LOAD ./Drivers/STM32F4xx_HAL_Driver/Src/stm32f4xx_hal_pwr.o
LOAD ./Drivers/STM32F4xx_HAL_Driver/Src/stm32f4xx_hal_pwr_ex.o
LOAD ./Drivers/STM32F4xx_HAL_Driver/Src/stm32f4xx_hal_rcc.o
LOAD ./Drivers/STM32F4xx_HAL_Driver/Src/stm32f4xx_hal_rcc_ex.o
LOAD ./Drivers/STM32F4xx_HAL_Driver/Src/stm32f4xx_hal_spi.o
LOAD ./Drivers/STM32F4xx_HAL_Driver/Src/stm32f4xx_hal_tim.o
LOAD ./Drivers/STM32F4xx_HAL_Driver/Src/stm32f4xx_hal_tim_ex.o
START GROUP
LOAD C:/ST/STM32CubeIDE_1.16.1/STM32CubeIDE/plugins/com.st.stm32cube.ide.mcu.externaltools.gnu-tools-for-stm32.12.3.rel1.win32_1.0.200.202406191623/tools/bin/../lib/gcc/arm-none-eabi/12.3.1/../../../../arm-none-eabi/lib/thumb/v7e-m+fp/hard\libc_nano.a
LOAD C:/ST/STM32CubeIDE_1.16.1/STM32CubeIDE/plugins/com.st.stm32cube.ide.mcu.externaltools.gnu-tools-for-stm32.12.3.rel1.win32_1.0.200.202406191623/tools/bin/../lib/gcc/arm-none-eabi/12.3.1/../../../../arm-none-eabi/lib/thumb/v7e-m+fp/hard\libm.a
END GROUP
START GROUP
LOAD C:/ST/STM32CubeIDE_1.16.1/STM32CubeIDE/plugins/com.st.stm32cube.ide.mcu.externaltools.gnu-tools-for-stm32.12.3.rel1.win32_1.0.200.202406191623/tools/bin/../lib/gcc/arm-none-eabi/12.3.1/thumb/v7e-m+fp/hard\libgcc.a
LOAD C:/ST/STM32CubeIDE_1.16.1/STM32CubeIDE/plugins/com.st.stm32cube.ide.mcu.externaltools.gnu-tools-for-stm32.12.3.rel1.win32_1.0.200.202406191623/tools/bin/../lib/gcc/arm-none-eabi/12.3.1/../../../../arm-none-eabi/lib/thumb/v7e-m+fp/hard\libc_nano.a
END GROUP
START GROUP
LOAD C:/ST/STM32CubeIDE_1.16.1/STM32CubeIDE/plugins/com.st.stm32cube.ide.mcu.externaltools.gnu-tools-for-stm32.12.3.rel1.win32_1.0.200.202406191623/tools/bin/../lib/gcc/arm-none-eabi/12.3.1/thumb/v7e-m+fp/hard\libgcc.a
LOAD C:/ST/STM32CubeIDE_1.16.1/STM32CubeIDE/plugins/com.st.stm32cube.ide.mcu.externaltools.gnu-tools-for-stm32.12.3.rel1.win32_1.0.200.202406191623/tools/bin/../lib/gcc/arm-none-eabi/12.3.1/../../../../arm-none-eabi/lib/thumb/v7e-m+fp/hard\libc_nano.a
LOAD C:/ST/STM32CubeIDE_1.16.1/STM32CubeIDE/plugins/com.st.stm32cube.ide.mcu.externaltools.gnu-tools-for-stm32.12.3.rel1.win32_1.0.200.202406191623/tools/bin/../lib/gcc/arm-none-eabi/12.3.1/../../../../arm-none-eabi/lib/thumb/v7e-m+fp/hard\libnosys.a
END GROUP
START GROUP
LOAD C:/ST/STM32CubeIDE_1.16.1/STM32CubeIDE/plugins/com.st.stm32cube.ide.mcu.externaltools.gnu-tools-for-stm32.12.3.rel1.win32_1.0.200.202406191623/tools/bin/../lib/gcc/arm-none-eabi/12.3.1/thumb/v7e-m+fp/hard\libgcc.a
LOAD C:/ST/STM32CubeIDE_1.16.1/STM32CubeIDE/plugins/com.st.stm32cube.ide.mcu.externaltools.gnu-tools-for-stm32.12.3.rel1.win32_1.0.200.202406191623/tools/bin/../lib/gcc/arm-none-eabi/12.3.1/../../../../arm-none-eabi/lib/thumb/v7e-m+fp/hard\libc_nano.a
LOAD C:/ST/STM32CubeIDE_1.16.1/STM32CubeIDE/plugins/com.st.stm32cube.ide.mcu.externaltools.gnu-tools-for-stm32.12.3.rel1.win32_1.0.200.202406191623/tools/bin/../lib/gcc/arm-none-eabi/12.3.1/../../../../arm-none-eabi/lib/thumb/v7e-m+fp/hard\libnosys.a
END GROUP
LOAD C:/ST/STM32CubeIDE_1.16.1/STM32CubeIDE/plugins/com.st.stm32cube.ide.mcu.externaltools.gnu-tools-for-stm32.12.3.rel1.win32_1.0.200.202406191623/tools/bin/../lib/gcc/arm-none-eabi/12.3.1/thumb/v7e-m+fp/hard/crtend.o
LOAD C:/ST/STM32CubeIDE_1.16.1/STM32CubeIDE/plugins/com.st.stm32cube.ide.mcu.externaltools.gnu-tools-for-stm32.12.3.rel1.win32_1.0.200.202406191623/tools/bin/../lib/gcc/arm-none-eabi/12.3.1/thumb/v7e-m+fp/hard/crtn.o
                0x20020000                        _estack = (ORIGIN (RAM) + LENGTH (RAM))
                0x00000200                        _Min_Heap_Size = 0x200
                0x00000400                        _Min_Stack_Size = 0x400

.isr_vector     0x08000000      0x198
                0x08000000                        . = ALIGN (0x4)
 *(.isr_vector)
 .isr_vector    0x08000000      0x198 ./Core/Startup/startup_stm32f411ceux.o
                0x08000000                g_pfnVectors
                0x08000198                        . = ALIGN (0x4)

.text           0x080001a0     0x7bcc
                0x080001a0                        . = ALIGN (0x4)
 *(.text)
 .text          0x080001a0       0x40 C:/ST/STM32CubeIDE_1.16.1/STM32CubeIDE/plugins/com.st.stm32cube.ide.mcu.externaltools.gnu-tools-for-stm32.12.3.rel1.win32_1.0.200.202406191623/tools/bin/../lib/gcc/arm-none-eabi/12.3.1/thumb/v7e-m+fp/hard/crtbegin.o
 .text          0x080001e0       0xa0 C:/ST/STM32CubeIDE_1.16.1/STM32CubeIDE/plugins/com.st.stm32cube.ide.mcu.externaltools.gnu-tools-for-stm32.12.3.rel1.win32_1.0.200.202406191623/tools/bin/../lib/gcc/arm-none-eabi/12.3.1/../../../../arm-none-eabi/lib/thumb/v7e-m+fp/hard\libc_nano.a(libc_a-memchr.o)
                0x080001e0                memchr
 .text          0x08000280      0x378 C:/ST/STM32CubeIDE_1.16.1/STM32CubeIDE/plugins/com.st.stm32cube.ide.mcu.externaltools.gnu-tools-for-stm32.12.3.rel1.win32_1.0.200.202406191623/tools/bin/../lib/gcc/arm-none-eabi/12.3.1/thumb/v7e-m+fp/hard\libgcc.a(_arm_addsubdf3.o)
                0x08000280                __aeabi_drsub
                0x08000288                __aeabi_dsub
                0x08000288                __subdf3
                0x0800028c                __aeabi_dadd
                0x0800028c                __adddf3
                0x08000504                __floatunsidf
                0x08000504                __aeabi_ui2d
                0x08000524                __floatsidf
                0x08000524                __aeabi_i2d
                0x08000548                __aeabi_f2d
                0x08000548                __extendsfdf2
                0x0800058c                __floatundidf
                0x0800058c                __aeabi_ul2d
                0x0800059c                __floatdidf
                0x0800059c                __aeabi_l2d
 .text          0x080005f8      0x424 C:/ST/STM32CubeIDE_1.16.1/STM32CubeIDE/plugins/com.st.stm32cube.ide.mcu.externaltools.gnu-tools-for-stm32.12.3.rel1.win32_1.0.200.202406191623/tools/bin/../lib/gcc/arm-none-eabi/12.3.1/thumb/v7e-m+fp/hard\libgcc.a(_arm_muldivdf3.o)
                0x080005f8                __aeabi_dmul
                0x080005f8                __muldf3
                0x0800084c                __divdf3
                0x0800084c                __aeabi_ddiv
 .text          0x08000a1c       0x50 C:/ST/STM32CubeIDE_1.16.1/STM32CubeIDE/plugins/com.st.stm32cube.ide.mcu.externaltools.gnu-tools-for-stm32.12.3.rel1.win32_1.0.200.202406191623/tools/bin/../lib/gcc/arm-none-eabi/12.3.1/thumb/v7e-m+fp/hard\libgcc.a(_arm_fixdfsi.o)
                0x08000a1c                __aeabi_d2iz
                0x08000a1c                __fixdfsi
 .text          0x08000a6c       0x40 C:/ST/STM32CubeIDE_1.16.1/STM32CubeIDE/plugins/com.st.stm32cube.ide.mcu.externaltools.gnu-tools-for-stm32.12.3.rel1.win32_1.0.200.202406191623/tools/bin/../lib/gcc/arm-none-eabi/12.3.1/thumb/v7e-m+fp/hard\libgcc.a(_arm_fixunsdfsi.o)
                0x08000a6c                __aeabi_d2uiz
                0x08000a6c                __fixunsdfsi
 .text          0x08000aac       0x30 C:/ST/STM32CubeIDE_1.16.1/STM32CubeIDE/plugins/com.st.stm32cube.ide.mcu.externaltools.gnu-tools-for-stm32.12.3.rel1.win32_1.0.200.202406191623/tools/bin/../lib/gcc/arm-none-eabi/12.3.1/thumb/v7e-m+fp/hard\libgcc.a(_aeabi_uldivmod.o)
                0x08000aac                __aeabi_uldivmod
 .text          0x08000adc      0x2bc C:/ST/STM32CubeIDE_1.16.1/STM32CubeIDE/plugins/com.st.stm32cube.ide.mcu.externaltools.gnu-tools-for-stm32.12.3.rel1.win32_1.0.200.202406191623/tools/bin/../lib/gcc/arm-none-eabi/12.3.1/thumb/v7e-m+fp/hard\libgcc.a(_udivmoddi4.o)
                0x08000adc                __udivmoddi4
 .text          0x08000d98        0x4 C:/ST/STM32CubeIDE_1.16.1/STM32CubeIDE/plugins/com.st.stm32cube.ide.mcu.externaltools.gnu-tools-for-stm32.12.3.rel1.win32_1.0.200.202406191623/tools/bin/../lib/gcc/arm-none-eabi/12.3.1/thumb/v7e-m+fp/hard\libgcc.a(_dvmd_tls.o)
                0x08000d98                __aeabi_idiv0
                0x08000d98                __aeabi_ldiv0
 *(.text*)
 .text.adxl_write
                0x08000d9c       0x54 ./Core/Src/Adxl345.o
                0x08000d9c                adxl_write
 .text.adxl_read
                0x08000df0       0x60 ./Core/Src/Adxl345.o
                0x08000df0                adxl_read
 .text.Adxl345_init
                0x08000e50       0x22 ./Core/Src/Adxl345.o
                0x08000e50                Adxl345_init
 *fill*         0x08000e72        0x6 
 .text.getAcceleration
                0x08000e78       0xb8 ./Core/Src/Adxl345.o
                0x08000e78                getAcceleration
 .text.EEPROM_Read
                0x08000f30       0x3c ./Core/Src/br24l64f.o
                0x08000f30                EEPROM_Read
 .text.bytes2uInt
                0x08000f6c       0x3e ./Core/Src/br24l64f.o
                0x08000f6c                bytes2uInt
 *fill*         0x08000faa        0x2 
 .text.Etc_Read_Reg
                0x08000fac       0xb8 ./Core/Src/lan9252.o
                0x08000fac                Etc_Read_Reg
 .text.Etc_Write_Reg
                0x08001064       0x88 ./Core/Src/lan9252.o
                0x08001064                Etc_Write_Reg
 .text.Etc_Read_Reg_Wait
                0x080010ec       0x64 ./Core/Src/lan9252.o
                0x080010ec                Etc_Read_Reg_Wait
 .text.Etc_Read_Fifo
                0x08001150       0xec ./Core/Src/lan9252.o
                0x08001150                Etc_Read_Fifo
 .text.Etc_Write_Fifo
                0x0800123c       0xc0 ./Core/Src/lan9252.o
                0x0800123c                Etc_Write_Fifo
 .text.etc_init
                0x080012fc       0x58 ./Core/Src/lan9252.o
                0x080012fc                etc_init
 .text.etc_scan
                0x08001354       0xac ./Core/Src/lan9252.o
                0x08001354                etc_scan
 .text.main     0x08001400      0xfd4 ./Core/Src/main.o
                0x08001400                main
 .text.SystemClock_Config
                0x080023d4       0xd0 ./Core/Src/main.o
                0x080023d4                SystemClock_Config
 .text.MX_I2C1_Init
                0x080024a4       0x5c ./Core/Src/main.o
 .text.MX_I2C2_Init
                0x08002500       0x5c ./Core/Src/main.o
 .text.MX_SPI1_Init
                0x0800255c       0x6c ./Core/Src/main.o
 .text.MX_SPI2_Init
                0x080025c8       0x6c ./Core/Src/main.o
 .text.MX_SPI5_Init
                0x08002634       0x6c ./Core/Src/main.o
 .text.MX_TIM4_Init
                0x080026a0       0x9c ./Core/Src/main.o
 .text.MX_GPIO_Init
                0x0800273c      0x168 ./Core/Src/main.o
 .text.Error_Handler
                0x080028a4        0xc ./Core/Src/main.o
                0x080028a4                Error_Handler
 .text.initMovingAverage
                0x080028b0       0x4a ./Core/Src/moving_average.o
                0x080028b0                initMovingAverage
 .text.updateMovingAverage
                0x080028fa       0xa2 ./Core/Src/moving_average.o
                0x080028fa                updateMovingAverage
 .text.pcap_init
                0x0800299c       0xb0 ./Core/Src/pcap.o
                0x0800299c                pcap_init
 .text.pcap_scan
                0x08002a4c      0x300 ./Core/Src/pcap.o
                0x08002a4c                pcap_scan
 .text.delay_us
                0x08002d4c       0x38 ./Core/Src/pcap.o
                0x08002d4c                delay_us
 .text.HAL_MspInit
                0x08002d84       0x50 ./Core/Src/stm32f4xx_hal_msp.o
                0x08002d84                HAL_MspInit
 .text.HAL_I2C_MspInit
                0x08002dd4      0x11c ./Core/Src/stm32f4xx_hal_msp.o
                0x08002dd4                HAL_I2C_MspInit
 .text.HAL_SPI_MspInit
                0x08002ef0      0x1e0 ./Core/Src/stm32f4xx_hal_msp.o
                0x08002ef0                HAL_SPI_MspInit
 .text.HAL_TIM_Base_MspInit
                0x080030d0       0x44 ./Core/Src/stm32f4xx_hal_msp.o
                0x080030d0                HAL_TIM_Base_MspInit
 .text.NMI_Handler
                0x08003114        0x8 ./Core/Src/stm32f4xx_it.o
                0x08003114                NMI_Handler
 .text.HardFault_Handler
                0x0800311c        0x8 ./Core/Src/stm32f4xx_it.o
                0x0800311c                HardFault_Handler
 .text.MemManage_Handler
                0x08003124        0x8 ./Core/Src/stm32f4xx_it.o
                0x08003124                MemManage_Handler
 .text.BusFault_Handler
                0x0800312c        0x8 ./Core/Src/stm32f4xx_it.o
                0x0800312c                BusFault_Handler
 .text.UsageFault_Handler
                0x08003134        0x8 ./Core/Src/stm32f4xx_it.o
                0x08003134                UsageFault_Handler
 .text.SVC_Handler
                0x0800313c        0xe ./Core/Src/stm32f4xx_it.o
                0x0800313c                SVC_Handler
 .text.DebugMon_Handler
                0x0800314a        0xe ./Core/Src/stm32f4xx_it.o
                0x0800314a                DebugMon_Handler
 .text.PendSV_Handler
                0x08003158        0xe ./Core/Src/stm32f4xx_it.o
                0x08003158                PendSV_Handler
 .text.SysTick_Handler
                0x08003166        0xc ./Core/Src/stm32f4xx_it.o
                0x08003166                SysTick_Handler
 .text._read    0x08003172       0x3a ./Core/Src/syscalls.o
                0x08003172                _read
 .text._write   0x080031ac       0x38 ./Core/Src/syscalls.o
                0x080031ac                _write
 .text._close   0x080031e4       0x18 ./Core/Src/syscalls.o
                0x080031e4                _close
 .text._fstat   0x080031fc       0x20 ./Core/Src/syscalls.o
                0x080031fc                _fstat
 .text._isatty  0x0800321c       0x16 ./Core/Src/syscalls.o
                0x0800321c                _isatty
 .text._lseek   0x08003232       0x1a ./Core/Src/syscalls.o
                0x08003232                _lseek
 .text._sbrk    0x0800324c       0x6c ./Core/Src/sysmem.o
                0x0800324c                _sbrk
 .text.SystemInit
                0x080032b8       0x24 ./Core/Src/system_stm32f4xx.o
                0x080032b8                SystemInit
 .text.setWrongCommandFlag
                0x080032dc       0x20 ./Core/Src/tmc4671.o
                0x080032dc                setWrongCommandFlag
 .text.getEventStatusWord
                0x080032fc      0x13c ./Core/Src/tmc4671.o
                0x080032fc                getEventStatusWord
 .text.getCoilCurrent
                0x08003438       0x18 ./Core/Src/tmc4671.o
                0x08003438                getCoilCurrent
 .text.getCurrentLimitHoming
                0x08003450       0x18 ./Core/Src/tmc4671.o
                0x08003450                getCurrentLimitHoming
 .text.getCurrentLimitServo
                0x08003468       0x18 ./Core/Src/tmc4671.o
                0x08003468                getCurrentLimitServo
 .text.getVoltageLimitHoming
                0x08003480       0x18 ./Core/Src/tmc4671.o
                0x08003480                getVoltageLimitHoming
 .text.getVelocityLimitServo
                0x08003498       0x18 ./Core/Src/tmc4671.o
                0x08003498                getVelocityLimitServo
 .text.getTorqueLimitServo
                0x080034b0       0x18 ./Core/Src/tmc4671.o
                0x080034b0                getTorqueLimitServo
 .text.getZeroOffset
                0x080034c8       0x5c ./Core/Src/tmc4671.o
                0x080034c8                getZeroOffset
 *fill*         0x08003524        0x4 
 .text.getActualPosition
                0x08003528       0x5c ./Core/Src/tmc4671.o
                0x08003528                getActualPosition
 *fill*         0x08003584        0x4 
 .text.getTargetPosition
                0x08003588       0x5c ./Core/Src/tmc4671.o
                0x08003588                getTargetPosition
 *fill*         0x080035e4        0x4 
 .text.getMaxPositionError
                0x080035e8       0x5c ./Core/Src/tmc4671.o
                0x080035e8                getMaxPositionError
 .text.getCurrentGainP
                0x08003644       0x18 ./Core/Src/tmc4671.o
                0x08003644                getCurrentGainP
 .text.getCurrentGainI
                0x0800365c       0x18 ./Core/Src/tmc4671.o
                0x0800365c                getCurrentGainI
 .text.getVelocityGainP
                0x08003674       0x18 ./Core/Src/tmc4671.o
                0x08003674                getVelocityGainP
 .text.getVelocityGainI
                0x0800368c       0x18 ./Core/Src/tmc4671.o
                0x0800368c                getVelocityGainI
 .text.getPositionGainP
                0x080036a4       0x18 ./Core/Src/tmc4671.o
                0x080036a4                getPositionGainP
 .text.getPositionGainI
                0x080036bc       0x18 ./Core/Src/tmc4671.o
                0x080036bc                getPositionGainI
 .text.getFirmwareVersion
                0x080036d4       0x28 ./Core/Src/tmc4671.o
                0x080036d4                getFirmwareVersion
 .text.Reset_Handler
                0x080036fc       0x50 ./Core/Startup/startup_stm32f411ceux.o
                0x080036fc                Reset_Handler
 .text.Default_Handler
                0x0800374c        0x2 ./Core/Startup/startup_stm32f411ceux.o
                0x0800374c                RTC_Alarm_IRQHandler
                0x0800374c                EXTI2_IRQHandler
                0x0800374c                SPI4_IRQHandler
                0x0800374c                TIM1_CC_IRQHandler
                0x0800374c                DMA2_Stream5_IRQHandler
                0x0800374c                DMA1_Stream5_IRQHandler
                0x0800374c                PVD_IRQHandler
                0x0800374c                SDIO_IRQHandler
                0x0800374c                TAMP_STAMP_IRQHandler
                0x0800374c                EXTI3_IRQHandler
                0x0800374c                TIM1_UP_TIM10_IRQHandler
                0x0800374c                I2C3_ER_IRQHandler
                0x0800374c                EXTI0_IRQHandler
                0x0800374c                I2C2_EV_IRQHandler
                0x0800374c                DMA1_Stream2_IRQHandler
                0x0800374c                FPU_IRQHandler
                0x0800374c                DMA2_Stream2_IRQHandler
                0x0800374c                SPI1_IRQHandler
                0x0800374c                TIM1_BRK_TIM9_IRQHandler
                0x0800374c                DMA2_Stream3_IRQHandler
                0x0800374c                USART6_IRQHandler
                0x0800374c                DMA2_Stream0_IRQHandler
                0x0800374c                TIM4_IRQHandler
                0x0800374c                I2C1_EV_IRQHandler
                0x0800374c                DMA1_Stream6_IRQHandler
                0x0800374c                DMA1_Stream1_IRQHandler
                0x0800374c                TIM3_IRQHandler
                0x0800374c                RCC_IRQHandler
                0x0800374c                Default_Handler
                0x0800374c                EXTI15_10_IRQHandler
                0x0800374c                ADC_IRQHandler
                0x0800374c                DMA1_Stream7_IRQHandler
                0x0800374c                SPI5_IRQHandler
                0x0800374c                TIM5_IRQHandler
                0x0800374c                DMA2_Stream7_IRQHandler
                0x0800374c                I2C3_EV_IRQHandler
                0x0800374c                EXTI9_5_IRQHandler
                0x0800374c                RTC_WKUP_IRQHandler
                0x0800374c                SPI2_IRQHandler
                0x0800374c                DMA1_Stream0_IRQHandler
                0x0800374c                EXTI4_IRQHandler
                0x0800374c                WWDG_IRQHandler
                0x0800374c                TIM2_IRQHandler
                0x0800374c                OTG_FS_WKUP_IRQHandler
                0x0800374c                TIM1_TRG_COM_TIM11_IRQHandler
                0x0800374c                EXTI1_IRQHandler
                0x0800374c                USART2_IRQHandler
                0x0800374c                I2C2_ER_IRQHandler
                0x0800374c                DMA2_Stream1_IRQHandler
                0x0800374c                FLASH_IRQHandler
                0x0800374c                DMA2_Stream4_IRQHandler
                0x0800374c                USART1_IRQHandler
                0x0800374c                OTG_FS_IRQHandler
                0x0800374c                SPI3_IRQHandler
                0x0800374c                DMA1_Stream4_IRQHandler
                0x0800374c                I2C1_ER_IRQHandler
                0x0800374c                DMA2_Stream6_IRQHandler
                0x0800374c                DMA1_Stream3_IRQHandler
 *fill*         0x0800374e        0x2 
 .text.HAL_Init
                0x08003750       0x44 ./Drivers/STM32F4xx_HAL_Driver/Src/stm32f4xx_hal.o
                0x08003750                HAL_Init
 .text.HAL_InitTick
                0x08003794       0x60 ./Drivers/STM32F4xx_HAL_Driver/Src/stm32f4xx_hal.o
                0x08003794                HAL_InitTick
 .text.HAL_IncTick
                0x080037f4       0x28 ./Drivers/STM32F4xx_HAL_Driver/Src/stm32f4xx_hal.o
                0x080037f4                HAL_IncTick
 .text.HAL_GetTick
                0x0800381c       0x18 ./Drivers/STM32F4xx_HAL_Driver/Src/stm32f4xx_hal.o
                0x0800381c                HAL_GetTick
 .text.HAL_Delay
                0x08003834       0x48 ./Drivers/STM32F4xx_HAL_Driver/Src/stm32f4xx_hal.o
                0x08003834                HAL_Delay
 .text.__NVIC_SetPriorityGrouping
                0x0800387c       0x48 ./Drivers/STM32F4xx_HAL_Driver/Src/stm32f4xx_hal_cortex.o
 .text.__NVIC_GetPriorityGrouping
                0x080038c4       0x1c ./Drivers/STM32F4xx_HAL_Driver/Src/stm32f4xx_hal_cortex.o
 .text.__NVIC_SetPriority
                0x080038e0       0x54 ./Drivers/STM32F4xx_HAL_Driver/Src/stm32f4xx_hal_cortex.o
 .text.NVIC_EncodePriority
                0x08003934       0x66 ./Drivers/STM32F4xx_HAL_Driver/Src/stm32f4xx_hal_cortex.o
 *fill*         0x0800399a        0x2 
 .text.SysTick_Config
                0x0800399c       0x44 ./Drivers/STM32F4xx_HAL_Driver/Src/stm32f4xx_hal_cortex.o
 .text.HAL_NVIC_SetPriorityGrouping
                0x080039e0       0x16 ./Drivers/STM32F4xx_HAL_Driver/Src/stm32f4xx_hal_cortex.o
                0x080039e0                HAL_NVIC_SetPriorityGrouping
 .text.HAL_NVIC_SetPriority
                0x080039f6       0x38 ./Drivers/STM32F4xx_HAL_Driver/Src/stm32f4xx_hal_cortex.o
                0x080039f6                HAL_NVIC_SetPriority
 .text.HAL_SYSTICK_Config
                0x08003a2e       0x18 ./Drivers/STM32F4xx_HAL_Driver/Src/stm32f4xx_hal_cortex.o
                0x08003a2e                HAL_SYSTICK_Config
 *fill*         0x08003a46        0x2 
 .text.HAL_GPIO_Init
                0x08003a48      0x308 ./Drivers/STM32F4xx_HAL_Driver/Src/stm32f4xx_hal_gpio.o
                0x08003a48                HAL_GPIO_Init
 .text.HAL_GPIO_WritePin
                0x08003d50       0x32 ./Drivers/STM32F4xx_HAL_Driver/Src/stm32f4xx_hal_gpio.o
                0x08003d50                HAL_GPIO_WritePin
 *fill*         0x08003d82        0x2 
 .text.HAL_I2C_Init
                0x08003d84      0x288 ./Drivers/STM32F4xx_HAL_Driver/Src/stm32f4xx_hal_i2c.o
                0x08003d84                HAL_I2C_Init
 .text.HAL_I2C_Master_Transmit
                0x0800400c      0x1fc ./Drivers/STM32F4xx_HAL_Driver/Src/stm32f4xx_hal_i2c.o
                0x0800400c                HAL_I2C_Master_Transmit
 .text.HAL_I2C_Master_Receive
                0x08004208      0x464 ./Drivers/STM32F4xx_HAL_Driver/Src/stm32f4xx_hal_i2c.o
                0x08004208                HAL_I2C_Master_Receive
 .text.HAL_I2C_Mem_Read
                0x0800466c      0x464 ./Drivers/STM32F4xx_HAL_Driver/Src/stm32f4xx_hal_i2c.o
                0x0800466c                HAL_I2C_Mem_Read
 .text.I2C_MasterRequestWrite
                0x08004ad0      0x104 ./Drivers/STM32F4xx_HAL_Driver/Src/stm32f4xx_hal_i2c.o
 .text.I2C_MasterRequestRead
                0x08004bd4      0x19c ./Drivers/STM32F4xx_HAL_Driver/Src/stm32f4xx_hal_i2c.o
 .text.I2C_RequestMemoryRead
                0x08004d70      0x1d0 ./Drivers/STM32F4xx_HAL_Driver/Src/stm32f4xx_hal_i2c.o
 .text.I2C_WaitOnFlagUntilTimeout
                0x08004f40       0xf4 ./Drivers/STM32F4xx_HAL_Driver/Src/stm32f4xx_hal_i2c.o
 .text.I2C_WaitOnMasterAddressFlagUntilTimeout
                0x08005034      0x140 ./Drivers/STM32F4xx_HAL_Driver/Src/stm32f4xx_hal_i2c.o
 .text.I2C_WaitOnTXEFlagUntilTimeout
                0x08005174       0x90 ./Drivers/STM32F4xx_HAL_Driver/Src/stm32f4xx_hal_i2c.o
 .text.I2C_WaitOnBTFFlagUntilTimeout
                0x08005204       0x90 ./Drivers/STM32F4xx_HAL_Driver/Src/stm32f4xx_hal_i2c.o
 .text.I2C_WaitOnRXNEFlagUntilTimeout
                0x08005294       0xba ./Drivers/STM32F4xx_HAL_Driver/Src/stm32f4xx_hal_i2c.o
 .text.I2C_IsAcknowledgeFailed
                0x0800534e       0x5e ./Drivers/STM32F4xx_HAL_Driver/Src/stm32f4xx_hal_i2c.o
 .text.HAL_RCC_OscConfig
                0x080053ac      0x4f0 ./Drivers/STM32F4xx_HAL_Driver/Src/stm32f4xx_hal_rcc.o
                0x080053ac                HAL_RCC_OscConfig
 .text.HAL_RCC_ClockConfig
                0x0800589c      0x1cc ./Drivers/STM32F4xx_HAL_Driver/Src/stm32f4xx_hal_rcc.o
                0x0800589c                HAL_RCC_ClockConfig
 .text.HAL_RCC_GetSysClockFreq
                0x08005a68      0x18c ./Drivers/STM32F4xx_HAL_Driver/Src/stm32f4xx_hal_rcc.o
                0x08005a68                HAL_RCC_GetSysClockFreq
 .text.HAL_RCC_GetHCLKFreq
                0x08005bf4       0x18 ./Drivers/STM32F4xx_HAL_Driver/Src/stm32f4xx_hal_rcc.o
                0x08005bf4                HAL_RCC_GetHCLKFreq
 .text.HAL_RCC_GetPCLK1Freq
                0x08005c0c       0x28 ./Drivers/STM32F4xx_HAL_Driver/Src/stm32f4xx_hal_rcc.o
                0x08005c0c                HAL_RCC_GetPCLK1Freq
 .text.HAL_SPI_Init
                0x08005c34      0x112 ./Drivers/STM32F4xx_HAL_Driver/Src/stm32f4xx_hal_spi.o
                0x08005c34                HAL_SPI_Init
 .text.HAL_SPI_Transmit
                0x08005d46      0x286 ./Drivers/STM32F4xx_HAL_Driver/Src/stm32f4xx_hal_spi.o
                0x08005d46                HAL_SPI_Transmit
 .text.HAL_SPI_Receive
                0x08005fcc      0x230 ./Drivers/STM32F4xx_HAL_Driver/Src/stm32f4xx_hal_spi.o
                0x08005fcc                HAL_SPI_Receive
 .text.HAL_SPI_TransmitReceive
                0x080061fc      0x360 ./Drivers/STM32F4xx_HAL_Driver/Src/stm32f4xx_hal_spi.o
                0x080061fc                HAL_SPI_TransmitReceive
 .text.SPI_WaitFlagStateUntilTimeout
                0x0800655c      0x110 ./Drivers/STM32F4xx_HAL_Driver/Src/stm32f4xx_hal_spi.o
 .text.SPI_EndRxTransaction
                0x0800666c       0xca ./Drivers/STM32F4xx_HAL_Driver/Src/stm32f4xx_hal_spi.o
 *fill*         0x08006736        0x2 
 .text.SPI_EndRxTxTransaction
                0x08006738       0xa8 ./Drivers/STM32F4xx_HAL_Driver/Src/stm32f4xx_hal_spi.o
 .text.HAL_TIM_Base_Init
                0x080067e0       0x9e ./Drivers/STM32F4xx_HAL_Driver/Src/stm32f4xx_hal_tim.o
                0x080067e0                HAL_TIM_Base_Init
 *fill*         0x0800687e        0x2 
 .text.HAL_TIM_Base_Start
                0x08006880       0xb4 ./Drivers/STM32F4xx_HAL_Driver/Src/stm32f4xx_hal_tim.o
                0x08006880                HAL_TIM_Base_Start
 .text.HAL_TIM_Base_Stop
                0x08006934       0x4e ./Drivers/STM32F4xx_HAL_Driver/Src/stm32f4xx_hal_tim.o
                0x08006934                HAL_TIM_Base_Stop
 .text.HAL_TIM_ConfigClockSource
                0x08006982      0x18e ./Drivers/STM32F4xx_HAL_Driver/Src/stm32f4xx_hal_tim.o
                0x08006982                HAL_TIM_ConfigClockSource
 .text.TIM_Base_SetConfig
                0x08006b10      0x118 ./Drivers/STM32F4xx_HAL_Driver/Src/stm32f4xx_hal_tim.o
                0x08006b10                TIM_Base_SetConfig
 .text.TIM_TI1_ConfigInputStage
                0x08006c28       0x5e ./Drivers/STM32F4xx_HAL_Driver/Src/stm32f4xx_hal_tim.o
 .text.TIM_TI2_ConfigInputStage
                0x08006c86       0x60 ./Drivers/STM32F4xx_HAL_Driver/Src/stm32f4xx_hal_tim.o
 .text.TIM_ITRx_SetConfig
                0x08006ce6       0x36 ./Drivers/STM32F4xx_HAL_Driver/Src/stm32f4xx_hal_tim.o
 .text.TIM_ETR_SetConfig
                0x08006d1c       0x40 ./Drivers/STM32F4xx_HAL_Driver/Src/stm32f4xx_hal_tim.o
                0x08006d1c                TIM_ETR_SetConfig
 .text.HAL_TIMEx_MasterConfigSynchronization
                0x08006d5c       0xdc ./Drivers/STM32F4xx_HAL_Driver/Src/stm32f4xx_hal_tim_ex.o
                0x08006d5c                HAL_TIMEx_MasterConfigSynchronization
 .text.std      0x08006e38       0x6c C:/ST/STM32CubeIDE_1.16.1/STM32CubeIDE/plugins/com.st.stm32cube.ide.mcu.externaltools.gnu-tools-for-stm32.12.3.rel1.win32_1.0.200.202406191623/tools/bin/../lib/gcc/arm-none-eabi/12.3.1/../../../../arm-none-eabi/lib/thumb/v7e-m+fp/hard\libc_nano.a(libc_a-findfp.o)
 .text.stdio_exit_handler
                0x08006ea4       0x18 C:/ST/STM32CubeIDE_1.16.1/STM32CubeIDE/plugins/com.st.stm32cube.ide.mcu.externaltools.gnu-tools-for-stm32.12.3.rel1.win32_1.0.200.202406191623/tools/bin/../lib/gcc/arm-none-eabi/12.3.1/../../../../arm-none-eabi/lib/thumb/v7e-m+fp/hard\libc_nano.a(libc_a-findfp.o)
 .text.cleanup_stdio
                0x08006ebc       0x40 C:/ST/STM32CubeIDE_1.16.1/STM32CubeIDE/plugins/com.st.stm32cube.ide.mcu.externaltools.gnu-tools-for-stm32.12.3.rel1.win32_1.0.200.202406191623/tools/bin/../lib/gcc/arm-none-eabi/12.3.1/../../../../arm-none-eabi/lib/thumb/v7e-m+fp/hard\libc_nano.a(libc_a-findfp.o)
 .text.global_stdio_init.part.0
                0x08006efc       0x3c C:/ST/STM32CubeIDE_1.16.1/STM32CubeIDE/plugins/com.st.stm32cube.ide.mcu.externaltools.gnu-tools-for-stm32.12.3.rel1.win32_1.0.200.202406191623/tools/bin/../lib/gcc/arm-none-eabi/12.3.1/../../../../arm-none-eabi/lib/thumb/v7e-m+fp/hard\libc_nano.a(libc_a-findfp.o)
 .text.__sfp_lock_acquire
                0x08006f38        0xc C:/ST/STM32CubeIDE_1.16.1/STM32CubeIDE/plugins/com.st.stm32cube.ide.mcu.externaltools.gnu-tools-for-stm32.12.3.rel1.win32_1.0.200.202406191623/tools/bin/../lib/gcc/arm-none-eabi/12.3.1/../../../../arm-none-eabi/lib/thumb/v7e-m+fp/hard\libc_nano.a(libc_a-findfp.o)
                0x08006f38                __sfp_lock_acquire
 .text.__sfp_lock_release
                0x08006f44        0xc C:/ST/STM32CubeIDE_1.16.1/STM32CubeIDE/plugins/com.st.stm32cube.ide.mcu.externaltools.gnu-tools-for-stm32.12.3.rel1.win32_1.0.200.202406191623/tools/bin/../lib/gcc/arm-none-eabi/12.3.1/../../../../arm-none-eabi/lib/thumb/v7e-m+fp/hard\libc_nano.a(libc_a-findfp.o)
                0x08006f44                __sfp_lock_release
 .text.__sinit  0x08006f50       0x30 C:/ST/STM32CubeIDE_1.16.1/STM32CubeIDE/plugins/com.st.stm32cube.ide.mcu.externaltools.gnu-tools-for-stm32.12.3.rel1.win32_1.0.200.202406191623/tools/bin/../lib/gcc/arm-none-eabi/12.3.1/../../../../arm-none-eabi/lib/thumb/v7e-m+fp/hard\libc_nano.a(libc_a-findfp.o)
                0x08006f50                __sinit
 .text._fwalk_sglue
                0x08006f80       0x3c C:/ST/STM32CubeIDE_1.16.1/STM32CubeIDE/plugins/com.st.stm32cube.ide.mcu.externaltools.gnu-tools-for-stm32.12.3.rel1.win32_1.0.200.202406191623/tools/bin/../lib/gcc/arm-none-eabi/12.3.1/../../../../arm-none-eabi/lib/thumb/v7e-m+fp/hard\libc_nano.a(libc_a-fwalk.o)
                0x08006f80                _fwalk_sglue
 .text.printf   0x08006fbc       0x24 C:/ST/STM32CubeIDE_1.16.1/STM32CubeIDE/plugins/com.st.stm32cube.ide.mcu.externaltools.gnu-tools-for-stm32.12.3.rel1.win32_1.0.200.202406191623/tools/bin/../lib/gcc/arm-none-eabi/12.3.1/../../../../arm-none-eabi/lib/thumb/v7e-m+fp/hard\libc_nano.a(libc_a-printf.o)
                0x08006fbc                iprintf
                0x08006fbc                printf
 .text._puts_r  0x08006fe0       0xaa C:/ST/STM32CubeIDE_1.16.1/STM32CubeIDE/plugins/com.st.stm32cube.ide.mcu.externaltools.gnu-tools-for-stm32.12.3.rel1.win32_1.0.200.202406191623/tools/bin/../lib/gcc/arm-none-eabi/12.3.1/../../../../arm-none-eabi/lib/thumb/v7e-m+fp/hard\libc_nano.a(libc_a-puts.o)
                0x08006fe0                _puts_r
 *fill*         0x0800708a        0x2 
 .text.puts     0x0800708c       0x10 C:/ST/STM32CubeIDE_1.16.1/STM32CubeIDE/plugins/com.st.stm32cube.ide.mcu.externaltools.gnu-tools-for-stm32.12.3.rel1.win32_1.0.200.202406191623/tools/bin/../lib/gcc/arm-none-eabi/12.3.1/../../../../arm-none-eabi/lib/thumb/v7e-m+fp/hard\libc_nano.a(libc_a-puts.o)
                0x0800708c                puts
 .text.__sread  0x0800709c       0x22 C:/ST/STM32CubeIDE_1.16.1/STM32CubeIDE/plugins/com.st.stm32cube.ide.mcu.externaltools.gnu-tools-for-stm32.12.3.rel1.win32_1.0.200.202406191623/tools/bin/../lib/gcc/arm-none-eabi/12.3.1/../../../../arm-none-eabi/lib/thumb/v7e-m+fp/hard\libc_nano.a(libc_a-stdio.o)
                0x0800709c                __sread
 .text.__swrite
                0x080070be       0x38 C:/ST/STM32CubeIDE_1.16.1/STM32CubeIDE/plugins/com.st.stm32cube.ide.mcu.externaltools.gnu-tools-for-stm32.12.3.rel1.win32_1.0.200.202406191623/tools/bin/../lib/gcc/arm-none-eabi/12.3.1/../../../../arm-none-eabi/lib/thumb/v7e-m+fp/hard\libc_nano.a(libc_a-stdio.o)
                0x080070be                __swrite
 .text.__sseek  0x080070f6       0x24 C:/ST/STM32CubeIDE_1.16.1/STM32CubeIDE/plugins/com.st.stm32cube.ide.mcu.externaltools.gnu-tools-for-stm32.12.3.rel1.win32_1.0.200.202406191623/tools/bin/../lib/gcc/arm-none-eabi/12.3.1/../../../../arm-none-eabi/lib/thumb/v7e-m+fp/hard\libc_nano.a(libc_a-stdio.o)
                0x080070f6                __sseek
 .text.__sclose
                0x0800711a        0x8 C:/ST/STM32CubeIDE_1.16.1/STM32CubeIDE/plugins/com.st.stm32cube.ide.mcu.externaltools.gnu-tools-for-stm32.12.3.rel1.win32_1.0.200.202406191623/tools/bin/../lib/gcc/arm-none-eabi/12.3.1/../../../../arm-none-eabi/lib/thumb/v7e-m+fp/hard\libc_nano.a(libc_a-stdio.o)
                0x0800711a                __sclose
 .text.__swbuf_r
                0x08007122       0x7c C:/ST/STM32CubeIDE_1.16.1/STM32CubeIDE/plugins/com.st.stm32cube.ide.mcu.externaltools.gnu-tools-for-stm32.12.3.rel1.win32_1.0.200.202406191623/tools/bin/../lib/gcc/arm-none-eabi/12.3.1/../../../../arm-none-eabi/lib/thumb/v7e-m+fp/hard\libc_nano.a(libc_a-wbuf.o)
                0x08007122                __swbuf_r
 *fill*         0x0800719e        0x2 
 .text.__swsetup_r
                0x080071a0       0xac C:/ST/STM32CubeIDE_1.16.1/STM32CubeIDE/plugins/com.st.stm32cube.ide.mcu.externaltools.gnu-tools-for-stm32.12.3.rel1.win32_1.0.200.202406191623/tools/bin/../lib/gcc/arm-none-eabi/12.3.1/../../../../arm-none-eabi/lib/thumb/v7e-m+fp/hard\libc_nano.a(libc_a-wsetup.o)
                0x080071a0                __swsetup_r
 .text.memset   0x0800724c       0x10 C:/ST/STM32CubeIDE_1.16.1/STM32CubeIDE/plugins/com.st.stm32cube.ide.mcu.externaltools.gnu-tools-for-stm32.12.3.rel1.win32_1.0.200.202406191623/tools/bin/../lib/gcc/arm-none-eabi/12.3.1/../../../../arm-none-eabi/lib/thumb/v7e-m+fp/hard\libc_nano.a(libc_a-memset.o)
                0x0800724c                memset
 .text._close_r
                0x0800725c       0x20 C:/ST/STM32CubeIDE_1.16.1/STM32CubeIDE/plugins/com.st.stm32cube.ide.mcu.externaltools.gnu-tools-for-stm32.12.3.rel1.win32_1.0.200.202406191623/tools/bin/../lib/gcc/arm-none-eabi/12.3.1/../../../../arm-none-eabi/lib/thumb/v7e-m+fp/hard\libc_nano.a(libc_a-closer.o)
                0x0800725c                _close_r
 .text._lseek_r
                0x0800727c       0x24 C:/ST/STM32CubeIDE_1.16.1/STM32CubeIDE/plugins/com.st.stm32cube.ide.mcu.externaltools.gnu-tools-for-stm32.12.3.rel1.win32_1.0.200.202406191623/tools/bin/../lib/gcc/arm-none-eabi/12.3.1/../../../../arm-none-eabi/lib/thumb/v7e-m+fp/hard\libc_nano.a(libc_a-lseekr.o)
                0x0800727c                _lseek_r
 .text._read_r  0x080072a0       0x24 C:/ST/STM32CubeIDE_1.16.1/STM32CubeIDE/plugins/com.st.stm32cube.ide.mcu.externaltools.gnu-tools-for-stm32.12.3.rel1.win32_1.0.200.202406191623/tools/bin/../lib/gcc/arm-none-eabi/12.3.1/../../../../arm-none-eabi/lib/thumb/v7e-m+fp/hard\libc_nano.a(libc_a-readr.o)
                0x080072a0                _read_r
 .text._write_r
                0x080072c4       0x24 C:/ST/STM32CubeIDE_1.16.1/STM32CubeIDE/plugins/com.st.stm32cube.ide.mcu.externaltools.gnu-tools-for-stm32.12.3.rel1.win32_1.0.200.202406191623/tools/bin/../lib/gcc/arm-none-eabi/12.3.1/../../../../arm-none-eabi/lib/thumb/v7e-m+fp/hard\libc_nano.a(libc_a-writer.o)
                0x080072c4                _write_r
 .text.__errno  0x080072e8        0xc C:/ST/STM32CubeIDE_1.16.1/STM32CubeIDE/plugins/com.st.stm32cube.ide.mcu.externaltools.gnu-tools-for-stm32.12.3.rel1.win32_1.0.200.202406191623/tools/bin/../lib/gcc/arm-none-eabi/12.3.1/../../../../arm-none-eabi/lib/thumb/v7e-m+fp/hard\libc_nano.a(libc_a-errno.o)
                0x080072e8                __errno
 .text.__libc_init_array
                0x080072f4       0x48 C:/ST/STM32CubeIDE_1.16.1/STM32CubeIDE/plugins/com.st.stm32cube.ide.mcu.externaltools.gnu-tools-for-stm32.12.3.rel1.win32_1.0.200.202406191623/tools/bin/../lib/gcc/arm-none-eabi/12.3.1/../../../../arm-none-eabi/lib/thumb/v7e-m+fp/hard\libc_nano.a(libc_a-init.o)
                0x080072f4                __libc_init_array
 .text.__retarget_lock_init_recursive
                0x0800733c        0x2 C:/ST/STM32CubeIDE_1.16.1/STM32CubeIDE/plugins/com.st.stm32cube.ide.mcu.externaltools.gnu-tools-for-stm32.12.3.rel1.win32_1.0.200.202406191623/tools/bin/../lib/gcc/arm-none-eabi/12.3.1/../../../../arm-none-eabi/lib/thumb/v7e-m+fp/hard\libc_nano.a(libc_a-lock.o)
                0x0800733c                __retarget_lock_init_recursive
 .text.__retarget_lock_acquire_recursive
                0x0800733e        0x2 C:/ST/STM32CubeIDE_1.16.1/STM32CubeIDE/plugins/com.st.stm32cube.ide.mcu.externaltools.gnu-tools-for-stm32.12.3.rel1.win32_1.0.200.202406191623/tools/bin/../lib/gcc/arm-none-eabi/12.3.1/../../../../arm-none-eabi/lib/thumb/v7e-m+fp/hard\libc_nano.a(libc_a-lock.o)
                0x0800733e                __retarget_lock_acquire_recursive
 .text.__retarget_lock_release_recursive
                0x08007340        0x2 C:/ST/STM32CubeIDE_1.16.1/STM32CubeIDE/plugins/com.st.stm32cube.ide.mcu.externaltools.gnu-tools-for-stm32.12.3.rel1.win32_1.0.200.202406191623/tools/bin/../lib/gcc/arm-none-eabi/12.3.1/../../../../arm-none-eabi/lib/thumb/v7e-m+fp/hard\libc_nano.a(libc_a-lock.o)
                0x08007340                __retarget_lock_release_recursive
 *fill*         0x08007342        0x2 
 .text._free_r  0x08007344       0x94 C:/ST/STM32CubeIDE_1.16.1/STM32CubeIDE/plugins/com.st.stm32cube.ide.mcu.externaltools.gnu-tools-for-stm32.12.3.rel1.win32_1.0.200.202406191623/tools/bin/../lib/gcc/arm-none-eabi/12.3.1/../../../../arm-none-eabi/lib/thumb/v7e-m+fp/hard\libc_nano.a(libc_a-freer.o)
                0x08007344                _free_r
 .text.sbrk_aligned
                0x080073d8       0x44 C:/ST/STM32CubeIDE_1.16.1/STM32CubeIDE/plugins/com.st.stm32cube.ide.mcu.externaltools.gnu-tools-for-stm32.12.3.rel1.win32_1.0.200.202406191623/tools/bin/../lib/gcc/arm-none-eabi/12.3.1/../../../../arm-none-eabi/lib/thumb/v7e-m+fp/hard\libc_nano.a(libc_a-mallocr.o)
 .text._malloc_r
                0x0800741c      0x100 C:/ST/STM32CubeIDE_1.16.1/STM32CubeIDE/plugins/com.st.stm32cube.ide.mcu.externaltools.gnu-tools-for-stm32.12.3.rel1.win32_1.0.200.202406191623/tools/bin/../lib/gcc/arm-none-eabi/12.3.1/../../../../arm-none-eabi/lib/thumb/v7e-m+fp/hard\libc_nano.a(libc_a-mallocr.o)
                0x0800741c                _malloc_r
 .text.__malloc_lock
                0x0800751c        0xc C:/ST/STM32CubeIDE_1.16.1/STM32CubeIDE/plugins/com.st.stm32cube.ide.mcu.externaltools.gnu-tools-for-stm32.12.3.rel1.win32_1.0.200.202406191623/tools/bin/../lib/gcc/arm-none-eabi/12.3.1/../../../../arm-none-eabi/lib/thumb/v7e-m+fp/hard\libc_nano.a(libc_a-mlock.o)
                0x0800751c                __malloc_lock
 .text.__malloc_unlock
                0x08007528        0xc C:/ST/STM32CubeIDE_1.16.1/STM32CubeIDE/plugins/com.st.stm32cube.ide.mcu.externaltools.gnu-tools-for-stm32.12.3.rel1.win32_1.0.200.202406191623/tools/bin/../lib/gcc/arm-none-eabi/12.3.1/../../../../arm-none-eabi/lib/thumb/v7e-m+fp/hard\libc_nano.a(libc_a-mlock.o)
                0x08007528                __malloc_unlock
 .text.__sfputc_r
                0x08007534       0x2e C:/ST/STM32CubeIDE_1.16.1/STM32CubeIDE/plugins/com.st.stm32cube.ide.mcu.externaltools.gnu-tools-for-stm32.12.3.rel1.win32_1.0.200.202406191623/tools/bin/../lib/gcc/arm-none-eabi/12.3.1/../../../../arm-none-eabi/lib/thumb/v7e-m+fp/hard\libc_nano.a(libc_a-nano-vfprintf.o)
 .text.__sfputs_r
                0x08007562       0x24 C:/ST/STM32CubeIDE_1.16.1/STM32CubeIDE/plugins/com.st.stm32cube.ide.mcu.externaltools.gnu-tools-for-stm32.12.3.rel1.win32_1.0.200.202406191623/tools/bin/../lib/gcc/arm-none-eabi/12.3.1/../../../../arm-none-eabi/lib/thumb/v7e-m+fp/hard\libc_nano.a(libc_a-nano-vfprintf.o)
                0x08007562                __sfputs_r
 *fill*         0x08007586        0x2 
 .text._vfprintf_r
                0x08007588      0x230 C:/ST/STM32CubeIDE_1.16.1/STM32CubeIDE/plugins/com.st.stm32cube.ide.mcu.externaltools.gnu-tools-for-stm32.12.3.rel1.win32_1.0.200.202406191623/tools/bin/../lib/gcc/arm-none-eabi/12.3.1/../../../../arm-none-eabi/lib/thumb/v7e-m+fp/hard\libc_nano.a(libc_a-nano-vfprintf.o)
                0x08007588                _vfprintf_r
                0x08007588                _vfiprintf_r
 .text._printf_common
                0x080077b8       0xda C:/ST/STM32CubeIDE_1.16.1/STM32CubeIDE/plugins/com.st.stm32cube.ide.mcu.externaltools.gnu-tools-for-stm32.12.3.rel1.win32_1.0.200.202406191623/tools/bin/../lib/gcc/arm-none-eabi/12.3.1/../../../../arm-none-eabi/lib/thumb/v7e-m+fp/hard\libc_nano.a(libc_a-nano-vfprintf_i.o)
                0x080077b8                _printf_common
 *fill*         0x08007892        0x2 
 .text._printf_i
                0x08007894      0x240 C:/ST/STM32CubeIDE_1.16.1/STM32CubeIDE/plugins/com.st.stm32cube.ide.mcu.externaltools.gnu-tools-for-stm32.12.3.rel1.win32_1.0.200.202406191623/tools/bin/../lib/gcc/arm-none-eabi/12.3.1/../../../../arm-none-eabi/lib/thumb/v7e-m+fp/hard\libc_nano.a(libc_a-nano-vfprintf_i.o)
                0x08007894                _printf_i
 .text.__sflush_r
                0x08007ad4      0x108 C:/ST/STM32CubeIDE_1.16.1/STM32CubeIDE/plugins/com.st.stm32cube.ide.mcu.externaltools.gnu-tools-for-stm32.12.3.rel1.win32_1.0.200.202406191623/tools/bin/../lib/gcc/arm-none-eabi/12.3.1/../../../../arm-none-eabi/lib/thumb/v7e-m+fp/hard\libc_nano.a(libc_a-fflush.o)
                0x08007ad4                __sflush_r
 .text._fflush_r
                0x08007bdc       0x50 C:/ST/STM32CubeIDE_1.16.1/STM32CubeIDE/plugins/com.st.stm32cube.ide.mcu.externaltools.gnu-tools-for-stm32.12.3.rel1.win32_1.0.200.202406191623/tools/bin/../lib/gcc/arm-none-eabi/12.3.1/../../../../arm-none-eabi/lib/thumb/v7e-m+fp/hard\libc_nano.a(libc_a-fflush.o)
                0x08007bdc                _fflush_r
 .text.__swhatbuf_r
                0x08007c2c       0x4c C:/ST/STM32CubeIDE_1.16.1/STM32CubeIDE/plugins/com.st.stm32cube.ide.mcu.externaltools.gnu-tools-for-stm32.12.3.rel1.win32_1.0.200.202406191623/tools/bin/../lib/gcc/arm-none-eabi/12.3.1/../../../../arm-none-eabi/lib/thumb/v7e-m+fp/hard\libc_nano.a(libc_a-makebuf.o)
                0x08007c2c                __swhatbuf_r
 .text.__smakebuf_r
                0x08007c78       0x78 C:/ST/STM32CubeIDE_1.16.1/STM32CubeIDE/plugins/com.st.stm32cube.ide.mcu.externaltools.gnu-tools-for-stm32.12.3.rel1.win32_1.0.200.202406191623/tools/bin/../lib/gcc/arm-none-eabi/12.3.1/../../../../arm-none-eabi/lib/thumb/v7e-m+fp/hard\libc_nano.a(libc_a-makebuf.o)
                0x08007c78                __smakebuf_r
 .text._fstat_r
                0x08007cf0       0x24 C:/ST/STM32CubeIDE_1.16.1/STM32CubeIDE/plugins/com.st.stm32cube.ide.mcu.externaltools.gnu-tools-for-stm32.12.3.rel1.win32_1.0.200.202406191623/tools/bin/../lib/gcc/arm-none-eabi/12.3.1/../../../../arm-none-eabi/lib/thumb/v7e-m+fp/hard\libc_nano.a(libc_a-fstatr.o)
                0x08007cf0                _fstat_r
 .text._isatty_r
                0x08007d14       0x20 C:/ST/STM32CubeIDE_1.16.1/STM32CubeIDE/plugins/com.st.stm32cube.ide.mcu.externaltools.gnu-tools-for-stm32.12.3.rel1.win32_1.0.200.202406191623/tools/bin/../lib/gcc/arm-none-eabi/12.3.1/../../../../arm-none-eabi/lib/thumb/v7e-m+fp/hard\libc_nano.a(libc_a-isattyr.o)
                0x08007d14                _isatty_r
 .text._sbrk_r  0x08007d34       0x20 C:/ST/STM32CubeIDE_1.16.1/STM32CubeIDE/plugins/com.st.stm32cube.ide.mcu.externaltools.gnu-tools-for-stm32.12.3.rel1.win32_1.0.200.202406191623/tools/bin/../lib/gcc/arm-none-eabi/12.3.1/../../../../arm-none-eabi/lib/thumb/v7e-m+fp/hard\libc_nano.a(libc_a-sbrkr.o)
                0x08007d34                _sbrk_r
 *(.glue_7)
 .glue_7        0x08007d54        0x0 linker stubs
 *(.glue_7t)
 .glue_7t       0x08007d54        0x0 linker stubs
 *(.eh_frame)
 .eh_frame      0x08007d54        0x0 C:/ST/STM32CubeIDE_1.16.1/STM32CubeIDE/plugins/com.st.stm32cube.ide.mcu.externaltools.gnu-tools-for-stm32.12.3.rel1.win32_1.0.200.202406191623/tools/bin/../lib/gcc/arm-none-eabi/12.3.1/thumb/v7e-m+fp/hard/crtbegin.o
 *(.init)
 .init          0x08007d54        0x4 C:/ST/STM32CubeIDE_1.16.1/STM32CubeIDE/plugins/com.st.stm32cube.ide.mcu.externaltools.gnu-tools-for-stm32.12.3.rel1.win32_1.0.200.202406191623/tools/bin/../lib/gcc/arm-none-eabi/12.3.1/thumb/v7e-m+fp/hard/crti.o
                0x08007d54                _init
 .init          0x08007d58        0x8 C:/ST/STM32CubeIDE_1.16.1/STM32CubeIDE/plugins/com.st.stm32cube.ide.mcu.externaltools.gnu-tools-for-stm32.12.3.rel1.win32_1.0.200.202406191623/tools/bin/../lib/gcc/arm-none-eabi/12.3.1/thumb/v7e-m+fp/hard/crtn.o
 *(.fini)
 .fini          0x08007d60        0x4 C:/ST/STM32CubeIDE_1.16.1/STM32CubeIDE/plugins/com.st.stm32cube.ide.mcu.externaltools.gnu-tools-for-stm32.12.3.rel1.win32_1.0.200.202406191623/tools/bin/../lib/gcc/arm-none-eabi/12.3.1/thumb/v7e-m+fp/hard/crti.o
                0x08007d60                _fini
 .fini          0x08007d64        0x8 C:/ST/STM32CubeIDE_1.16.1/STM32CubeIDE/plugins/com.st.stm32cube.ide.mcu.externaltools.gnu-tools-for-stm32.12.3.rel1.win32_1.0.200.202406191623/tools/bin/../lib/gcc/arm-none-eabi/12.3.1/thumb/v7e-m+fp/hard/crtn.o
                0x08007d6c                        . = ALIGN (0x4)
                0x08007d6c                        _etext = .

.vfp11_veneer   0x08007d6c        0x0
 .vfp11_veneer  0x08007d6c        0x0 linker stubs

.v4_bx          0x08007d6c        0x0
 .v4_bx         0x08007d6c        0x0 linker stubs

.iplt           0x08007d6c        0x0
 .iplt          0x08007d6c        0x0 C:/ST/STM32CubeIDE_1.16.1/STM32CubeIDE/plugins/com.st.stm32cube.ide.mcu.externaltools.gnu-tools-for-stm32.12.3.rel1.win32_1.0.200.202406191623/tools/bin/../lib/gcc/arm-none-eabi/12.3.1/thumb/v7e-m+fp/hard/crtbegin.o

.rodata         0x08007d6c      0x228
                0x08007d6c                        . = ALIGN (0x4)
 *(.rodata)
 .rodata        0x08007d6c      0x1d9 ./Core/Src/pcap.o
 *(.rodata*)
 *fill*         0x08007f45        0x3 
 .rodata.AHBPrescTable
                0x08007f48       0x10 ./Core/Src/system_stm32f4xx.o
                0x08007f48                AHBPrescTable
 .rodata.APBPrescTable
                0x08007f58        0x8 ./Core/Src/system_stm32f4xx.o
                0x08007f58                APBPrescTable
 .rodata._vfprintf_r.str1.1
                0x08007f60       0x11 C:/ST/STM32CubeIDE_1.16.1/STM32CubeIDE/plugins/com.st.stm32cube.ide.mcu.externaltools.gnu-tools-for-stm32.12.3.rel1.win32_1.0.200.202406191623/tools/bin/../lib/gcc/arm-none-eabi/12.3.1/../../../../arm-none-eabi/lib/thumb/v7e-m+fp/hard\libc_nano.a(libc_a-nano-vfprintf.o)
 .rodata._printf_i.str1.1
                0x08007f71       0x22 C:/ST/STM32CubeIDE_1.16.1/STM32CubeIDE/plugins/com.st.stm32cube.ide.mcu.externaltools.gnu-tools-for-stm32.12.3.rel1.win32_1.0.200.202406191623/tools/bin/../lib/gcc/arm-none-eabi/12.3.1/../../../../arm-none-eabi/lib/thumb/v7e-m+fp/hard\libc_nano.a(libc_a-nano-vfprintf_i.o)
                0x08007f94                        . = ALIGN (0x4)
 *fill*         0x08007f93        0x1 

.ARM.extab      0x08007f94        0x0
                0x08007f94                        . = ALIGN (0x4)
 *(.ARM.extab* .gnu.linkonce.armextab.*)
                0x08007f94                        . = ALIGN (0x4)

.ARM            0x08007f94        0x8
                0x08007f94                        . = ALIGN (0x4)
                0x08007f94                        __exidx_start = .
 *(.ARM.exidx*)
 .ARM.exidx     0x08007f94        0x8 C:/ST/STM32CubeIDE_1.16.1/STM32CubeIDE/plugins/com.st.stm32cube.ide.mcu.externaltools.gnu-tools-for-stm32.12.3.rel1.win32_1.0.200.202406191623/tools/bin/../lib/gcc/arm-none-eabi/12.3.1/../../../../arm-none-eabi/lib/thumb/v7e-m+fp/hard\libc_nano.a(libc_a-memchr.o)
 .ARM.exidx     0x08007f9c        0x0 C:/ST/STM32CubeIDE_1.16.1/STM32CubeIDE/plugins/com.st.stm32cube.ide.mcu.externaltools.gnu-tools-for-stm32.12.3.rel1.win32_1.0.200.202406191623/tools/bin/../lib/gcc/arm-none-eabi/12.3.1/thumb/v7e-m+fp/hard\libgcc.a(_udivmoddi4.o)
                                  0x8 (size before relaxing)
                0x08007f9c                        __exidx_end = .
                0x08007f9c                        . = ALIGN (0x4)

.preinit_array  0x08007f9c        0x0
                0x08007f9c                        . = ALIGN (0x4)
                0x08007f9c                        PROVIDE (__preinit_array_start = .)
 *(.preinit_array*)
                0x08007f9c                        PROVIDE (__preinit_array_end = .)
                0x08007f9c                        . = ALIGN (0x4)

.init_array     0x08007f9c        0x4
                0x08007f9c                        . = ALIGN (0x4)
                0x08007f9c                        PROVIDE (__init_array_start = .)
 *(SORT_BY_NAME(.init_array.*))
 *(.init_array*)
 .init_array    0x08007f9c        0x4 C:/ST/STM32CubeIDE_1.16.1/STM32CubeIDE/plugins/com.st.stm32cube.ide.mcu.externaltools.gnu-tools-for-stm32.12.3.rel1.win32_1.0.200.202406191623/tools/bin/../lib/gcc/arm-none-eabi/12.3.1/thumb/v7e-m+fp/hard/crtbegin.o
                0x08007fa0                        PROVIDE (__init_array_end = .)
                0x08007fa0                        . = ALIGN (0x4)

.fini_array     0x08007fa0        0x4
                0x08007fa0                        . = ALIGN (0x4)
                [!provide]                        PROVIDE (__fini_array_start = .)
 *(SORT_BY_NAME(.fini_array.*))
 *(.fini_array*)
 .fini_array    0x08007fa0        0x4 C:/ST/STM32CubeIDE_1.16.1/STM32CubeIDE/plugins/com.st.stm32cube.ide.mcu.externaltools.gnu-tools-for-stm32.12.3.rel1.win32_1.0.200.202406191623/tools/bin/../lib/gcc/arm-none-eabi/12.3.1/thumb/v7e-m+fp/hard/crtbegin.o
                [!provide]                        PROVIDE (__fini_array_end = .)
                0x08007fa4                        . = ALIGN (0x4)
                0x08007fa4                        _sidata = LOADADDR (.data)

.rel.dyn        0x08007fa4        0x0
 .rel.iplt      0x08007fa4        0x0 C:/ST/STM32CubeIDE_1.16.1/STM32CubeIDE/plugins/com.st.stm32cube.ide.mcu.externaltools.gnu-tools-for-stm32.12.3.rel1.win32_1.0.200.202406191623/tools/bin/../lib/gcc/arm-none-eabi/12.3.1/thumb/v7e-m+fp/hard/crtbegin.o

.data           0x20000000       0x68 load address 0x08007fa4
                0x20000000                        . = ALIGN (0x4)
                0x20000000                        _sdata = .
 *(.data)
 *(.data*)
 .data.SystemCoreClock
                0x20000000        0x4 ./Core/Src/system_stm32f4xx.o
                0x20000000                SystemCoreClock
 .data.uwTickPrio
                0x20000004        0x4 ./Drivers/STM32F4xx_HAL_Driver/Src/stm32f4xx_hal.o
                0x20000004                uwTickPrio
 .data.uwTickFreq
                0x20000008        0x1 ./Drivers/STM32F4xx_HAL_Driver/Src/stm32f4xx_hal.o
                0x20000008                uwTickFreq
 *fill*         0x20000009        0x3 
 .data.__sglue  0x2000000c        0xc C:/ST/STM32CubeIDE_1.16.1/STM32CubeIDE/plugins/com.st.stm32cube.ide.mcu.externaltools.gnu-tools-for-stm32.12.3.rel1.win32_1.0.200.202406191623/tools/bin/../lib/gcc/arm-none-eabi/12.3.1/../../../../arm-none-eabi/lib/thumb/v7e-m+fp/hard\libc_nano.a(libc_a-findfp.o)
                0x2000000c                __sglue
 .data._impure_ptr
                0x20000018        0x4 C:/ST/STM32CubeIDE_1.16.1/STM32CubeIDE/plugins/com.st.stm32cube.ide.mcu.externaltools.gnu-tools-for-stm32.12.3.rel1.win32_1.0.200.202406191623/tools/bin/../lib/gcc/arm-none-eabi/12.3.1/../../../../arm-none-eabi/lib/thumb/v7e-m+fp/hard\libc_nano.a(libc_a-impure.o)
                0x20000018                _impure_ptr
 .data._impure_data
                0x2000001c       0x4c C:/ST/STM32CubeIDE_1.16.1/STM32CubeIDE/plugins/com.st.stm32cube.ide.mcu.externaltools.gnu-tools-for-stm32.12.3.rel1.win32_1.0.200.202406191623/tools/bin/../lib/gcc/arm-none-eabi/12.3.1/../../../../arm-none-eabi/lib/thumb/v7e-m+fp/hard\libc_nano.a(libc_a-impure.o)
                0x2000001c                _impure_data
 *(.RamFunc)
 *(.RamFunc*)
                0x20000068                        . = ALIGN (0x4)
                0x20000068                        _edata = .

.igot.plt       0x20000068        0x0 load address 0x0800800c
 .igot.plt      0x20000068        0x0 C:/ST/STM32CubeIDE_1.16.1/STM32CubeIDE/plugins/com.st.stm32cube.ide.mcu.externaltools.gnu-tools-for-stm32.12.3.rel1.win32_1.0.200.202406191623/tools/bin/../lib/gcc/arm-none-eabi/12.3.1/thumb/v7e-m+fp/hard/crtbegin.o
                0x20000068                        . = ALIGN (0x4)

.bss            0x20000068      0x4a0 load address 0x0800800c
                0x20000068                        _sbss = .
                0x20000068                        __bss_start__ = _sbss
 *(.bss)
 .bss           0x20000068       0x1c C:/ST/STM32CubeIDE_1.16.1/STM32CubeIDE/plugins/com.st.stm32cube.ide.mcu.externaltools.gnu-tools-for-stm32.12.3.rel1.win32_1.0.200.202406191623/tools/bin/../lib/gcc/arm-none-eabi/12.3.1/thumb/v7e-m+fp/hard/crtbegin.o
 *(.bss*)
 .bss.Etc_Buffer_Out
                0x20000084       0x20 ./Core/Src/lan9252.o
                0x20000084                Etc_Buffer_Out
 .bss.Etc_Buffer_In
                0x200000a4       0x20 ./Core/Src/lan9252.o
                0x200000a4                Etc_Buffer_In
 .bss.hi2c1     0x200000c4       0x54 ./Core/Src/main.o
                0x200000c4                hi2c1
 .bss.hi2c2     0x20000118       0x54 ./Core/Src/main.o
                0x20000118                hi2c2
 .bss.hspi1     0x2000016c       0x58 ./Core/Src/main.o
                0x2000016c                hspi1
 .bss.hspi2     0x200001c4       0x58 ./Core/Src/main.o
                0x200001c4                hspi2
 .bss.hspi5     0x2000021c       0x58 ./Core/Src/main.o
                0x2000021c                hspi5
 .bss.htim4     0x20000274       0x48 ./Core/Src/main.o
                0x20000274                htim4
 .bss.pcap_init_ok
                0x200002bc        0x1 ./Core/Src/main.o
                0x200002bc                pcap_init_ok
 .bss.etc_init_ok
                0x200002bd        0x1 ./Core/Src/main.o
                0x200002bd                etc_init_ok
 .bss.Adxl345_init_ok
                0x200002be        0x1 ./Core/Src/main.o
                0x200002be                Adxl345_init_ok
 *fill*         0x200002bf        0x1 
 .bss.tmc4671_controller
                0x200002c0       0x5c ./Core/Src/main.o
                0x200002c0                tmc4671_controller
 .bss.set_command_flag
                0x2000031c        0x1 ./Core/Src/main.o
                0x2000031c                set_command_flag
 .bss.get_command_flag
                0x2000031d        0x1 ./Core/Src/main.o
                0x2000031d                get_command_flag
 .bss.continuous_tx_flag
                0x2000031e        0x1 ./Core/Src/main.o
                0x2000031e                continuous_tx_flag
 .bss.accelerometer_flag
                0x2000031f        0x1 ./Core/Src/main.o
                0x2000031f                accelerometer_flag
 .bss.command_processed
                0x20000320        0x1 ./Core/Src/main.o
                0x20000320                command_processed
 *fill*         0x20000321        0x1 
 .bss.etc_old_command
                0x20000322        0x2 ./Core/Src/main.o
                0x20000322                etc_old_command
 .bss.etc_old_data
                0x20000324        0x4 ./Core/Src/main.o
                0x20000324                etc_old_data
 .bss.etc_new_command
                0x20000328        0x2 ./Core/Src/main.o
                0x20000328                etc_new_command
 *fill*         0x2000032a        0x2 
 .bss.etc_new_data
                0x2000032c        0x4 ./Core/Src/main.o
                0x2000032c                etc_new_data
 .bss.etc_digital_output
                0x20000330        0x4 ./Core/Src/main.o
                0x20000330                etc_digital_output
 .bss.etc_analog_output_0_1
                0x20000334        0x4 ./Core/Src/main.o
                0x20000334                etc_analog_output_0_1
 .bss.etc_analog_output_2_3
                0x20000338        0x4 ./Core/Src/main.o
                0x20000338                etc_analog_output_2_3
 .bss.etc_analog_output_0
                0x2000033c        0x2 ./Core/Src/main.o
                0x2000033c                etc_analog_output_0
 .bss.etc_analog_output_1
                0x2000033e        0x2 ./Core/Src/main.o
                0x2000033e                etc_analog_output_1
 .bss.etc_analog_output_2
                0x20000340        0x2 ./Core/Src/main.o
                0x20000340                etc_analog_output_2
 .bss.etc_analog_output_3
                0x20000342        0x2 ./Core/Src/main.o
                0x20000342                etc_analog_output_3
 .bss.TxData    0x20000344        0x4 ./Core/Src/main.o
                0x20000344                TxData
 .bss.TxStatus  0x20000348        0x2 ./Core/Src/main.o
                0x20000348                TxStatus
 .bss.Pcap_status
                0x2000034a        0x1 ./Core/Src/main.o
                0x2000034a                Pcap_status
 .bss.set_Execution_count
                0x2000034b        0x1 ./Core/Src/main.o
                0x2000034b                set_Execution_count
 .bss.get_Execution_count
                0x2000034c        0x1 ./Core/Src/main.o
                0x2000034c                get_Execution_count
 .bss.set_sent_count
                0x2000034d        0x1 ./Core/Src/main.o
                0x2000034d                set_sent_count
 .bss.get_sent_count
                0x2000034e        0x1 ./Core/Src/main.o
                0x2000034e                get_sent_count
 .bss.adxl_sent_count
                0x2000034f        0x1 ./Core/Src/main.o
                0x2000034f                adxl_sent_count
 .bss.mAvg      0x20000350       0x50 ./Core/Src/pcap.o
                0x20000350                mAvg
 .bss.pcap_capval
                0x200003a0        0x4 ./Core/Src/pcap.o
                0x200003a0                pcap_capval
 .bss.pcap_tempval
                0x200003a4        0x4 ./Core/Src/pcap.o
                0x200003a4                pcap_tempval
 .bss.pcap_capval_check1
                0x200003a8        0x4 ./Core/Src/pcap.o
                0x200003a8                pcap_capval_check1
 .bss.pcap_capval_check2
                0x200003ac        0x4 ./Core/Src/pcap.o
                0x200003ac                pcap_capval_check2
 .bss.pcap_capval_avg
                0x200003b0        0x4 ./Core/Src/pcap.o
                0x200003b0                pcap_capval_avg
 .bss.__sbrk_heap_end
                0x200003b4        0x4 ./Core/Src/sysmem.o
 .bss.uwTick    0x200003b8        0x4 ./Drivers/STM32F4xx_HAL_Driver/Src/stm32f4xx_hal.o
                0x200003b8                uwTick
 .bss.__sf      0x200003bc      0x138 C:/ST/STM32CubeIDE_1.16.1/STM32CubeIDE/plugins/com.st.stm32cube.ide.mcu.externaltools.gnu-tools-for-stm32.12.3.rel1.win32_1.0.200.202406191623/tools/bin/../lib/gcc/arm-none-eabi/12.3.1/../../../../arm-none-eabi/lib/thumb/v7e-m+fp/hard\libc_nano.a(libc_a-findfp.o)
                0x200003bc                __sf
 .bss.__stdio_exit_handler
                0x200004f4        0x4 C:/ST/STM32CubeIDE_1.16.1/STM32CubeIDE/plugins/com.st.stm32cube.ide.mcu.externaltools.gnu-tools-for-stm32.12.3.rel1.win32_1.0.200.202406191623/tools/bin/../lib/gcc/arm-none-eabi/12.3.1/../../../../arm-none-eabi/lib/thumb/v7e-m+fp/hard\libc_nano.a(libc_a-findfp.o)
                0x200004f4                __stdio_exit_handler
 .bss.errno     0x200004f8        0x4 C:/ST/STM32CubeIDE_1.16.1/STM32CubeIDE/plugins/com.st.stm32cube.ide.mcu.externaltools.gnu-tools-for-stm32.12.3.rel1.win32_1.0.200.202406191623/tools/bin/../lib/gcc/arm-none-eabi/12.3.1/../../../../arm-none-eabi/lib/thumb/v7e-m+fp/hard\libc_nano.a(libc_a-reent.o)
                0x200004f8                errno
 .bss.__lock___malloc_recursive_mutex
                0x200004fc        0x1 C:/ST/STM32CubeIDE_1.16.1/STM32CubeIDE/plugins/com.st.stm32cube.ide.mcu.externaltools.gnu-tools-for-stm32.12.3.rel1.win32_1.0.200.202406191623/tools/bin/../lib/gcc/arm-none-eabi/12.3.1/../../../../arm-none-eabi/lib/thumb/v7e-m+fp/hard\libc_nano.a(libc_a-lock.o)
                0x200004fc                __lock___malloc_recursive_mutex
 .bss.__lock___sfp_recursive_mutex
                0x200004fd        0x1 C:/ST/STM32CubeIDE_1.16.1/STM32CubeIDE/plugins/com.st.stm32cube.ide.mcu.externaltools.gnu-tools-for-stm32.12.3.rel1.win32_1.0.200.202406191623/tools/bin/../lib/gcc/arm-none-eabi/12.3.1/../../../../arm-none-eabi/lib/thumb/v7e-m+fp/hard\libc_nano.a(libc_a-lock.o)
                0x200004fd                __lock___sfp_recursive_mutex
 *fill*         0x200004fe        0x2 
 .bss.__malloc_sbrk_start
                0x20000500        0x4 C:/ST/STM32CubeIDE_1.16.1/STM32CubeIDE/plugins/com.st.stm32cube.ide.mcu.externaltools.gnu-tools-for-stm32.12.3.rel1.win32_1.0.200.202406191623/tools/bin/../lib/gcc/arm-none-eabi/12.3.1/../../../../arm-none-eabi/lib/thumb/v7e-m+fp/hard\libc_nano.a(libc_a-mallocr.o)
                0x20000500                __malloc_sbrk_start
 .bss.__malloc_free_list
                0x20000504        0x4 C:/ST/STM32CubeIDE_1.16.1/STM32CubeIDE/plugins/com.st.stm32cube.ide.mcu.externaltools.gnu-tools-for-stm32.12.3.rel1.win32_1.0.200.202406191623/tools/bin/../lib/gcc/arm-none-eabi/12.3.1/../../../../arm-none-eabi/lib/thumb/v7e-m+fp/hard\libc_nano.a(libc_a-mallocr.o)
                0x20000504                __malloc_free_list
 *(COMMON)
                0x20000508                        . = ALIGN (0x4)
                0x20000508                        _ebss = .
                0x20000508                        __bss_end__ = _ebss

._user_heap_stack
                0x20000508      0x600 load address 0x0800800c
                0x20000508                        . = ALIGN (0x8)
                [!provide]                        PROVIDE (end = .)
                0x20000508                        PROVIDE (_end = .)
                0x20000708                        . = (. + _Min_Heap_Size)
 *fill*         0x20000508      0x200 
                0x20000b08                        . = (. + _Min_Stack_Size)
 *fill*         0x20000708      0x400 
                0x20000b08                        . = ALIGN (0x8)

/DISCARD/
 libc.a(*)
 libm.a(*)
 libgcc.a(*)

.ARM.attributes
                0x00000000       0x30
 *(.ARM.attributes)
 .ARM.attributes
                0x00000000       0x22 C:/ST/STM32CubeIDE_1.16.1/STM32CubeIDE/plugins/com.st.stm32cube.ide.mcu.externaltools.gnu-tools-for-stm32.12.3.rel1.win32_1.0.200.202406191623/tools/bin/../lib/gcc/arm-none-eabi/12.3.1/thumb/v7e-m+fp/hard/crti.o
 .ARM.attributes
                0x00000022       0x34 C:/ST/STM32CubeIDE_1.16.1/STM32CubeIDE/plugins/com.st.stm32cube.ide.mcu.externaltools.gnu-tools-for-stm32.12.3.rel1.win32_1.0.200.202406191623/tools/bin/../lib/gcc/arm-none-eabi/12.3.1/thumb/v7e-m+fp/hard/crtbegin.o
 .ARM.attributes
                0x00000056       0x34 ./Core/Src/Adxl345.o
 .ARM.attributes
                0x0000008a       0x34 ./Core/Src/br24l64f.o
 .ARM.attributes
                0x000000be       0x34 ./Core/Src/lan9252.o
 .ARM.attributes
                0x000000f2       0x34 ./Core/Src/main.o
 .ARM.attributes
                0x00000126       0x34 ./Core/Src/moving_average.o
 .ARM.attributes
                0x0000015a       0x34 ./Core/Src/pcap.o
 .ARM.attributes
                0x0000018e       0x34 ./Core/Src/stm32f4xx_hal_msp.o
 .ARM.attributes
                0x000001c2       0x34 ./Core/Src/stm32f4xx_it.o
 .ARM.attributes
                0x000001f6       0x34 ./Core/Src/syscalls.o
 .ARM.attributes
                0x0000022a       0x34 ./Core/Src/sysmem.o
 .ARM.attributes
                0x0000025e       0x34 ./Core/Src/system_stm32f4xx.o
 .ARM.attributes
                0x00000292       0x34 ./Core/Src/tmc4671.o
 .ARM.attributes
                0x000002c6       0x21 ./Core/Startup/startup_stm32f411ceux.o
 .ARM.attributes
                0x000002e7       0x34 ./Drivers/STM32F4xx_HAL_Driver/Src/stm32f4xx_hal.o
 .ARM.attributes
                0x0000031b       0x34 ./Drivers/STM32F4xx_HAL_Driver/Src/stm32f4xx_hal_cortex.o
 .ARM.attributes
                0x0000034f       0x34 ./Drivers/STM32F4xx_HAL_Driver/Src/stm32f4xx_hal_gpio.o
 .ARM.attributes
                0x00000383       0x34 ./Drivers/STM32F4xx_HAL_Driver/Src/stm32f4xx_hal_i2c.o
 .ARM.attributes
                0x000003b7       0x34 ./Drivers/STM32F4xx_HAL_Driver/Src/stm32f4xx_hal_rcc.o
 .ARM.attributes
                0x000003eb       0x34 ./Drivers/STM32F4xx_HAL_Driver/Src/stm32f4xx_hal_spi.o
 .ARM.attributes
                0x0000041f       0x34 ./Drivers/STM32F4xx_HAL_Driver/Src/stm32f4xx_hal_tim.o
 .ARM.attributes
                0x00000453       0x34 ./Drivers/STM32F4xx_HAL_Driver/Src/stm32f4xx_hal_tim_ex.o
 .ARM.attributes
                0x00000487       0x34 C:/ST/STM32CubeIDE_1.16.1/STM32CubeIDE/plugins/com.st.stm32cube.ide.mcu.externaltools.gnu-tools-for-stm32.12.3.rel1.win32_1.0.200.202406191623/tools/bin/../lib/gcc/arm-none-eabi/12.3.1/../../../../arm-none-eabi/lib/thumb/v7e-m+fp/hard\libc_nano.a(libc_a-findfp.o)
 .ARM.attributes
                0x000004bb       0x34 C:/ST/STM32CubeIDE_1.16.1/STM32CubeIDE/plugins/com.st.stm32cube.ide.mcu.externaltools.gnu-tools-for-stm32.12.3.rel1.win32_1.0.200.202406191623/tools/bin/../lib/gcc/arm-none-eabi/12.3.1/../../../../arm-none-eabi/lib/thumb/v7e-m+fp/hard\libc_nano.a(libc_a-fwalk.o)
 .ARM.attributes
                0x000004ef       0x34 C:/ST/STM32CubeIDE_1.16.1/STM32CubeIDE/plugins/com.st.stm32cube.ide.mcu.externaltools.gnu-tools-for-stm32.12.3.rel1.win32_1.0.200.202406191623/tools/bin/../lib/gcc/arm-none-eabi/12.3.1/../../../../arm-none-eabi/lib/thumb/v7e-m+fp/hard\libc_nano.a(libc_a-printf.o)
 .ARM.attributes
                0x00000523       0x34 C:/ST/STM32CubeIDE_1.16.1/STM32CubeIDE/plugins/com.st.stm32cube.ide.mcu.externaltools.gnu-tools-for-stm32.12.3.rel1.win32_1.0.200.202406191623/tools/bin/../lib/gcc/arm-none-eabi/12.3.1/../../../../arm-none-eabi/lib/thumb/v7e-m+fp/hard\libc_nano.a(libc_a-puts.o)
 .ARM.attributes
                0x00000557       0x34 C:/ST/STM32CubeIDE_1.16.1/STM32CubeIDE/plugins/com.st.stm32cube.ide.mcu.externaltools.gnu-tools-for-stm32.12.3.rel1.win32_1.0.200.202406191623/tools/bin/../lib/gcc/arm-none-eabi/12.3.1/../../../../arm-none-eabi/lib/thumb/v7e-m+fp/hard\libc_nano.a(libc_a-stdio.o)
 .ARM.attributes
                0x0000058b       0x34 C:/ST/STM32CubeIDE_1.16.1/STM32CubeIDE/plugins/com.st.stm32cube.ide.mcu.externaltools.gnu-tools-for-stm32.12.3.rel1.win32_1.0.200.202406191623/tools/bin/../lib/gcc/arm-none-eabi/12.3.1/../../../../arm-none-eabi/lib/thumb/v7e-m+fp/hard\libc_nano.a(libc_a-wbuf.o)
 .ARM.attributes
                0x000005bf       0x34 C:/ST/STM32CubeIDE_1.16.1/STM32CubeIDE/plugins/com.st.stm32cube.ide.mcu.externaltools.gnu-tools-for-stm32.12.3.rel1.win32_1.0.200.202406191623/tools/bin/../lib/gcc/arm-none-eabi/12.3.1/../../../../arm-none-eabi/lib/thumb/v7e-m+fp/hard\libc_nano.a(libc_a-wsetup.o)
 .ARM.attributes
                0x000005f3       0x34 C:/ST/STM32CubeIDE_1.16.1/STM32CubeIDE/plugins/com.st.stm32cube.ide.mcu.externaltools.gnu-tools-for-stm32.12.3.rel1.win32_1.0.200.202406191623/tools/bin/../lib/gcc/arm-none-eabi/12.3.1/../../../../arm-none-eabi/lib/thumb/v7e-m+fp/hard\libc_nano.a(libc_a-memset.o)
 .ARM.attributes
                0x00000627       0x34 C:/ST/STM32CubeIDE_1.16.1/STM32CubeIDE/plugins/com.st.stm32cube.ide.mcu.externaltools.gnu-tools-for-stm32.12.3.rel1.win32_1.0.200.202406191623/tools/bin/../lib/gcc/arm-none-eabi/12.3.1/../../../../arm-none-eabi/lib/thumb/v7e-m+fp/hard\libc_nano.a(libc_a-closer.o)
 .ARM.attributes
                0x0000065b       0x34 C:/ST/STM32CubeIDE_1.16.1/STM32CubeIDE/plugins/com.st.stm32cube.ide.mcu.externaltools.gnu-tools-for-stm32.12.3.rel1.win32_1.0.200.202406191623/tools/bin/../lib/gcc/arm-none-eabi/12.3.1/../../../../arm-none-eabi/lib/thumb/v7e-m+fp/hard\libc_nano.a(libc_a-reent.o)
 .ARM.attributes
                0x0000068f       0x34 C:/ST/STM32CubeIDE_1.16.1/STM32CubeIDE/plugins/com.st.stm32cube.ide.mcu.externaltools.gnu-tools-for-stm32.12.3.rel1.win32_1.0.200.202406191623/tools/bin/../lib/gcc/arm-none-eabi/12.3.1/../../../../arm-none-eabi/lib/thumb/v7e-m+fp/hard\libc_nano.a(libc_a-impure.o)
 .ARM.attributes
                0x000006c3       0x34 C:/ST/STM32CubeIDE_1.16.1/STM32CubeIDE/plugins/com.st.stm32cube.ide.mcu.externaltools.gnu-tools-for-stm32.12.3.rel1.win32_1.0.200.202406191623/tools/bin/../lib/gcc/arm-none-eabi/12.3.1/../../../../arm-none-eabi/lib/thumb/v7e-m+fp/hard\libc_nano.a(libc_a-lseekr.o)
 .ARM.attributes
                0x000006f7       0x34 C:/ST/STM32CubeIDE_1.16.1/STM32CubeIDE/plugins/com.st.stm32cube.ide.mcu.externaltools.gnu-tools-for-stm32.12.3.rel1.win32_1.0.200.202406191623/tools/bin/../lib/gcc/arm-none-eabi/12.3.1/../../../../arm-none-eabi/lib/thumb/v7e-m+fp/hard\libc_nano.a(libc_a-readr.o)
 .ARM.attributes
                0x0000072b       0x34 C:/ST/STM32CubeIDE_1.16.1/STM32CubeIDE/plugins/com.st.stm32cube.ide.mcu.externaltools.gnu-tools-for-stm32.12.3.rel1.win32_1.0.200.202406191623/tools/bin/../lib/gcc/arm-none-eabi/12.3.1/../../../../arm-none-eabi/lib/thumb/v7e-m+fp/hard\libc_nano.a(libc_a-writer.o)
 .ARM.attributes
                0x0000075f       0x34 C:/ST/STM32CubeIDE_1.16.1/STM32CubeIDE/plugins/com.st.stm32cube.ide.mcu.externaltools.gnu-tools-for-stm32.12.3.rel1.win32_1.0.200.202406191623/tools/bin/../lib/gcc/arm-none-eabi/12.3.1/../../../../arm-none-eabi/lib/thumb/v7e-m+fp/hard\libc_nano.a(libc_a-errno.o)
 .ARM.attributes
                0x00000793       0x34 C:/ST/STM32CubeIDE_1.16.1/STM32CubeIDE/plugins/com.st.stm32cube.ide.mcu.externaltools.gnu-tools-for-stm32.12.3.rel1.win32_1.0.200.202406191623/tools/bin/../lib/gcc/arm-none-eabi/12.3.1/../../../../arm-none-eabi/lib/thumb/v7e-m+fp/hard\libc_nano.a(libc_a-init.o)
 .ARM.attributes
                0x000007c7       0x34 C:/ST/STM32CubeIDE_1.16.1/STM32CubeIDE/plugins/com.st.stm32cube.ide.mcu.externaltools.gnu-tools-for-stm32.12.3.rel1.win32_1.0.200.202406191623/tools/bin/../lib/gcc/arm-none-eabi/12.3.1/../../../../arm-none-eabi/lib/thumb/v7e-m+fp/hard\libc_nano.a(libc_a-lock.o)
 .ARM.attributes
                0x000007fb       0x34 C:/ST/STM32CubeIDE_1.16.1/STM32CubeIDE/plugins/com.st.stm32cube.ide.mcu.externaltools.gnu-tools-for-stm32.12.3.rel1.win32_1.0.200.202406191623/tools/bin/../lib/gcc/arm-none-eabi/12.3.1/../../../../arm-none-eabi/lib/thumb/v7e-m+fp/hard\libc_nano.a(libc_a-freer.o)
 .ARM.attributes
                0x0000082f       0x34 C:/ST/STM32CubeIDE_1.16.1/STM32CubeIDE/plugins/com.st.stm32cube.ide.mcu.externaltools.gnu-tools-for-stm32.12.3.rel1.win32_1.0.200.202406191623/tools/bin/../lib/gcc/arm-none-eabi/12.3.1/../../../../arm-none-eabi/lib/thumb/v7e-m+fp/hard\libc_nano.a(libc_a-mallocr.o)
 .ARM.attributes
                0x00000863       0x34 C:/ST/STM32CubeIDE_1.16.1/STM32CubeIDE/plugins/com.st.stm32cube.ide.mcu.externaltools.gnu-tools-for-stm32.12.3.rel1.win32_1.0.200.202406191623/tools/bin/../lib/gcc/arm-none-eabi/12.3.1/../../../../arm-none-eabi/lib/thumb/v7e-m+fp/hard\libc_nano.a(libc_a-mlock.o)
 .ARM.attributes
                0x00000897       0x34 C:/ST/STM32CubeIDE_1.16.1/STM32CubeIDE/plugins/com.st.stm32cube.ide.mcu.externaltools.gnu-tools-for-stm32.12.3.rel1.win32_1.0.200.202406191623/tools/bin/../lib/gcc/arm-none-eabi/12.3.1/../../../../arm-none-eabi/lib/thumb/v7e-m+fp/hard\libc_nano.a(libc_a-nano-vfprintf.o)
 .ARM.attributes
                0x000008cb       0x34 C:/ST/STM32CubeIDE_1.16.1/STM32CubeIDE/plugins/com.st.stm32cube.ide.mcu.externaltools.gnu-tools-for-stm32.12.3.rel1.win32_1.0.200.202406191623/tools/bin/../lib/gcc/arm-none-eabi/12.3.1/../../../../arm-none-eabi/lib/thumb/v7e-m+fp/hard\libc_nano.a(libc_a-nano-vfprintf_i.o)
 .ARM.attributes
                0x000008ff       0x34 C:/ST/STM32CubeIDE_1.16.1/STM32CubeIDE/plugins/com.st.stm32cube.ide.mcu.externaltools.gnu-tools-for-stm32.12.3.rel1.win32_1.0.200.202406191623/tools/bin/../lib/gcc/arm-none-eabi/12.3.1/../../../../arm-none-eabi/lib/thumb/v7e-m+fp/hard\libc_nano.a(libc_a-fflush.o)
 .ARM.attributes
                0x00000933       0x34 C:/ST/STM32CubeIDE_1.16.1/STM32CubeIDE/plugins/com.st.stm32cube.ide.mcu.externaltools.gnu-tools-for-stm32.12.3.rel1.win32_1.0.200.202406191623/tools/bin/../lib/gcc/arm-none-eabi/12.3.1/../../../../arm-none-eabi/lib/thumb/v7e-m+fp/hard\libc_nano.a(libc_a-makebuf.o)
 .ARM.attributes
                0x00000967       0x34 C:/ST/STM32CubeIDE_1.16.1/STM32CubeIDE/plugins/com.st.stm32cube.ide.mcu.externaltools.gnu-tools-for-stm32.12.3.rel1.win32_1.0.200.202406191623/tools/bin/../lib/gcc/arm-none-eabi/12.3.1/../../../../arm-none-eabi/lib/thumb/v7e-m+fp/hard\libc_nano.a(libc_a-fstatr.o)
 .ARM.attributes
                0x0000099b       0x34 C:/ST/STM32CubeIDE_1.16.1/STM32CubeIDE/plugins/com.st.stm32cube.ide.mcu.externaltools.gnu-tools-for-stm32.12.3.rel1.win32_1.0.200.202406191623/tools/bin/../lib/gcc/arm-none-eabi/12.3.1/../../../../arm-none-eabi/lib/thumb/v7e-m+fp/hard\libc_nano.a(libc_a-isattyr.o)
 .ARM.attributes
                0x000009cf       0x34 C:/ST/STM32CubeIDE_1.16.1/STM32CubeIDE/plugins/com.st.stm32cube.ide.mcu.externaltools.gnu-tools-for-stm32.12.3.rel1.win32_1.0.200.202406191623/tools/bin/../lib/gcc/arm-none-eabi/12.3.1/../../../../arm-none-eabi/lib/thumb/v7e-m+fp/hard\libc_nano.a(libc_a-sbrkr.o)
 .ARM.attributes
                0x00000a03       0x1c C:/ST/STM32CubeIDE_1.16.1/STM32CubeIDE/plugins/com.st.stm32cube.ide.mcu.externaltools.gnu-tools-for-stm32.12.3.rel1.win32_1.0.200.202406191623/tools/bin/../lib/gcc/arm-none-eabi/12.3.1/../../../../arm-none-eabi/lib/thumb/v7e-m+fp/hard\libc_nano.a(libc_a-memchr.o)
 .ARM.attributes
                0x00000a1f       0x22 C:/ST/STM32CubeIDE_1.16.1/STM32CubeIDE/plugins/com.st.stm32cube.ide.mcu.externaltools.gnu-tools-for-stm32.12.3.rel1.win32_1.0.200.202406191623/tools/bin/../lib/gcc/arm-none-eabi/12.3.1/thumb/v7e-m+fp/hard\libgcc.a(_arm_addsubdf3.o)
 .ARM.attributes
                0x00000a41       0x22 C:/ST/STM32CubeIDE_1.16.1/STM32CubeIDE/plugins/com.st.stm32cube.ide.mcu.externaltools.gnu-tools-for-stm32.12.3.rel1.win32_1.0.200.202406191623/tools/bin/../lib/gcc/arm-none-eabi/12.3.1/thumb/v7e-m+fp/hard\libgcc.a(_arm_muldivdf3.o)
 .ARM.attributes
                0x00000a63       0x22 C:/ST/STM32CubeIDE_1.16.1/STM32CubeIDE/plugins/com.st.stm32cube.ide.mcu.externaltools.gnu-tools-for-stm32.12.3.rel1.win32_1.0.200.202406191623/tools/bin/../lib/gcc/arm-none-eabi/12.3.1/thumb/v7e-m+fp/hard\libgcc.a(_arm_fixdfsi.o)
 .ARM.attributes
                0x00000a85       0x22 C:/ST/STM32CubeIDE_1.16.1/STM32CubeIDE/plugins/com.st.stm32cube.ide.mcu.externaltools.gnu-tools-for-stm32.12.3.rel1.win32_1.0.200.202406191623/tools/bin/../lib/gcc/arm-none-eabi/12.3.1/thumb/v7e-m+fp/hard\libgcc.a(_arm_fixunsdfsi.o)
 .ARM.attributes
                0x00000aa7       0x22 C:/ST/STM32CubeIDE_1.16.1/STM32CubeIDE/plugins/com.st.stm32cube.ide.mcu.externaltools.gnu-tools-for-stm32.12.3.rel1.win32_1.0.200.202406191623/tools/bin/../lib/gcc/arm-none-eabi/12.3.1/thumb/v7e-m+fp/hard\libgcc.a(_aeabi_uldivmod.o)
 .ARM.attributes
                0x00000ac9       0x34 C:/ST/STM32CubeIDE_1.16.1/STM32CubeIDE/plugins/com.st.stm32cube.ide.mcu.externaltools.gnu-tools-for-stm32.12.3.rel1.win32_1.0.200.202406191623/tools/bin/../lib/gcc/arm-none-eabi/12.3.1/thumb/v7e-m+fp/hard\libgcc.a(_udivmoddi4.o)
 .ARM.attributes
                0x00000afd       0x22 C:/ST/STM32CubeIDE_1.16.1/STM32CubeIDE/plugins/com.st.stm32cube.ide.mcu.externaltools.gnu-tools-for-stm32.12.3.rel1.win32_1.0.200.202406191623/tools/bin/../lib/gcc/arm-none-eabi/12.3.1/thumb/v7e-m+fp/hard\libgcc.a(_dvmd_tls.o)
 .ARM.attributes
                0x00000b1f       0x22 C:/ST/STM32CubeIDE_1.16.1/STM32CubeIDE/plugins/com.st.stm32cube.ide.mcu.externaltools.gnu-tools-for-stm32.12.3.rel1.win32_1.0.200.202406191623/tools/bin/../lib/gcc/arm-none-eabi/12.3.1/thumb/v7e-m+fp/hard/crtn.o
OUTPUT(test-0.elf elf32-littlearm)
LOAD linker stubs
LOAD C:/ST/STM32CubeIDE_1.16.1/STM32CubeIDE/plugins/com.st.stm32cube.ide.mcu.externaltools.gnu-tools-for-stm32.12.3.rel1.win32_1.0.200.202406191623/tools/bin/../lib/gcc/arm-none-eabi/12.3.1/../../../../arm-none-eabi/lib/thumb/v7e-m+fp/hard\libc.a
LOAD C:/ST/STM32CubeIDE_1.16.1/STM32CubeIDE/plugins/com.st.stm32cube.ide.mcu.externaltools.gnu-tools-for-stm32.12.3.rel1.win32_1.0.200.202406191623/tools/bin/../lib/gcc/arm-none-eabi/12.3.1/../../../../arm-none-eabi/lib/thumb/v7e-m+fp/hard\libm.a
LOAD C:/ST/STM32CubeIDE_1.16.1/STM32CubeIDE/plugins/com.st.stm32cube.ide.mcu.externaltools.gnu-tools-for-stm32.12.3.rel1.win32_1.0.200.202406191623/tools/bin/../lib/gcc/arm-none-eabi/12.3.1/thumb/v7e-m+fp/hard\libgcc.a

.debug_info     0x00000000    0x11eed
 .debug_info    0x00000000      0x86e ./Core/Src/Adxl345.o
 .debug_info    0x0000086e      0x9f9 ./Core/Src/br24l64f.o
 .debug_info    0x00001267      0xaf0 ./Core/Src/lan9252.o
 .debug_info    0x00001d57     0x1bcb ./Core/Src/main.o
 .debug_info    0x00003922      0x19f ./Core/Src/moving_average.o
 .debug_info    0x00003ac1      0xca7 ./Core/Src/pcap.o
 .debug_info    0x00004768     0x1124 ./Core/Src/stm32f4xx_hal_msp.o
 .debug_info    0x0000588c      0x112 ./Core/Src/stm32f4xx_it.o
 .debug_info    0x0000599e      0x6a3 ./Core/Src/syscalls.o
 .debug_info    0x00006041      0x168 ./Core/Src/sysmem.o
 .debug_info    0x000061a9      0x53e ./Core/Src/system_stm32f4xx.o
 .debug_info    0x000066e7     0x19ca ./Core/Src/tmc4671.o
 .debug_info    0x000080b1       0x30 ./Core/Startup/startup_stm32f411ceux.o
 .debug_info    0x000080e1      0x8c4 ./Drivers/STM32F4xx_HAL_Driver/Src/stm32f4xx_hal.o
 .debug_info    0x000089a5      0xcc7 ./Drivers/STM32F4xx_HAL_Driver/Src/stm32f4xx_hal_cortex.o
 .debug_info    0x0000966c      0x6f9 ./Drivers/STM32F4xx_HAL_Driver/Src/stm32f4xx_hal_gpio.o
 .debug_info    0x00009d65     0x2426 ./Drivers/STM32F4xx_HAL_Driver/Src/stm32f4xx_hal_i2c.o
 .debug_info    0x0000c18b      0x8f2 ./Drivers/STM32F4xx_HAL_Driver/Src/stm32f4xx_hal_rcc.o
 .debug_info    0x0000ca7d     0x1606 ./Drivers/STM32F4xx_HAL_Driver/Src/stm32f4xx_hal_spi.o
 .debug_info    0x0000e083     0x2996 ./Drivers/STM32F4xx_HAL_Driver/Src/stm32f4xx_hal_tim.o
 .debug_info    0x00010a19     0x14d4 ./Drivers/STM32F4xx_HAL_Driver/Src/stm32f4xx_hal_tim_ex.o

.debug_abbrev   0x00000000     0x2a98
 .debug_abbrev  0x00000000      0x1f1 ./Core/Src/Adxl345.o
 .debug_abbrev  0x000001f1      0x22f ./Core/Src/br24l64f.o
 .debug_abbrev  0x00000420      0x255 ./Core/Src/lan9252.o
 .debug_abbrev  0x00000675      0x2fd ./Core/Src/main.o
 .debug_abbrev  0x00000972       0xeb ./Core/Src/moving_average.o
 .debug_abbrev  0x00000a5d      0x256 ./Core/Src/pcap.o
 .debug_abbrev  0x00000cb3      0x215 ./Core/Src/stm32f4xx_hal_msp.o
 .debug_abbrev  0x00000ec8       0x73 ./Core/Src/stm32f4xx_it.o
 .debug_abbrev  0x00000f3b      0x1b6 ./Core/Src/syscalls.o
 .debug_abbrev  0x000010f1       0xbc ./Core/Src/sysmem.o
 .debug_abbrev  0x000011ad      0x11a ./Core/Src/system_stm32f4xx.o
 .debug_abbrev  0x000012c7      0x355 ./Core/Src/tmc4671.o
 .debug_abbrev  0x0000161c       0x24 ./Core/Startup/startup_stm32f411ceux.o
 .debug_abbrev  0x00001640      0x24b ./Drivers/STM32F4xx_HAL_Driver/Src/stm32f4xx_hal.o
 .debug_abbrev  0x0000188b      0x328 ./Drivers/STM32F4xx_HAL_Driver/Src/stm32f4xx_hal_cortex.o
 .debug_abbrev  0x00001bb3      0x1d3 ./Drivers/STM32F4xx_HAL_Driver/Src/stm32f4xx_hal_gpio.o
 .debug_abbrev  0x00001d86      0x2bc ./Drivers/STM32F4xx_HAL_Driver/Src/stm32f4xx_hal_i2c.o
 .debug_abbrev  0x00002042      0x2b5 ./Drivers/STM32F4xx_HAL_Driver/Src/stm32f4xx_hal_rcc.o
 .debug_abbrev  0x000022f7      0x280 ./Drivers/STM32F4xx_HAL_Driver/Src/stm32f4xx_hal_spi.o
 .debug_abbrev  0x00002577      0x28b ./Drivers/STM32F4xx_HAL_Driver/Src/stm32f4xx_hal_tim.o
 .debug_abbrev  0x00002802      0x296 ./Drivers/STM32F4xx_HAL_Driver/Src/stm32f4xx_hal_tim_ex.o

.debug_aranges  0x00000000     0x1248
 .debug_aranges
                0x00000000       0x38 ./Core/Src/Adxl345.o
 .debug_aranges
                0x00000038       0x58 ./Core/Src/br24l64f.o
 .debug_aranges
                0x00000090       0x58 ./Core/Src/lan9252.o
 .debug_aranges
                0x000000e8       0x70 ./Core/Src/main.o
 .debug_aranges
                0x00000158       0x28 ./Core/Src/moving_average.o
 .debug_aranges
                0x00000180       0x30 ./Core/Src/pcap.o
 .debug_aranges
                0x000001b0       0x50 ./Core/Src/stm32f4xx_hal_msp.o
 .debug_aranges
                0x00000200       0x60 ./Core/Src/stm32f4xx_it.o
 .debug_aranges
                0x00000260       0xa8 ./Core/Src/syscalls.o
 .debug_aranges
                0x00000308       0x20 ./Core/Src/sysmem.o
 .debug_aranges
                0x00000328       0x28 ./Core/Src/system_stm32f4xx.o
 .debug_aranges
                0x00000350      0x230 ./Core/Src/tmc4671.o
 .debug_aranges
                0x00000580       0x28 ./Core/Startup/startup_stm32f411ceux.o
 .debug_aranges
                0x000005a8       0xf0 ./Drivers/STM32F4xx_HAL_Driver/Src/stm32f4xx_hal.o
 .debug_aranges
                0x00000698      0x120 ./Drivers/STM32F4xx_HAL_Driver/Src/stm32f4xx_hal_cortex.o
 .debug_aranges
                0x000007b8       0x58 ./Drivers/STM32F4xx_HAL_Driver/Src/stm32f4xx_hal_gpio.o
 .debug_aranges
                0x00000810      0x2a8 ./Drivers/STM32F4xx_HAL_Driver/Src/stm32f4xx_hal_i2c.o
 .debug_aranges
                0x00000ab8       0x88 ./Drivers/STM32F4xx_HAL_Driver/Src/stm32f4xx_hal_rcc.o
 .debug_aranges
                0x00000b40      0x1d0 ./Drivers/STM32F4xx_HAL_Driver/Src/stm32f4xx_hal_spi.o
 .debug_aranges
                0x00000d10      0x3d0 ./Drivers/STM32F4xx_HAL_Driver/Src/stm32f4xx_hal_tim.o
 .debug_aranges
                0x000010e0      0x168 ./Drivers/STM32F4xx_HAL_Driver/Src/stm32f4xx_hal_tim_ex.o

.debug_rnglists
                0x00000000      0xe2e
 .debug_rnglists
                0x00000000       0x26 ./Core/Src/Adxl345.o
 .debug_rnglists
                0x00000026       0x3d ./Core/Src/br24l64f.o
 .debug_rnglists
                0x00000063       0x42 ./Core/Src/lan9252.o
 .debug_rnglists
                0x000000a5       0x53 ./Core/Src/main.o
 .debug_rnglists
                0x000000f8       0x1a ./Core/Src/moving_average.o
 .debug_rnglists
                0x00000112       0x21 ./Core/Src/pcap.o
 .debug_rnglists
                0x00000133       0x3a ./Core/Src/stm32f4xx_hal_msp.o
 .debug_rnglists
                0x0000016d       0x43 ./Core/Src/stm32f4xx_it.o
 .debug_rnglists
                0x000001b0       0x79 ./Core/Src/syscalls.o
 .debug_rnglists
                0x00000229       0x13 ./Core/Src/sysmem.o
 .debug_rnglists
                0x0000023c       0x1a ./Core/Src/system_stm32f4xx.o
 .debug_rnglists
                0x00000256      0x1ad ./Core/Src/tmc4671.o
 .debug_rnglists
                0x00000403       0x19 ./Core/Startup/startup_stm32f411ceux.o
 .debug_rnglists
                0x0000041c       0xaf ./Drivers/STM32F4xx_HAL_Driver/Src/stm32f4xx_hal.o
 .debug_rnglists
                0x000004cb       0xd4 ./Drivers/STM32F4xx_HAL_Driver/Src/stm32f4xx_hal_cortex.o
 .debug_rnglists
                0x0000059f       0x3f ./Drivers/STM32F4xx_HAL_Driver/Src/stm32f4xx_hal_gpio.o
 .debug_rnglists
                0x000005de      0x23c ./Drivers/STM32F4xx_HAL_Driver/Src/stm32f4xx_hal_i2c.o
 .debug_rnglists
                0x0000081a       0x66 ./Drivers/STM32F4xx_HAL_Driver/Src/stm32f4xx_hal_rcc.o
 .debug_rnglists
                0x00000880      0x16f ./Drivers/STM32F4xx_HAL_Driver/Src/stm32f4xx_hal_spi.o
 .debug_rnglists
                0x000009ef      0x31a ./Drivers/STM32F4xx_HAL_Driver/Src/stm32f4xx_hal_tim.o
 .debug_rnglists
                0x00000d09      0x125 ./Drivers/STM32F4xx_HAL_Driver/Src/stm32f4xx_hal_tim_ex.o

.debug_macro    0x00000000    0x19b19
 .debug_macro   0x00000000      0x36f ./Core/Src/Adxl345.o
 .debug_macro   0x0000036f      0xab4 ./Core/Src/Adxl345.o
 .debug_macro   0x00000e23      0x2a1 ./Core/Src/Adxl345.o
 .debug_macro   0x000010c4       0x2e ./Core/Src/Adxl345.o
 .debug_macro   0x000010f2       0x28 ./Core/Src/Adxl345.o
 .debug_macro   0x0000111a       0x22 ./Core/Src/Adxl345.o
 .debug_macro   0x0000113c       0x8e ./Core/Src/Adxl345.o
 .debug_macro   0x000011ca       0x51 ./Core/Src/Adxl345.o
 .debug_macro   0x0000121b      0x103 ./Core/Src/Adxl345.o
 .debug_macro   0x0000131e       0x6a ./Core/Src/Adxl345.o
 .debug_macro   0x00001388      0x1df ./Core/Src/Adxl345.o
 .debug_macro   0x00001567       0x1c ./Core/Src/Adxl345.o
 .debug_macro   0x00001583       0x22 ./Core/Src/Adxl345.o
 .debug_macro   0x000015a5       0xfb ./Core/Src/Adxl345.o
 .debug_macro   0x000016a0     0x1011 ./Core/Src/Adxl345.o
 .debug_macro   0x000026b1      0x11f ./Core/Src/Adxl345.o
 .debug_macro   0x000027d0     0xb953 ./Core/Src/Adxl345.o
 .debug_macro   0x0000e123       0x6d ./Core/Src/Adxl345.o
 .debug_macro   0x0000e190     0x368c ./Core/Src/Adxl345.o
 .debug_macro   0x0001181c      0x189 ./Core/Src/Adxl345.o
 .debug_macro   0x000119a5       0x5c ./Core/Src/Adxl345.o
 .debug_macro   0x00011a01      0x45c ./Core/Src/Adxl345.o
 .debug_macro   0x00011e5d      0x9e9 ./Core/Src/Adxl345.o
 .debug_macro   0x00012846      0x115 ./Core/Src/Adxl345.o
 .debug_macro   0x0001295b      0x11b ./Core/Src/Adxl345.o
 .debug_macro   0x00012a76       0xa5 ./Core/Src/Adxl345.o
 .debug_macro   0x00012b1b      0x15f ./Core/Src/Adxl345.o
 .debug_macro   0x00012c7a      0x287 ./Core/Src/Adxl345.o
 .debug_macro   0x00012f01       0x5f ./Core/Src/Adxl345.o
 .debug_macro   0x00012f60      0x236 ./Core/Src/Adxl345.o
 .debug_macro   0x00013196      0x132 ./Core/Src/Adxl345.o
 .debug_macro   0x000132c8      0x264 ./Core/Src/Adxl345.o
 .debug_macro   0x0001352c       0x2e ./Core/Src/Adxl345.o
 .debug_macro   0x0001355a      0x1b5 ./Core/Src/Adxl345.o
 .debug_macro   0x0001370f       0x22 ./Core/Src/Adxl345.o
 .debug_macro   0x00013731       0xd6 ./Core/Src/Adxl345.o
 .debug_macro   0x00013807      0x127 ./Core/Src/Adxl345.o
 .debug_macro   0x0001392e       0x85 ./Core/Src/Adxl345.o
 .debug_macro   0x000139b3       0x89 ./Core/Src/Adxl345.o
 .debug_macro   0x00013a3c      0x225 ./Core/Src/Adxl345.o
 .debug_macro   0x00013c61      0x8ed ./Core/Src/Adxl345.o
 .debug_macro   0x0001454e       0x47 ./Core/Src/Adxl345.o
 .debug_macro   0x00014595      0x126 ./Core/Src/Adxl345.o
 .debug_macro   0x000146bb       0xf4 ./Core/Src/Adxl345.o
 .debug_macro   0x000147af       0x22 ./Core/Src/Adxl345.o
 .debug_macro   0x000147d1       0x61 ./Core/Src/Adxl345.o
 .debug_macro   0x00014832       0x2a ./Core/Src/Adxl345.o
 .debug_macro   0x0001485c       0x43 ./Core/Src/Adxl345.o
 .debug_macro   0x0001489f       0x34 ./Core/Src/Adxl345.o
 .debug_macro   0x000148d3       0x16 ./Core/Src/Adxl345.o
 .debug_macro   0x000148e9       0x43 ./Core/Src/Adxl345.o
 .debug_macro   0x0001492c       0x34 ./Core/Src/Adxl345.o
 .debug_macro   0x00014960       0x10 ./Core/Src/Adxl345.o
 .debug_macro   0x00014970       0x58 ./Core/Src/Adxl345.o
 .debug_macro   0x000149c8       0x8e ./Core/Src/Adxl345.o
 .debug_macro   0x00014a56       0x1c ./Core/Src/Adxl345.o
 .debug_macro   0x00014a72      0x177 ./Core/Src/Adxl345.o
 .debug_macro   0x00014be9      0x369 ./Core/Src/Adxl345.o
 .debug_macro   0x00014f52      0x19b ./Core/Src/Adxl345.o
 .debug_macro   0x000150ed       0x1c ./Core/Src/Adxl345.o
 .debug_macro   0x00015109       0x35 ./Core/Src/Adxl345.o
 .debug_macro   0x0001513e       0x10 ./Core/Src/Adxl345.o
 .debug_macro   0x0001514e       0x1c ./Core/Src/Adxl345.o
 .debug_macro   0x0001516a       0x16 ./Core/Src/Adxl345.o
 .debug_macro   0x00015180      0x146 ./Core/Src/Adxl345.o
 .debug_macro   0x000152c6       0x16 ./Core/Src/Adxl345.o
 .debug_macro   0x000152dc       0x16 ./Core/Src/Adxl345.o
 .debug_macro   0x000152f2       0x29 ./Core/Src/Adxl345.o
 .debug_macro   0x0001531b       0x40 ./Core/Src/Adxl345.o
 .debug_macro   0x0001535b      0x2e9 ./Core/Src/Adxl345.o
 .debug_macro   0x00015644       0x16 ./Core/Src/Adxl345.o
 .debug_macro   0x0001565a       0x9a ./Core/Src/Adxl345.o
 .debug_macro   0x000156f4       0x52 ./Core/Src/Adxl345.o
 .debug_macro   0x00015746      0x598 ./Core/Src/Adxl345.o
 .debug_macro   0x00015cde      0x1d2 ./Core/Src/Adxl345.o
 .debug_macro   0x00015eb0      0x330 ./Core/Src/br24l64f.o
 .debug_macro   0x000161e0       0x10 ./Core/Src/br24l64f.o
 .debug_macro   0x000161f0      0x33c ./Core/Src/lan9252.o
 .debug_macro   0x0001652c      0x2e3 ./Core/Src/lan9252.o
 .debug_macro   0x0001680f      0x373 ./Core/Src/main.o
 .debug_macro   0x00016b82      0x331 ./Core/Src/moving_average.o
 .debug_macro   0x00016eb3      0x342 ./Core/Src/pcap.o
 .debug_macro   0x000171f5       0x4c ./Core/Src/pcap.o
 .debug_macro   0x00017241       0x10 ./Core/Src/pcap.o
 .debug_macro   0x00017251      0x1f6 ./Core/Src/stm32f4xx_hal_msp.o
 .debug_macro   0x00017447      0x200 ./Core/Src/stm32f4xx_it.o
 .debug_macro   0x00017647      0x274 ./Core/Src/syscalls.o
 .debug_macro   0x000178bb       0x5b ./Core/Src/syscalls.o
 .debug_macro   0x00017916       0x94 ./Core/Src/syscalls.o
 .debug_macro   0x000179aa       0x57 ./Core/Src/syscalls.o
 .debug_macro   0x00017a01       0x10 ./Core/Src/syscalls.o
 .debug_macro   0x00017a11       0x10 ./Core/Src/syscalls.o
 .debug_macro   0x00017a21       0x10 ./Core/Src/syscalls.o
 .debug_macro   0x00017a31       0x10 ./Core/Src/syscalls.o
 .debug_macro   0x00017a41       0x1c ./Core/Src/syscalls.o
 .debug_macro   0x00017a5d       0x52 ./Core/Src/syscalls.o
 .debug_macro   0x00017aaf       0x22 ./Core/Src/syscalls.o
 .debug_macro   0x00017ad1       0x10 ./Core/Src/syscalls.o