Archive member included to satisfy reference by file (symbol)

C:/ST/STM32CubeIDE_1.15.1/STM32CubeIDE/plugins/com.st.stm32cube.ide.mcu.externaltools.gnu-tools-for-stm32.12.3.rel1.win32_1.0.100.202403111256/tools/bin/../lib/gcc/arm-none-eabi/12.3.1/../../../../arm-none-eabi/lib/thumb/v7e-m+fp/hard\libc_nano.a(libc_a-exit.o)
                              C:/ST/STM32CubeIDE_1.15.1/STM32CubeIDE/plugins/com.st.stm32cube.ide.mcu.externaltools.gnu-tools-for-stm32.12.3.rel1.win32_1.0.100.202403111256/tools/bin/../lib/gcc/arm-none-eabi/12.3.1/../../../../arm-none-eabi/lib/thumb/v7e-m+fp/hard/crt0.o (exit)
C:/ST/STM32CubeIDE_1.15.1/STM32CubeIDE/plugins/com.st.stm32cube.ide.mcu.externaltools.gnu-tools-for-stm32.12.3.rel1.win32_1.0.100.202403111256/tools/bin/../lib/gcc/arm-none-eabi/12.3.1/../../../../arm-none-eabi/lib/thumb/v7e-m+fp/hard\libc_nano.a(libc_a-findfp.o)
                              C:/ST/STM32CubeIDE_1.15.1/STM32CubeIDE/plugins/com.st.stm32cube.ide.mcu.externaltools.gnu-tools-for-stm32.12.3.rel1.win32_1.0.100.202403111256/tools/bin/../lib/gcc/arm-none-eabi/12.3.1/../../../../arm-none-eabi/lib/thumb/v7e-m+fp/hard\libc_nano.a(libc_a-exit.o) (__stdio_exit_handler)
C:/ST/STM32CubeIDE_1.15.1/STM32CubeIDE/plugins/com.st.stm32cube.ide.mcu.externaltools.gnu-tools-for-stm32.12.3.rel1.win32_1.0.100.202403111256/tools/bin/../lib/gcc/arm-none-eabi/12.3.1/../../../../arm-none-eabi/lib/thumb/v7e-m+fp/hard\libc_nano.a(libc_a-fwalk.o)
                              C:/ST/STM32CubeIDE_1.15.1/STM32CubeIDE/plugins/com.st.stm32cube.ide.mcu.externaltools.gnu-tools-for-stm32.12.3.rel1.win32_1.0.100.202403111256/tools/bin/../lib/gcc/arm-none-eabi/12.3.1/../../../../arm-none-eabi/lib/thumb/v7e-m+fp/hard\libc_nano.a(libc_a-findfp.o) (_fwalk_sglue)
C:/ST/STM32CubeIDE_1.15.1/STM32CubeIDE/plugins/com.st.stm32cube.ide.mcu.externaltools.gnu-tools-for-stm32.12.3.rel1.win32_1.0.100.202403111256/tools/bin/../lib/gcc/arm-none-eabi/12.3.1/../../../../arm-none-eabi/lib/thumb/v7e-m+fp/hard\libc_nano.a(libc_a-printf.o)
                              ./Core/Src/pcap.o (printf)
C:/ST/STM32CubeIDE_1.15.1/STM32CubeIDE/plugins/com.st.stm32cube.ide.mcu.externaltools.gnu-tools-for-stm32.12.3.rel1.win32_1.0.100.202403111256/tools/bin/../lib/gcc/arm-none-eabi/12.3.1/../../../../arm-none-eabi/lib/thumb/v7e-m+fp/hard\libc_nano.a(libc_a-puts.o)
                              ./Core/Src/pcap.o (puts)
C:/ST/STM32CubeIDE_1.15.1/STM32CubeIDE/plugins/com.st.stm32cube.ide.mcu.externaltools.gnu-tools-for-stm32.12.3.rel1.win32_1.0.100.202403111256/tools/bin/../lib/gcc/arm-none-eabi/12.3.1/../../../../arm-none-eabi/lib/thumb/v7e-m+fp/hard\libc_nano.a(libc_a-stdio.o)
                              C:/ST/STM32CubeIDE_1.15.1/STM32CubeIDE/plugins/com.st.stm32cube.ide.mcu.externaltools.gnu-tools-for-stm32.12.3.rel1.win32_1.0.100.202403111256/tools/bin/../lib/gcc/arm-none-eabi/12.3.1/../../../../arm-none-eabi/lib/thumb/v7e-m+fp/hard\libc_nano.a(libc_a-findfp.o) (__sread)
C:/ST/STM32CubeIDE_1.15.1/STM32CubeIDE/plugins/com.st.stm32cube.ide.mcu.externaltools.gnu-tools-for-stm32.12.3.rel1.win32_1.0.100.202403111256/tools/bin/../lib/gcc/arm-none-eabi/12.3.1/../../../../arm-none-eabi/lib/thumb/v7e-m+fp/hard\libc_nano.a(libc_a-wbuf.o)
                              C:/ST/STM32CubeIDE_1.15.1/STM32CubeIDE/plugins/com.st.stm32cube.ide.mcu.externaltools.gnu-tools-for-stm32.12.3.rel1.win32_1.0.100.202403111256/tools/bin/../lib/gcc/arm-none-eabi/12.3.1/../../../../arm-none-eabi/lib/thumb/v7e-m+fp/hard\libc_nano.a(libc_a-puts.o) (__swbuf_r)
C:/ST/STM32CubeIDE_1.15.1/STM32CubeIDE/plugins/com.st.stm32cube.ide.mcu.externaltools.gnu-tools-for-stm32.12.3.rel1.win32_1.0.100.202403111256/tools/bin/../lib/gcc/arm-none-eabi/12.3.1/../../../../arm-none-eabi/lib/thumb/v7e-m+fp/hard\libc_nano.a(libc_a-wsetup.o)
                              C:/ST/STM32CubeIDE_1.15.1/STM32CubeIDE/plugins/com.st.stm32cube.ide.mcu.externaltools.gnu-tools-for-stm32.12.3.rel1.win32_1.0.100.202403111256/tools/bin/../lib/gcc/arm-none-eabi/12.3.1/../../../../arm-none-eabi/lib/thumb/v7e-m+fp/hard\libc_nano.a(libc_a-puts.o) (__swsetup_r)
C:/ST/STM32CubeIDE_1.15.1/STM32CubeIDE/plugins/com.st.stm32cube.ide.mcu.externaltools.gnu-tools-for-stm32.12.3.rel1.win32_1.0.100.202403111256/tools/bin/../lib/gcc/arm-none-eabi/12.3.1/../../../../arm-none-eabi/lib/thumb/v7e-m+fp/hard\libc_nano.a(libc_a-memset.o)
                              C:/ST/STM32CubeIDE_1.15.1/STM32CubeIDE/plugins/com.st.stm32cube.ide.mcu.externaltools.gnu-tools-for-stm32.12.3.rel1.win32_1.0.100.202403111256/tools/bin/../lib/gcc/arm-none-eabi/12.3.1/../../../../arm-none-eabi/lib/thumb/v7e-m+fp/hard/crt0.o (memset)
C:/ST/STM32CubeIDE_1.15.1/STM32CubeIDE/plugins/com.st.stm32cube.ide.mcu.externaltools.gnu-tools-for-stm32.12.3.rel1.win32_1.0.100.202403111256/tools/bin/../lib/gcc/arm-none-eabi/12.3.1/../../../../arm-none-eabi/lib/thumb/v7e-m+fp/hard\libc_nano.a(libc_a-closer.o)
[...]
Memory Configuration

Name             Origin             Length             Attributes
RAM              0x20000000         0x00020000         xrw
FLASH            0x08000000         0x00080000         xr
*default*        0x00000000         0xffffffff

Linker script and memory map

LOAD C:/ST/STM32CubeIDE_1.15.1/STM32CubeIDE/plugins/com.st.stm32cube.ide.mcu.externaltools.gnu-tools-for-stm32.12.3.rel1.win32_1.0.100.202403111256/tools/bin/../lib/gcc/arm-none-eabi/12.3.1/thumb/v7e-m+fp/hard/crti.o
LOAD C:/ST/STM32CubeIDE_1.15.1/STM32CubeIDE/plugins/com.st.stm32cube.ide.mcu.externaltools.gnu-tools-for-stm32.12.3.rel1.win32_1.0.100.202403111256/tools/bin/../lib/gcc/arm-none-eabi/12.3.1/thumb/v7e-m+fp/hard/crtbegin.o
LOAD C:/ST/STM32CubeIDE_1.15.1/STM32CubeIDE/plugins/com.st.stm32cube.ide.mcu.externaltools.gnu-tools-for-stm32.12.3.rel1.win32_1.0.100.202403111256/tools/bin/../lib/gcc/arm-none-eabi/12.3.1/../../../../arm-none-eabi/lib/thumb/v7e-m+fp/hard/crt0.o
LOAD ./Core/Src/Adxl345.o
LOAD ./Core/Src/br24l64f.o
LOAD ./Core/Src/lan9252.o
LOAD ./Core/Src/main.o
LOAD ./Core/Src/moving_average.o
LOAD ./Core/Src/pcap.o
LOAD ./Core/Src/stm32f4xx_hal_msp.o
LOAD ./Core/Src/stm32f4xx_it.o
LOAD ./Core/Src/syscalls.o
LOAD ./Core/Src/sysmem.o
LOAD ./Core/Src/system_stm32f4xx.o
LOAD ./Core/Src/tmc4671.o
LOAD ./Core/Src/tmc6100.o
LOAD ./Core/Startup/startup_stm32f411ceux.o
LOAD ./Drivers/STM32F4xx_HAL_Driver/Src/stm32f4xx_hal.o
LOAD ./Drivers/STM32F4xx_HAL_Driver/Src/stm32f4xx_hal_cortex.o
LOAD ./Drivers/STM32F4xx_HAL_Driver/Src/stm32f4xx_hal_dma.o
LOAD ./Drivers/STM32F4xx_HAL_Driver/Src/stm32f4xx_hal_dma_ex.o
LOAD ./Drivers/STM32F4xx_HAL_Driver/Src/stm32f4xx_hal_exti.o
LOAD ./Drivers/STM32F4xx_HAL_Driver/Src/stm32f4xx_hal_flash.o
LOAD ./Drivers/STM32F4xx_HAL_Driver/Src/stm32f4xx_hal_flash_ex.o
LOAD ./Drivers/STM32F4xx_HAL_Driver/Src/stm32f4xx_hal_flash_ramfunc.o
LOAD ./Drivers/STM32F4xx_HAL_Driver/Src/stm32f4xx_hal_gpio.o
LOAD ./Drivers/STM32F4xx_HAL_Driver/Src/stm32f4xx_hal_i2c.o
LOAD ./Drivers/STM32F4xx_HAL_Driver/Src/stm32f4xx_hal_i2c_ex.o
LOAD ./Drivers/STM32F4xx_HAL_Driver/Src/stm32f4xx_hal_pwr.o
LOAD ./Drivers/STM32F4xx_HAL_Driver/Src/stm32f4xx_hal_pwr_ex.o
LOAD ./Drivers/STM32F4xx_HAL_Driver/Src/stm32f4xx_hal_rcc.o
LOAD ./Drivers/STM32F4xx_HAL_Driver/Src/stm32f4xx_hal_rcc_ex.o
LOAD ./Drivers/STM32F4xx_HAL_Driver/Src/stm32f4xx_hal_spi.o
LOAD ./Drivers/STM32F4xx_HAL_Driver/Src/stm32f4xx_hal_tim.o
LOAD ./Drivers/STM32F4xx_HAL_Driver/Src/stm32f4xx_hal_tim_ex.o
START GROUP
LOAD C:/ST/STM32CubeIDE_1.15.1/STM32CubeIDE/plugins/com.st.stm32cube.ide.mcu.externaltools.gnu-tools-for-stm32.12.3.rel1.win32_1.0.100.202403111256/tools/bin/../lib/gcc/arm-none-eabi/12.3.1/../../../../arm-none-eabi/lib/thumb/v7e-m+fp/hard\libc_nano.a
LOAD C:/ST/STM32CubeIDE_1.15.1/STM32CubeIDE/plugins/com.st.stm32cube.ide.mcu.externaltools.gnu-tools-for-stm32.12.3.rel1.win32_1.0.100.202403111256/tools/bin/../lib/gcc/arm-none-eabi/12.3.1/../../../../arm-none-eabi/lib/thumb/v7e-m+fp/hard\libm.a
END GROUP
START GROUP
LOAD C:/ST/STM32CubeIDE_1.15.1/STM32CubeIDE/plugins/com.st.stm32cube.ide.mcu.externaltools.gnu-tools-for-stm32.12.3.rel1.win32_1.0.100.202403111256/tools/bin/../lib/gcc/arm-none-eabi/12.3.1/thumb/v7e-m+fp/hard\libgcc.a
LOAD C:/ST/STM32CubeIDE_1.15.1/STM32CubeIDE/plugins/com.st.stm32cube.ide.mcu.externaltools.gnu-tools-for-stm32.12.3.rel1.win32_1.0.100.202403111256/tools/bin/../lib/gcc/arm-none-eabi/12.3.1/../../../../arm-none-eabi/lib/thumb/v7e-m+fp/hard\libc_nano.a
END GROUP
START GROUP
LOAD C:/ST/STM32CubeIDE_1.15.1/STM32CubeIDE/plugins/com.st.stm32cube.ide.mcu.externaltools.gnu-tools-for-stm32.12.3.rel1.win32_1.0.100.202403111256/tools/bin/../lib/gcc/arm-none-eabi/12.3.1/thumb/v7e-m+fp/hard\libgcc.a
LOAD C:/ST/STM32CubeIDE_1.15.1/STM32CubeIDE/plugins/com.st.stm32cube.ide.mcu.externaltools.gnu-tools-for-stm32.12.3.rel1.win32_1.0.100.202403111256/tools/bin/../lib/gcc/arm-none-eabi/12.3.1/../../../../arm-none-eabi/lib/thumb/v7e-m+fp/hard\libc_nano.a
LOAD C:/ST/STM32CubeIDE_1.15.1/STM32CubeIDE/plugins/com.st.stm32cube.ide.mcu.externaltools.gnu-tools-for-stm32.12.3.rel1.win32_1.0.100.202403111256/tools/bin/../lib/gcc/arm-none-eabi/12.3.1/../../../../arm-none-eabi/lib/thumb/v7e-m+fp/hard\libnosys.a
END GROUP
START GROUP
LOAD C:/ST/STM32CubeIDE_1.15.1/STM32CubeIDE/plugins/com.st.stm32cube.ide.mcu.externaltools.gnu-tools-for-stm32.12.3.rel1.win32_1.0.100.202403111256/tools/bin/../lib/gcc/arm-none-eabi/12.3.1/thumb/v7e-m+fp/hard\libgcc.a
LOAD C:/ST/STM32CubeIDE_1.15.1/STM32CubeIDE/plugins/com.st.stm32cube.ide.mcu.externaltools.gnu-tools-for-stm32.12.3.rel1.win32_1.0.100.202403111256/tools/bin/../lib/gcc/arm-none-eabi/12.3.1/../../../../arm-none-eabi/lib/thumb/v7e-m+fp/hard\libc_nano.a
LOAD C:/ST/STM32CubeIDE_1.15.1/STM32CubeIDE/plugins/com.st.stm32cube.ide.mcu.externaltools.gnu-tools-for-stm32.12.3.rel1.win32_1.0.100.202403111256/tools/bin/../lib/gcc/arm-none-eabi/12.3.1/../../../../arm-none-eabi/lib/thumb/v7e-m+fp/hard\libnosys.a
END GROUP
LOAD C:/ST/STM32CubeIDE_1.15.1/STM32CubeIDE/plugins/com.st.stm32cube.ide.mcu.externaltools.gnu-tools-for-stm32.12.3.rel1.win32_1.0.100.202403111256/tools/bin/../lib/gcc/arm-none-eabi/12.3.1/thumb/v7e-m+fp/hard/crtend.o
LOAD C:/ST/STM32CubeIDE_1.15.1/STM32CubeIDE/plugins/com.st.stm32cube.ide.mcu.externaltools.gnu-tools-for-stm32.12.3.rel1.win32_1.0.100.202403111256/tools/bin/../lib/gcc/arm-none-eabi/12.3.1/thumb/v7e-m+fp/hard/crtn.o
                0x20020000                        _estack = (ORIGIN (RAM) + LENGTH (RAM))
                0x00000200                        _Min_Heap_Size = 0x200
                0x00000400                        _Min_Stack_Size = 0x400

.isr_vector     0x08000000      0x198
                0x08000000                        . = ALIGN (0x4)
 *(.isr_vector)
 .isr_vector    0x08000000      0x198 ./Core/Startup/startup_stm32f411ceux.o
                0x08000000                g_pfnVectors
                0x08000198                        . = ALIGN (0x4)

.text           0x080001a0     0x7c44
                0x080001a0                        . = ALIGN (0x4)
 *(.text)
 .text          0x080001a0       0x40 C:/ST/STM32CubeIDE_1.15.1/STM32CubeIDE/plugins/com.st.stm32cube.ide.mcu.externaltools.gnu-tools-for-stm32.12.3.rel1.win32_1.0.100.202403111256/tools/bin/../lib/gcc/arm-none-eabi/12.3.1/thumb/v7e-m+fp/hard/crtbegin.o
 .text          0x080001e0       0xa0 C:/ST/STM32CubeIDE_1.15.1/STM32CubeIDE/plugins/com.st.stm32cube.ide.mcu.externaltools.gnu-tools-for-stm32.12.3.rel1.win32_1.0.100.202403111256/tools/bin/../lib/gcc/arm-none-eabi/12.3.1/../../../../arm-none-eabi/lib/thumb/v7e-m+fp/hard\libc_nano.a(libc_a-memchr.o)
                0x080001e0                memchr
 .text          0x08000280      0x378 C:/ST/STM32CubeIDE_1.15.1/STM32CubeIDE/plugins/com.st.stm32cube.ide.mcu.externaltools.gnu-tools-for-stm32.12.3.rel1.win32_1.0.100.202403111256/tools/bin/../lib/gcc/arm-none-eabi/12.3.1/thumb/v7e-m+fp/hard\libgcc.a(_arm_addsubdf3.o)
                0x08000280                __aeabi_drsub
                0x08000288                __aeabi_dsub
                0x08000288                __subdf3
                0x0800028c                __aeabi_dadd
                0x0800028c                __adddf3
                0x08000504                __floatunsidf
                0x08000504                __aeabi_ui2d
                0x08000524                __floatsidf
                0x08000524                __aeabi_i2d
                0x08000548                __aeabi_f2d
                0x08000548                __extendsfdf2
                0x0800058c                __floatundidf
                0x0800058c                __aeabi_ul2d
                0x0800059c                __floatdidf
                0x0800059c                __aeabi_l2d
 .text          0x080005f8      0x424 C:/ST/STM32CubeIDE_1.15.1/STM32CubeIDE/plugins/com.st.stm32cube.ide.mcu.externaltools.gnu-tools-for-stm32.12.3.rel1.win32_1.0.100.202403111256/tools/bin/../lib/gcc/arm-none-eabi/12.3.1/thumb/v7e-m+fp/hard\libgcc.a(_arm_muldivdf3.o)
                0x080005f8                __aeabi_dmul
                0x080005f8                __muldf3
                0x0800084c                __divdf3
                0x0800084c                __aeabi_ddiv
 .text          0x08000a1c       0x50 C:/ST/STM32CubeIDE_1.15.1/STM32CubeIDE/plugins/com.st.stm32cube.ide.mcu.externaltools.gnu-tools-for-stm32.12.3.rel1.win32_1.0.100.202403111256/tools/bin/../lib/gcc/arm-none-eabi/12.3.1/thumb/v7e-m+fp/hard\libgcc.a(_arm_fixdfsi.o)
                0x08000a1c                __aeabi_d2iz
                0x08000a1c                __fixdfsi
 .text          0x08000a6c       0x40 C:/ST/STM32CubeIDE_1.15.1/STM32CubeIDE/plugins/com.st.stm32cube.ide.mcu.externaltools.gnu-tools-for-stm32.12.3.rel1.win32_1.0.100.202403111256/tools/bin/../lib/gcc/arm-none-eabi/12.3.1/thumb/v7e-m+fp/hard\libgcc.a(_arm_fixunsdfsi.o)
                0x08000a6c                __aeabi_d2uiz
                0x08000a6c                __fixunsdfsi
 .text          0x08000aac       0x30 C:/ST/STM32CubeIDE_1.15.1/STM32CubeIDE/plugins/com.st.stm32cube.ide.mcu.externaltools.gnu-tools-for-stm32.12.3.rel1.win32_1.0.100.202403111256/tools/bin/../lib/gcc/arm-none-eabi/12.3.1/thumb/v7e-m+fp/hard\libgcc.a(_aeabi_uldivmod.o)
                0x08000aac                __aeabi_uldivmod
 .text          0x08000adc      0x2bc C:/ST/STM32CubeIDE_1.15.1/STM32CubeIDE/plugins/com.st.stm32cube.ide.mcu.externaltools.gnu-tools-for-stm32.12.3.rel1.win32_1.0.100.202403111256/tools/bin/../lib/gcc/arm-none-eabi/12.3.1/thumb/v7e-m+fp/hard\libgcc.a(_udivmoddi4.o)
                0x08000adc                __udivmoddi4
 .text          0x08000d98        0x4 C:/ST/STM32CubeIDE_1.15.1/STM32CubeIDE/plugins/com.st.stm32cube.ide.mcu.externaltools.gnu-tools-for-stm32.12.3.rel1.win32_1.0.100.202403111256/tools/bin/../lib/gcc/arm-none-eabi/12.3.1/thumb/v7e-m+fp/hard\libgcc.a(_dvmd_tls.o)
                0x08000d98                __aeabi_idiv0
                0x08000d98                __aeabi_ldiv0
 *(.text*)
 .text.adxl_write
                0x08000d9c       0x54 ./Core/Src/Adxl345.o
                0x08000d9c                adxl_write
 .text.adxl_read
                0x08000df0       0x60 ./Core/Src/Adxl345.o
                0x08000df0                adxl_read
 .text.Adxl345_init
                0x08000e50       0x22 ./Core/Src/Adxl345.o
                0x08000e50                Adxl345_init
 *fill*         0x08000e72        0x6 
 .text.getAcceleration
                0x08000e78      0x120 ./Core/Src/Adxl345.o
                0x08000e78                getAcceleration
 .text.EEPROM_Read
                0x08000f98       0x3c ./Core/Src/br24l64f.o
                0x08000f98                EEPROM_Read
 .text.bytes2uInt
                0x08000fd4       0x3e ./Core/Src/br24l64f.o
                0x08000fd4                bytes2uInt
 *fill*         0x08001012        0x2 
 .text.Etc_Read_Reg
                0x08001014       0xb8 ./Core/Src/lan9252.o
                0x08001014                Etc_Read_Reg
 .text.Etc_Write_Reg
                0x080010cc       0x88 ./Core/Src/lan9252.o
                0x080010cc                Etc_Write_Reg
 .text.Etc_Read_Reg_Wait
                0x08001154       0x64 ./Core/Src/lan9252.o
                0x08001154                Etc_Read_Reg_Wait
 .text.Etc_Read_Fifo
                0x080011b8       0xec ./Core/Src/lan9252.o
                0x080011b8                Etc_Read_Fifo
 .text.Etc_Write_Fifo
                0x080012a4       0xc0 ./Core/Src/lan9252.o
                0x080012a4                Etc_Write_Fifo
 .text.etc_init
                0x08001364       0x58 ./Core/Src/lan9252.o
                0x08001364                etc_init
 .text.etc_scan
                0x080013bc       0xac ./Core/Src/lan9252.o
                0x080013bc                etc_scan
 .text.main     0x08001468      0xee8 ./Core/Src/main.o
                0x08001468                main
 .text.SystemClock_Config
                0x08002350       0xd0 ./Core/Src/main.o
                0x08002350                SystemClock_Config
 .text.MX_I2C1_Init
                0x08002420       0x5c ./Core/Src/main.o
 .text.MX_I2C2_Init
                0x0800247c       0x5c ./Core/Src/main.o
 .text.MX_SPI1_Init
                0x080024d8       0x6c ./Core/Src/main.o
 .text.MX_SPI2_Init
                0x08002544       0x6c ./Core/Src/main.o
 .text.MX_SPI5_Init
                0x080025b0       0x6c ./Core/Src/main.o
 .text.MX_TIM4_Init
                0x0800261c       0x9c ./Core/Src/main.o
 .text.MX_GPIO_Init
                0x080026b8      0x168 ./Core/Src/main.o
 .text.Error_Handler
                0x08002820        0xc ./Core/Src/main.o
                0x08002820                Error_Handler
 .text.initMovingAverage
                0x0800282c       0x4a ./Core/Src/moving_average.o
                0x0800282c                initMovingAverage
 .text.updateMovingAverage
                0x08002876       0xa2 ./Core/Src/moving_average.o
                0x08002876                updateMovingAverage
 .text.pcap_init
                0x08002918       0xb0 ./Core/Src/pcap.o
                0x08002918                pcap_init
 .text.pcap_scan
                0x080029c8      0x300 ./Core/Src/pcap.o
                0x080029c8                pcap_scan
 .text.delay_us
                0x08002cc8       0x38 ./Core/Src/pcap.o
                0x08002cc8                delay_us
 .text.HAL_MspInit
                0x08002d00       0x50 ./Core/Src/stm32f4xx_hal_msp.o
                0x08002d00                HAL_MspInit
 .text.HAL_I2C_MspInit
                0x08002d50      0x11c ./Core/Src/stm32f4xx_hal_msp.o
                0x08002d50                HAL_I2C_MspInit
 .text.HAL_SPI_MspInit
                0x08002e6c      0x1e0 ./Core/Src/stm32f4xx_hal_msp.o
                0x08002e6c                HAL_SPI_MspInit
 .text.HAL_TIM_Base_MspInit
                0x0800304c       0x44 ./Core/Src/stm32f4xx_hal_msp.o
                0x0800304c                HAL_TIM_Base_MspInit
 .text.NMI_Handler
                0x08003090        0x8 ./Core/Src/stm32f4xx_it.o
                0x08003090                NMI_Handler
 .text.HardFault_Handler
                0x08003098        0x8 ./Core/Src/stm32f4xx_it.o
                0x08003098                HardFault_Handler
 .text.MemManage_Handler
                0x080030a0        0x8 ./Core/Src/stm32f4xx_it.o
                0x080030a0                MemManage_Handler
 .text.BusFault_Handler
                0x080030a8        0x8 ./Core/Src/stm32f4xx_it.o
                0x080030a8                BusFault_Handler
 .text.UsageFault_Handler
                0x080030b0        0x8 ./Core/Src/stm32f4xx_it.o
                0x080030b0                UsageFault_Handler
 .text.SVC_Handler
                0x080030b8        0xe ./Core/Src/stm32f4xx_it.o
                0x080030b8                SVC_Handler
 .text.DebugMon_Handler
                0x080030c6        0xe ./Core/Src/stm32f4xx_it.o
                0x080030c6                DebugMon_Handler
 .text.PendSV_Handler
                0x080030d4        0xe ./Core/Src/stm32f4xx_it.o
                0x080030d4                PendSV_Handler
 .text.SysTick_Handler
                0x080030e2        0xc ./Core/Src/stm32f4xx_it.o
                0x080030e2                SysTick_Handler
 .text._read    0x080030ee       0x3a ./Core/Src/syscalls.o
                0x080030ee                _read
 .text._write   0x08003128       0x38 ./Core/Src/syscalls.o
                0x08003128                _write
 .text._close   0x08003160       0x18 ./Core/Src/syscalls.o
                0x08003160                _close
 .text._fstat   0x08003178       0x20 ./Core/Src/syscalls.o
                0x08003178                _fstat
 .text._isatty  0x08003198       0x16 ./Core/Src/syscalls.o
                0x08003198                _isatty
 .text._lseek   0x080031ae       0x1a ./Core/Src/syscalls.o
                0x080031ae                _lseek
 .text._sbrk    0x080031c8       0x6c ./Core/Src/sysmem.o
                0x080031c8                _sbrk
 .text.SystemInit
                0x08003234       0x24 ./Core/Src/system_stm32f4xx.o
                0x08003234                SystemInit
 .text.setWrongCommandFlag
                0x08003258       0x20 ./Core/Src/tmc4671.o
                0x08003258                setWrongCommandFlag
 .text.getEventStatusWord
                0x08003278      0x13c ./Core/Src/tmc4671.o
                0x08003278                getEventStatusWord
 .text.getEncoderResolution
                0x080033b4       0x18 ./Core/Src/tmc4671.o
                0x080033b4                getEncoderResolution
 .text.getEncoderDirection
                0x080033cc       0x22 ./Core/Src/tmc4671.o
                0x080033cc                getEncoderDirection
 .text.getCoilCurrent
                0x080033ee       0x18 ./Core/Src/tmc4671.o
                0x080033ee                getCoilCurrent
 .text.getCurrentLimitHoming
                0x08003406       0x18 ./Core/Src/tmc4671.o
                0x08003406                getCurrentLimitHoming
 .text.getCurrentLimitServo
                0x0800341e       0x18 ./Core/Src/tmc4671.o
                0x0800341e                getCurrentLimitServo
 .text.getVoltageLimitHoming
                0x08003436       0x18 ./Core/Src/tmc4671.o
                0x08003436                getVoltageLimitHoming
 .text.getVelocityLimitServo
                0x0800344e       0x18 ./Core/Src/tmc4671.o
                0x0800344e                getVelocityLimitServo
 .text.getTorqueLimitServo
                0x08003466       0x18 ./Core/Src/tmc4671.o
                0x08003466                getTorqueLimitServo
 *fill*         0x0800347e        0x2 
 .text.getSoftPositiveLimit
                0x08003480       0x5c ./Core/Src/tmc4671.o
                0x08003480                getSoftPositiveLimit
 *fill*         0x080034dc        0x4 
 .text.getSoftNegativeLimit
                0x080034e0       0x5c ./Core/Src/tmc4671.o
                0x080034e0                getSoftNegativeLimit
 *fill*         0x0800353c        0x4 
 .text.getZeroOffset
                0x08003540       0x5c ./Core/Src/tmc4671.o
                0x08003540                getZeroOffset
 *fill*         0x0800359c        0x4 
 .text.getActualPosition
                0x080035a0       0x5c ./Core/Src/tmc4671.o
                0x080035a0                getActualPosition
 *fill*         0x080035fc        0x4 
 .text.getTargetPosition
                0x08003600       0x5c ./Core/Src/tmc4671.o
                0x08003600                getTargetPosition
 *fill*         0x0800365c        0x4 
 .text.getMaxPositionError
                0x08003660       0x5c ./Core/Src/tmc4671.o
                0x08003660                getMaxPositionError
 .text.getCurrentGainP
                0x080036bc       0x18 ./Core/Src/tmc4671.o
                0x080036bc                getCurrentGainP
 .text.getCurrentGainI
                0x080036d4       0x18 ./Core/Src/tmc4671.o
                0x080036d4                getCurrentGainI
 .text.getVelocityGainP
                0x080036ec       0x18 ./Core/Src/tmc4671.o
                0x080036ec                getVelocityGainP
 .text.getVelocityGainI
                0x08003704       0x18 ./Core/Src/tmc4671.o
                0x08003704                getVelocityGainI
 .text.getPositionGainP
                0x0800371c       0x18 ./Core/Src/tmc4671.o
                0x0800371c                getPositionGainP
 .text.getPositionGainI
                0x08003734       0x18 ./Core/Src/tmc4671.o
                0x08003734                getPositionGainI
 .text.getFirmwareVersion
                0x0800374c       0x28 ./Core/Src/tmc4671.o
                0x0800374c                getFirmwareVersion
 .text.Reset_Handler
                0x08003774       0x50 ./Core/Startup/startup_stm32f411ceux.o
                0x08003774                Reset_Handler
 .text.Default_Handler
                0x080037c4        0x2 ./Core/Startup/startup_stm32f411ceux.o
                0x080037c4                RTC_Alarm_IRQHandler
                0x080037c4                EXTI2_IRQHandler
                0x080037c4                SPI4_IRQHandler
                0x080037c4                TIM1_CC_IRQHandler
                0x080037c4                DMA2_Stream5_IRQHandler
                0x080037c4                DMA1_Stream5_IRQHandler
                0x080037c4                PVD_IRQHandler
                0x080037c4                SDIO_IRQHandler
                0x080037c4                TAMP_STAMP_IRQHandler
                0x080037c4                EXTI3_IRQHandler
                0x080037c4                TIM1_UP_TIM10_IRQHandler
                0x080037c4                I2C3_ER_IRQHandler
                0x080037c4                EXTI0_IRQHandler
                0x080037c4                I2C2_EV_IRQHandler
                0x080037c4                DMA1_Stream2_IRQHandler
                0x080037c4                FPU_IRQHandler
                0x080037c4                DMA2_Stream2_IRQHandler
                0x080037c4                SPI1_IRQHandler
                0x080037c4                TIM1_BRK_TIM9_IRQHandler
                0x080037c4                DMA2_Stream3_IRQHandler
                0x080037c4                USART6_IRQHandler
                0x080037c4                DMA2_Stream0_IRQHandler
                0x080037c4                TIM4_IRQHandler
                0x080037c4                I2C1_EV_IRQHandler
                0x080037c4                DMA1_Stream6_IRQHandler
                0x080037c4                DMA1_Stream1_IRQHandler
                0x080037c4                TIM3_IRQHandler
                0x080037c4                RCC_IRQHandler
                0x080037c4                Default_Handler
                0x080037c4                EXTI15_10_IRQHandler
                0x080037c4                ADC_IRQHandler
                0x080037c4                DMA1_Stream7_IRQHandler
                0x080037c4                SPI5_IRQHandler
                0x080037c4                TIM5_IRQHandler
                0x080037c4                DMA2_Stream7_IRQHandler
                0x080037c4                I2C3_EV_IRQHandler
                0x080037c4                EXTI9_5_IRQHandler
                0x080037c4                RTC_WKUP_IRQHandler
                0x080037c4                SPI2_IRQHandler
                0x080037c4                DMA1_Stream0_IRQHandler
                0x080037c4                EXTI4_IRQHandler
                0x080037c4                WWDG_IRQHandler
                0x080037c4                TIM2_IRQHandler
                0x080037c4                OTG_FS_WKUP_IRQHandler
                0x080037c4                TIM1_TRG_COM_TIM11_IRQHandler
                0x080037c4                EXTI1_IRQHandler
                0x080037c4                USART2_IRQHandler
                0x080037c4                I2C2_ER_IRQHandler
                0x080037c4                DMA2_Stream1_IRQHandler
                0x080037c4                FLASH_IRQHandler
                0x080037c4                DMA2_Stream4_IRQHandler
                0x080037c4                USART1_IRQHandler
                0x080037c4                OTG_FS_IRQHandler
                0x080037c4                SPI3_IRQHandler
                0x080037c4                DMA1_Stream4_IRQHandler
                0x080037c4                I2C1_ER_IRQHandler
                0x080037c4                DMA2_Stream6_IRQHandler
                0x080037c4                DMA1_Stream3_IRQHandler
 *fill*         0x080037c6        0x2 
 .text.HAL_Init
                0x080037c8       0x44 ./Drivers/STM32F4xx_HAL_Driver/Src/stm32f4xx_hal.o
                0x080037c8                HAL_Init
 .text.HAL_InitTick
                0x0800380c       0x60 ./Drivers/STM32F4xx_HAL_Driver/Src/stm32f4xx_hal.o
                0x0800380c                HAL_InitTick
 .text.HAL_IncTick
                0x0800386c       0x28 ./Drivers/STM32F4xx_HAL_Driver/Src/stm32f4xx_hal.o
                0x0800386c                HAL_IncTick
 .text.HAL_GetTick
                0x08003894       0x18 ./Drivers/STM32F4xx_HAL_Driver/Src/stm32f4xx_hal.o
                0x08003894                HAL_GetTick
 .text.HAL_Delay
                0x080038ac       0x48 ./Drivers/STM32F4xx_HAL_Driver/Src/stm32f4xx_hal.o
                0x080038ac                HAL_Delay
 .text.__NVIC_SetPriorityGrouping
                0x080038f4       0x48 ./Drivers/STM32F4xx_HAL_Driver/Src/stm32f4xx_hal_cortex.o
 .text.__NVIC_GetPriorityGrouping
                0x0800393c       0x1c ./Drivers/STM32F4xx_HAL_Driver/Src/stm32f4xx_hal_cortex.o
 .text.__NVIC_SetPriority
                0x08003958       0x54 ./Drivers/STM32F4xx_HAL_Driver/Src/stm32f4xx_hal_cortex.o
 .text.NVIC_EncodePriority
                0x080039ac       0x66 ./Drivers/STM32F4xx_HAL_Driver/Src/stm32f4xx_hal_cortex.o
 *fill*         0x08003a12        0x2 
 .text.SysTick_Config
                0x08003a14       0x44 ./Drivers/STM32F4xx_HAL_Driver/Src/stm32f4xx_hal_cortex.o
 .text.HAL_NVIC_SetPriorityGrouping
                0x08003a58       0x16 ./Drivers/STM32F4xx_HAL_Driver/Src/stm32f4xx_hal_cortex.o
                0x08003a58                HAL_NVIC_SetPriorityGrouping
 .text.HAL_NVIC_SetPriority
                0x08003a6e       0x38 ./Drivers/STM32F4xx_HAL_Driver/Src/stm32f4xx_hal_cortex.o
                0x08003a6e                HAL_NVIC_SetPriority
 .text.HAL_SYSTICK_Config
                0x08003aa6       0x18 ./Drivers/STM32F4xx_HAL_Driver/Src/stm32f4xx_hal_cortex.o
                0x08003aa6                HAL_SYSTICK_Config
 *fill*         0x08003abe        0x2 
 .text.HAL_GPIO_Init
                0x08003ac0      0x308 ./Drivers/STM32F4xx_HAL_Driver/Src/stm32f4xx_hal_gpio.o
                0x08003ac0                HAL_GPIO_Init
 .text.HAL_GPIO_WritePin
                0x08003dc8       0x32 ./Drivers/STM32F4xx_HAL_Driver/Src/stm32f4xx_hal_gpio.o
                0x08003dc8                HAL_GPIO_WritePin
 *fill*         0x08003dfa        0x2 
 .text.HAL_I2C_Init
                0x08003dfc      0x288 ./Drivers/STM32F4xx_HAL_Driver/Src/stm32f4xx_hal_i2c.o
                0x08003dfc                HAL_I2C_Init
 .text.HAL_I2C_Master_Transmit
                0x08004084      0x1fc ./Drivers/STM32F4xx_HAL_Driver/Src/stm32f4xx_hal_i2c.o
                0x08004084                HAL_I2C_Master_Transmit
 .text.HAL_I2C_Master_Receive
                0x08004280      0x464 ./Drivers/STM32F4xx_HAL_Driver/Src/stm32f4xx_hal_i2c.o
                0x08004280                HAL_I2C_Master_Receive
 .text.HAL_I2C_Mem_Read
                0x080046e4      0x464 ./Drivers/STM32F4xx_HAL_Driver/Src/stm32f4xx_hal_i2c.o
                0x080046e4                HAL_I2C_Mem_Read
 .text.I2C_MasterRequestWrite
                0x08004b48      0x104 ./Drivers/STM32F4xx_HAL_Driver/Src/stm32f4xx_hal_i2c.o
 .text.I2C_MasterRequestRead
                0x08004c4c      0x19c ./Drivers/STM32F4xx_HAL_Driver/Src/stm32f4xx_hal_i2c.o
 .text.I2C_RequestMemoryRead
                0x08004de8      0x1d0 ./Drivers/STM32F4xx_HAL_Driver/Src/stm32f4xx_hal_i2c.o
 .text.I2C_WaitOnFlagUntilTimeout
                0x08004fb8       0xf4 ./Drivers/STM32F4xx_HAL_Driver/Src/stm32f4xx_hal_i2c.o
 .text.I2C_WaitOnMasterAddressFlagUntilTimeout
                0x080050ac      0x140 ./Drivers/STM32F4xx_HAL_Driver/Src/stm32f4xx_hal_i2c.o
 .text.I2C_WaitOnTXEFlagUntilTimeout
                0x080051ec       0x90 ./Drivers/STM32F4xx_HAL_Driver/Src/stm32f4xx_hal_i2c.o
 .text.I2C_WaitOnBTFFlagUntilTimeout
                0x0800527c       0x90 ./Drivers/STM32F4xx_HAL_Driver/Src/stm32f4xx_hal_i2c.o
 .text.I2C_WaitOnRXNEFlagUntilTimeout
                0x0800530c       0xba ./Drivers/STM32F4xx_HAL_Driver/Src/stm32f4xx_hal_i2c.o
 .text.I2C_IsAcknowledgeFailed
                0x080053c6       0x5e ./Drivers/STM32F4xx_HAL_Driver/Src/stm32f4xx_hal_i2c.o
 .text.HAL_RCC_OscConfig
                0x08005424      0x4f0 ./Drivers/STM32F4xx_HAL_Driver/Src/stm32f4xx_hal_rcc.o
                0x08005424                HAL_RCC_OscConfig
 .text.HAL_RCC_ClockConfig
                0x08005914      0x1cc ./Drivers/STM32F4xx_HAL_Driver/Src/stm32f4xx_hal_rcc.o
                0x08005914                HAL_RCC_ClockConfig
 .text.HAL_RCC_GetSysClockFreq
                0x08005ae0      0x18c ./Drivers/STM32F4xx_HAL_Driver/Src/stm32f4xx_hal_rcc.o
                0x08005ae0                HAL_RCC_GetSysClockFreq
 .text.HAL_RCC_GetHCLKFreq
                0x08005c6c       0x18 ./Drivers/STM32F4xx_HAL_Driver/Src/stm32f4xx_hal_rcc.o
                0x08005c6c                HAL_RCC_GetHCLKFreq
 .text.HAL_RCC_GetPCLK1Freq
                0x08005c84       0x28 ./Drivers/STM32F4xx_HAL_Driver/Src/stm32f4xx_hal_rcc.o
                0x08005c84                HAL_RCC_GetPCLK1Freq
 .text.HAL_SPI_Init
                0x08005cac      0x112 ./Drivers/STM32F4xx_HAL_Driver/Src/stm32f4xx_hal_spi.o
                0x08005cac                HAL_SPI_Init
 .text.HAL_SPI_Transmit
                0x08005dbe      0x286 ./Drivers/STM32F4xx_HAL_Driver/Src/stm32f4xx_hal_spi.o
                0x08005dbe                HAL_SPI_Transmit
 .text.HAL_SPI_Receive
                0x08006044      0x230 ./Drivers/STM32F4xx_HAL_Driver/Src/stm32f4xx_hal_spi.o
                0x08006044                HAL_SPI_Receive
 .text.HAL_SPI_TransmitReceive
                0x08006274      0x360 ./Drivers/STM32F4xx_HAL_Driver/Src/stm32f4xx_hal_spi.o
                0x08006274                HAL_SPI_TransmitReceive
 .text.SPI_WaitFlagStateUntilTimeout
                0x080065d4      0x110 ./Drivers/STM32F4xx_HAL_Driver/Src/stm32f4xx_hal_spi.o
 .text.SPI_EndRxTransaction
                0x080066e4       0xca ./Drivers/STM32F4xx_HAL_Driver/Src/stm32f4xx_hal_spi.o
 *fill*         0x080067ae        0x2 
 .text.SPI_EndRxTxTransaction
                0x080067b0       0xa8 ./Drivers/STM32F4xx_HAL_Driver/Src/stm32f4xx_hal_spi.o
 .text.HAL_TIM_Base_Init
                0x08006858       0x9e ./Drivers/STM32F4xx_HAL_Driver/Src/stm32f4xx_hal_tim.o
                0x08006858                HAL_TIM_Base_Init
 *fill*         0x080068f6        0x2 
 .text.HAL_TIM_Base_Start
                0x080068f8       0xb4 ./Drivers/STM32F4xx_HAL_Driver/Src/stm32f4xx_hal_tim.o
                0x080068f8                HAL_TIM_Base_Start
 .text.HAL_TIM_Base_Stop
                0x080069ac       0x4e ./Drivers/STM32F4xx_HAL_Driver/Src/stm32f4xx_hal_tim.o
                0x080069ac                HAL_TIM_Base_Stop
 .text.HAL_TIM_ConfigClockSource
                0x080069fa      0x18e ./Drivers/STM32F4xx_HAL_Driver/Src/stm32f4xx_hal_tim.o
                0x080069fa                HAL_TIM_ConfigClockSource
 .text.TIM_Base_SetConfig
                0x08006b88      0x118 ./Drivers/STM32F4xx_HAL_Driver/Src/stm32f4xx_hal_tim.o
                0x08006b88                TIM_Base_SetConfig
 .text.TIM_TI1_ConfigInputStage
                0x08006ca0       0x5e ./Drivers/STM32F4xx_HAL_Driver/Src/stm32f4xx_hal_tim.o
 .text.TIM_TI2_ConfigInputStage
                0x08006cfe       0x60 ./Drivers/STM32F4xx_HAL_Driver/Src/stm32f4xx_hal_tim.o
 .text.TIM_ITRx_SetConfig
                0x08006d5e       0x36 ./Drivers/STM32F4xx_HAL_Driver/Src/stm32f4xx_hal_tim.o
 .text.TIM_ETR_SetConfig
                0x08006d94       0x40 ./Drivers/STM32F4xx_HAL_Driver/Src/stm32f4xx_hal_tim.o
                0x08006d94                TIM_ETR_SetConfig
 .text.HAL_TIMEx_MasterConfigSynchronization
                0x08006dd4       0xdc ./Drivers/STM32F4xx_HAL_Driver/Src/stm32f4xx_hal_tim_ex.o
                0x08006dd4                HAL_TIMEx_MasterConfigSynchronization
 .text.std      0x08006eb0       0x6c C:/ST/STM32CubeIDE_1.15.1/STM32CubeIDE/plugins/com.st.stm32cube.ide.mcu.externaltools.gnu-tools-for-stm32.12.3.rel1.win32_1.0.100.202403111256/tools/bin/../lib/gcc/arm-none-eabi/12.3.1/../../../../arm-none-eabi/lib/thumb/v7e-m+fp/hard\libc_nano.a(libc_a-findfp.o)
 .text.stdio_exit_handler
                0x08006f1c       0x18 C:/ST/STM32CubeIDE_1.15.1/STM32CubeIDE/plugins/com.st.stm32cube.ide.mcu.externaltools.gnu-tools-for-stm32.12.3.rel1.win32_1.0.100.202403111256/tools/bin/../lib/gcc/arm-none-eabi/12.3.1/../../../../arm-none-eabi/lib/thumb/v7e-m+fp/hard\libc_nano.a(libc_a-findfp.o)
 .text.cleanup_stdio
                0x08006f34       0x40 C:/ST/STM32CubeIDE_1.15.1/STM32CubeIDE/plugins/com.st.stm32cube.ide.mcu.externaltools.gnu-tools-for-stm32.12.3.rel1.win32_1.0.100.202403111256/tools/bin/../lib/gcc/arm-none-eabi/12.3.1/../../../../arm-none-eabi/lib/thumb/v7e-m+fp/hard\libc_nano.a(libc_a-findfp.o)
 .text.global_stdio_init.part.0
                0x08006f74       0x3c C:/ST/STM32CubeIDE_1.15.1/STM32CubeIDE/plugins/com.st.stm32cube.ide.mcu.externaltools.gnu-tools-for-stm32.12.3.rel1.win32_1.0.100.202403111256/tools/bin/../lib/gcc/arm-none-eabi/12.3.1/../../../../arm-none-eabi/lib/thumb/v7e-m+fp/hard\libc_nano.a(libc_a-findfp.o)
 .text.__sfp_lock_acquire
                0x08006fb0        0xc C:/ST/STM32CubeIDE_1.15.1/STM32CubeIDE/plugins/com.st.stm32cube.ide.mcu.externaltools.gnu-tools-for-stm32.12.3.rel1.win32_1.0.100.202403111256/tools/bin/../lib/gcc/arm-none-eabi/12.3.1/../../../../arm-none-eabi/lib/thumb/v7e-m+fp/hard\libc_nano.a(libc_a-findfp.o)
                0x08006fb0                __sfp_lock_acquire
 .text.__sfp_lock_release
                0x08006fbc        0xc C:/ST/STM32CubeIDE_1.15.1/STM32CubeIDE/plugins/com.st.stm32cube.ide.mcu.externaltools.gnu-tools-for-stm32.12.3.rel1.win32_1.0.100.202403111256/tools/bin/../lib/gcc/arm-none-eabi/12.3.1/../../../../arm-none-eabi/lib/thumb/v7e-m+fp/hard\libc_nano.a(libc_a-findfp.o)
                0x08006fbc                __sfp_lock_release
 .text.__sinit  0x08006fc8       0x30 C:/ST/STM32CubeIDE_1.15.1/STM32CubeIDE/plugins/com.st.stm32cube.ide.mcu.externaltools.gnu-tools-for-stm32.12.3.rel1.win32_1.0.100.202403111256/tools/bin/../lib/gcc/arm-none-eabi/12.3.1/../../../../arm-none-eabi/lib/thumb/v7e-m+fp/hard\libc_nano.a(libc_a-findfp.o)
                0x08006fc8                __sinit
 .text._fwalk_sglue
                0x08006ff8       0x3c C:/ST/STM32CubeIDE_1.15.1/STM32CubeIDE/plugins/com.st.stm32cube.ide.mcu.externaltools.gnu-tools-for-stm32.12.3.rel1.win32_1.0.100.202403111256/tools/bin/../lib/gcc/arm-none-eabi/12.3.1/../../../../arm-none-eabi/lib/thumb/v7e-m+fp/hard\libc_nano.a(libc_a-fwalk.o)
                0x08006ff8                _fwalk_sglue
 .text.printf   0x08007034       0x24 C:/ST/STM32CubeIDE_1.15.1/STM32CubeIDE/plugins/com.st.stm32cube.ide.mcu.externaltools.gnu-tools-for-stm32.12.3.rel1.win32_1.0.100.202403111256/tools/bin/../lib/gcc/arm-none-eabi/12.3.1/../../../../arm-none-eabi/lib/thumb/v7e-m+fp/hard\libc_nano.a(libc_a-printf.o)
                0x08007034                iprintf
                0x08007034                printf
 .text._puts_r  0x08007058       0xaa C:/ST/STM32CubeIDE_1.15.1/STM32CubeIDE/plugins/com.st.stm32cube.ide.mcu.externaltools.gnu-tools-for-stm32.12.3.rel1.win32_1.0.100.202403111256/tools/bin/../lib/gcc/arm-none-eabi/12.3.1/../../../../arm-none-eabi/lib/thumb/v7e-m+fp/hard\libc_nano.a(libc_a-puts.o)
                0x08007058                _puts_r
 *fill*         0x08007102        0x2 
 .text.puts     0x08007104       0x10 C:/ST/STM32CubeIDE_1.15.1/STM32CubeIDE/plugins/com.st.stm32cube.ide.mcu.externaltools.gnu-tools-for-stm32.12.3.rel1.win32_1.0.100.202403111256/tools/bin/../lib/gcc/arm-none-eabi/12.3.1/../../../../arm-none-eabi/lib/thumb/v7e-m+fp/hard\libc_nano.a(libc_a-puts.o)
                0x08007104                puts
 .text.__sread  0x08007114       0x22 C:/ST/STM32CubeIDE_1.15.1/STM32CubeIDE/plugins/com.st.stm32cube.ide.mcu.externaltools.gnu-tools-for-stm32.12.3.rel1.win32_1.0.100.202403111256/tools/bin/../lib/gcc/arm-none-eabi/12.3.1/../../../../arm-none-eabi/lib/thumb/v7e-m+fp/hard\libc_nano.a(libc_a-stdio.o)
                0x08007114                __sread
 .text.__swrite
                0x08007136       0x38 C:/ST/STM32CubeIDE_1.15.1/STM32CubeIDE/plugins/com.st.stm32cube.ide.mcu.externaltools.gnu-tools-for-stm32.12.3.rel1.win32_1.0.100.202403111256/tools/bin/../lib/gcc/arm-none-eabi/12.3.1/../../../../arm-none-eabi/lib/thumb/v7e-m+fp/hard\libc_nano.a(libc_a-stdio.o)
                0x08007136                __swrite
 .text.__sseek  0x0800716e       0x24 C:/ST/STM32CubeIDE_1.15.1/STM32CubeIDE/plugins/com.st.stm32cube.ide.mcu.externaltools.gnu-tools-for-stm32.12.3.rel1.win32_1.0.100.202403111256/tools/bin/../lib/gcc/arm-none-eabi/12.3.1/../../../../arm-none-eabi/lib/thumb/v7e-m+fp/hard\libc_nano.a(libc_a-stdio.o)
                0x0800716e                __sseek
 .text.__sclose
                0x08007192        0x8 C:/ST/STM32CubeIDE_1.15.1/STM32CubeIDE/plugins/com.st.stm32cube.ide.mcu.externaltools.gnu-tools-for-stm32.12.3.rel1.win32_1.0.100.202403111256/tools/bin/../lib/gcc/arm-none-eabi/12.3.1/../../../../arm-none-eabi/lib/thumb/v7e-m+fp/hard\libc_nano.a(libc_a-stdio.o)
                0x08007192                __sclose
 .text.__swbuf_r
                0x0800719a       0x7c C:/ST/STM32CubeIDE_1.15.1/STM32CubeIDE/plugins/com.st.stm32cube.ide.mcu.externaltools.gnu-tools-for-stm32.12.3.rel1.win32_1.0.100.202403111256/tools/bin/../lib/gcc/arm-none-eabi/12.3.1/../../../../arm-none-eabi/lib/thumb/v7e-m+fp/hard\libc_nano.a(libc_a-wbuf.o)
                0x0800719a                __swbuf_r
 *fill*         0x08007216        0x2 
 .text.__swsetup_r
                0x08007218       0xac C:/ST/STM32CubeIDE_1.15.1/STM32CubeIDE/plugins/com.st.stm32cube.ide.mcu.externaltools.gnu-tools-for-stm32.12.3.rel1.win32_1.0.100.202403111256/tools/bin/../lib/gcc/arm-none-eabi/12.3.1/../../../../arm-none-eabi/lib/thumb/v7e-m+fp/hard\libc_nano.a(libc_a-wsetup.o)
                0x08007218                __swsetup_r
 .text.memset   0x080072c4       0x10 C:/ST/STM32CubeIDE_1.15.1/STM32CubeIDE/plugins/com.st.stm32cube.ide.mcu.externaltools.gnu-tools-for-stm32.12.3.rel1.win32_1.0.100.202403111256/tools/bin/../lib/gcc/arm-none-eabi/12.3.1/../../../../arm-none-eabi/lib/thumb/v7e-m+fp/hard\libc_nano.a(libc_a-memset.o)
                0x080072c4                memset
 .text._close_r
                0x080072d4       0x20 C:/ST/STM32CubeIDE_1.15.1/STM32CubeIDE/plugins/com.st.stm32cube.ide.mcu.externaltools.gnu-tools-for-stm32.12.3.rel1.win32_1.0.100.202403111256/tools/bin/../lib/gcc/arm-none-eabi/12.3.1/../../../../arm-none-eabi/lib/thumb/v7e-m+fp/hard\libc_nano.a(libc_a-closer.o)
                0x080072d4                _close_r
 .text._lseek_r
                0x080072f4       0x24 C:/ST/STM32CubeIDE_1.15.1/STM32CubeIDE/plugins/com.st.stm32cube.ide.mcu.externaltools.gnu-tools-for-stm32.12.3.rel1.win32_1.0.100.202403111256/tools/bin/../lib/gcc/arm-none-eabi/12.3.1/../../../../arm-none-eabi/lib/thumb/v7e-m+fp/hard\libc_nano.a(libc_a-lseekr.o)
                0x080072f4                _lseek_r
 .text._read_r  0x08007318       0x24 C:/ST/STM32CubeIDE_1.15.1/STM32CubeIDE/plugins/com.st.stm32cube.ide.mcu.externaltools.gnu-tools-for-stm32.12.3.rel1.win32_1.0.100.202403111256/tools/bin/../lib/gcc/arm-none-eabi/12.3.1/../../../../arm-none-eabi/lib/thumb/v7e-m+fp/hard\libc_nano.a(libc_a-readr.o)
                0x08007318                _read_r
 .text._write_r
                0x0800733c       0x24 C:/ST/STM32CubeIDE_1.15.1/STM32CubeIDE/plugins/com.st.stm32cube.ide.mcu.externaltools.gnu-tools-for-stm32.12.3.rel1.win32_1.0.100.202403111256/tools/bin/../lib/gcc/arm-none-eabi/12.3.1/../../../../arm-none-eabi/lib/thumb/v7e-m+fp/hard\libc_nano.a(libc_a-writer.o)
                0x0800733c                _write_r
 .text.__errno  0x08007360        0xc C:/ST/STM32CubeIDE_1.15.1/STM32CubeIDE/plugins/com.st.stm32cube.ide.mcu.externaltools.gnu-tools-for-stm32.12.3.rel1.win32_1.0.100.202403111256/tools/bin/../lib/gcc/arm-none-eabi/12.3.1/../../../../arm-none-eabi/lib/thumb/v7e-m+fp/hard\libc_nano.a(libc_a-errno.o)
                0x08007360                __errno
 .text.__libc_init_array
                0x0800736c       0x48 C:/ST/STM32CubeIDE_1.15.1/STM32CubeIDE/plugins/com.st.stm32cube.ide.mcu.externaltools.gnu-tools-for-stm32.12.3.rel1.win32_1.0.100.202403111256/tools/bin/../lib/gcc/arm-none-eabi/12.3.1/../../../../arm-none-eabi/lib/thumb/v7e-m+fp/hard\libc_nano.a(libc_a-init.o)
                0x0800736c                __libc_init_array
 .text.__retarget_lock_init_recursive
                0x080073b4        0x2 C:/ST/STM32CubeIDE_1.15.1/STM32CubeIDE/plugins/com.st.stm32cube.ide.mcu.externaltools.gnu-tools-for-stm32.12.3.rel1.win32_1.0.100.202403111256/tools/bin/../lib/gcc/arm-none-eabi/12.3.1/../../../../arm-none-eabi/lib/thumb/v7e-m+fp/hard\libc_nano.a(libc_a-lock.o)
                0x080073b4                __retarget_lock_init_recursive
 .text.__retarget_lock_acquire_recursive
                0x080073b6        0x2 C:/ST/STM32CubeIDE_1.15.1/STM32CubeIDE/plugins/com.st.stm32cube.ide.mcu.externaltools.gnu-tools-for-stm32.12.3.rel1.win32_1.0.100.202403111256/tools/bin/../lib/gcc/arm-none-eabi/12.3.1/../../../../arm-none-eabi/lib/thumb/v7e-m+fp/hard\libc_nano.a(libc_a-lock.o)
                0x080073b6                __retarget_lock_acquire_recursive
 .text.__retarget_lock_release_recursive
                0x080073b8        0x2 C:/ST/STM32CubeIDE_1.15.1/STM32CubeIDE/plugins/com.st.stm32cube.ide.mcu.externaltools.gnu-tools-for-stm32.12.3.rel1.win32_1.0.100.202403111256/tools/bin/../lib/gcc/arm-none-eabi/12.3.1/../../../../arm-none-eabi/lib/thumb/v7e-m+fp/hard\libc_nano.a(libc_a-lock.o)
                0x080073b8                __retarget_lock_release_recursive
 *fill*         0x080073ba        0x2 
 .text._free_r  0x080073bc       0x94 C:/ST/STM32CubeIDE_1.15.1/STM32CubeIDE/plugins/com.st.stm32cube.ide.mcu.externaltools.gnu-tools-for-stm32.12.3.rel1.win32_1.0.100.202403111256/tools/bin/../lib/gcc/arm-none-eabi/12.3.1/../../../../arm-none-eabi/lib/thumb/v7e-m+fp/hard\libc_nano.a(libc_a-freer.o)
                0x080073bc                _free_r
 .text.sbrk_aligned
                0x08007450       0x44 C:/ST/STM32CubeIDE_1.15.1/STM32CubeIDE/plugins/com.st.stm32cube.ide.mcu.externaltools.gnu-tools-for-stm32.12.3.rel1.win32_1.0.100.202403111256/tools/bin/../lib/gcc/arm-none-eabi/12.3.1/../../../../arm-none-eabi/lib/thumb/v7e-m+fp/hard\libc_nano.a(libc_a-mallocr.o)
 .text._malloc_r
                0x08007494      0x100 C:/ST/STM32CubeIDE_1.15.1/STM32CubeIDE/plugins/com.st.stm32cube.ide.mcu.externaltools.gnu-tools-for-stm32.12.3.rel1.win32_1.0.100.202403111256/tools/bin/../lib/gcc/arm-none-eabi/12.3.1/../../../../arm-none-eabi/lib/thumb/v7e-m+fp/hard\libc_nano.a(libc_a-mallocr.o)
                0x08007494                _malloc_r
 .text.__malloc_lock
                0x08007594        0xc C:/ST/STM32CubeIDE_1.15.1/STM32CubeIDE/plugins/com.st.stm32cube.ide.mcu.externaltools.gnu-tools-for-stm32.12.3.rel1.win32_1.0.100.202403111256/tools/bin/../lib/gcc/arm-none-eabi/12.3.1/../../../../arm-none-eabi/lib/thumb/v7e-m+fp/hard\libc_nano.a(libc_a-mlock.o)
                0x08007594                __malloc_lock
 .text.__malloc_unlock
                0x080075a0        0xc C:/ST/STM32CubeIDE_1.15.1/STM32CubeIDE/plugins/com.st.stm32cube.ide.mcu.externaltools.gnu-tools-for-stm32.12.3.rel1.win32_1.0.100.202403111256/tools/bin/../lib/gcc/arm-none-eabi/12.3.1/../../../../arm-none-eabi/lib/thumb/v7e-m+fp/hard\libc_nano.a(libc_a-mlock.o)
                0x080075a0                __malloc_unlock
 .text.__sfputc_r
                0x080075ac       0x2e C:/ST/STM32CubeIDE_1.15.1/STM32CubeIDE/plugins/com.st.stm32cube.ide.mcu.externaltools.gnu-tools-for-stm32.12.3.rel1.win32_1.0.100.202403111256/tools/bin/../lib/gcc/arm-none-eabi/12.3.1/../../../../arm-none-eabi/lib/thumb/v7e-m+fp/hard\libc_nano.a(libc_a-nano-vfprintf.o)
 .text.__sfputs_r
                0x080075da       0x24 C:/ST/STM32CubeIDE_1.15.1/STM32CubeIDE/plugins/com.st.stm32cube.ide.mcu.externaltools.gnu-tools-for-stm32.12.3.rel1.win32_1.0.100.202403111256/tools/bin/../lib/gcc/arm-none-eabi/12.3.1/../../../../arm-none-eabi/lib/thumb/v7e-m+fp/hard\libc_nano.a(libc_a-nano-vfprintf.o)
                0x080075da                __sfputs_r
 *fill*         0x080075fe        0x2 
 .text._vfprintf_r
                0x08007600      0x230 C:/ST/STM32CubeIDE_1.15.1/STM32CubeIDE/plugins/com.st.stm32cube.ide.mcu.externaltools.gnu-tools-for-stm32.12.3.rel1.win32_1.0.100.202403111256/tools/bin/../lib/gcc/arm-none-eabi/12.3.1/../../../../arm-none-eabi/lib/thumb/v7e-m+fp/hard\libc_nano.a(libc_a-nano-vfprintf.o)
                0x08007600                _vfprintf_r
                0x08007600                _vfiprintf_r
 .text._printf_common
                0x08007830       0xda C:/ST/STM32CubeIDE_1.15.1/STM32CubeIDE/plugins/com.st.stm32cube.ide.mcu.externaltools.gnu-tools-for-stm32.12.3.rel1.win32_1.0.100.202403111256/tools/bin/../lib/gcc/arm-none-eabi/12.3.1/../../../../arm-none-eabi/lib/thumb/v7e-m+fp/hard\libc_nano.a(libc_a-nano-vfprintf_i.o)
                0x08007830                _printf_common
 *fill*         0x0800790a        0x2 
 .text._printf_i
                0x0800790c      0x240 C:/ST/STM32CubeIDE_1.15.1/STM32CubeIDE/plugins/com.st.stm32cube.ide.mcu.externaltools.gnu-tools-for-stm32.12.3.rel1.win32_1.0.100.202403111256/tools/bin/../lib/gcc/arm-none-eabi/12.3.1/../../../../arm-none-eabi/lib/thumb/v7e-m+fp/hard\libc_nano.a(libc_a-nano-vfprintf_i.o)
                0x0800790c                _printf_i
 .text.__sflush_r
                0x08007b4c      0x108 C:/ST/STM32CubeIDE_1.15.1/STM32CubeIDE/plugins/com.st.stm32cube.ide.mcu.externaltools.gnu-tools-for-stm32.12.3.rel1.win32_1.0.100.202403111256/tools/bin/../lib/gcc/arm-none-eabi/12.3.1/../../../../arm-none-eabi/lib/thumb/v7e-m+fp/hard\libc_nano.a(libc_a-fflush.o)
                0x08007b4c                __sflush_r
 .text._fflush_r
                0x08007c54       0x50 C:/ST/STM32CubeIDE_1.15.1/STM32CubeIDE/plugins/com.st.stm32cube.ide.mcu.externaltools.gnu-tools-for-stm32.12.3.rel1.win32_1.0.100.202403111256/tools/bin/../lib/gcc/arm-none-eabi/12.3.1/../../../../arm-none-eabi/lib/thumb/v7e-m+fp/hard\libc_nano.a(libc_a-fflush.o)
                0x08007c54                _fflush_r
 .text.__swhatbuf_r
                0x08007ca4       0x4c C:/ST/STM32CubeIDE_1.15.1/STM32CubeIDE/plugins/com.st.stm32cube.ide.mcu.externaltools.gnu-tools-for-stm32.12.3.rel1.win32_1.0.100.202403111256/tools/bin/../lib/gcc/arm-none-eabi/12.3.1/../../../../arm-none-eabi/lib/thumb/v7e-m+fp/hard\libc_nano.a(libc_a-makebuf.o)
                0x08007ca4                __swhatbuf_r
 .text.__smakebuf_r
                0x08007cf0       0x78 C:/ST/STM32CubeIDE_1.15.1/STM32CubeIDE/plugins/com.st.stm32cube.ide.mcu.externaltools.gnu-tools-for-stm32.12.3.rel1.win32_1.0.100.202403111256/tools/bin/../lib/gcc/arm-none-eabi/12.3.1/../../../../arm-none-eabi/lib/thumb/v7e-m+fp/hard\libc_nano.a(libc_a-makebuf.o)
                0x08007cf0                __smakebuf_r
 .text._fstat_r
                0x08007d68       0x24 C:/ST/STM32CubeIDE_1.15.1/STM32CubeIDE/plugins/com.st.stm32cube.ide.mcu.externaltools.gnu-tools-for-stm32.12.3.rel1.win32_1.0.100.202403111256/tools/bin/../lib/gcc/arm-none-eabi/12.3.1/../../../../arm-none-eabi/lib/thumb/v7e-m+fp/hard\libc_nano.a(libc_a-fstatr.o)
                0x08007d68                _fstat_r
 .text._isatty_r
                0x08007d8c       0x20 C:/ST/STM32CubeIDE_1.15.1/STM32CubeIDE/plugins/com.st.stm32cube.ide.mcu.externaltools.gnu-tools-for-stm32.12.3.rel1.win32_1.0.100.202403111256/tools/bin/../lib/gcc/arm-none-eabi/12.3.1/../../../../arm-none-eabi/lib/thumb/v7e-m+fp/hard\libc_nano.a(libc_a-isattyr.o)
                0x08007d8c                _isatty_r
 .text._sbrk_r  0x08007dac       0x20 C:/ST/STM32CubeIDE_1.15.1/STM32CubeIDE/plugins/com.st.stm32cube.ide.mcu.externaltools.gnu-tools-for-stm32.12.3.rel1.win32_1.0.100.202403111256/tools/bin/../lib/gcc/arm-none-eabi/12.3.1/../../../../arm-none-eabi/lib/thumb/v7e-m+fp/hard\libc_nano.a(libc_a-sbrkr.o)
                0x08007dac                _sbrk_r
 *(.glue_7)
 .glue_7        0x08007dcc        0x0 linker stubs
 *(.glue_7t)
 .glue_7t       0x08007dcc        0x0 linker stubs
 *(.eh_frame)
 .eh_frame      0x08007dcc        0x0 C:/ST/STM32CubeIDE_1.15.1/STM32CubeIDE/plugins/com.st.stm32cube.ide.mcu.externaltools.gnu-tools-for-stm32.12.3.rel1.win32_1.0.100.202403111256/tools/bin/../lib/gcc/arm-none-eabi/12.3.1/thumb/v7e-m+fp/hard/crtbegin.o
 *(.init)
 .init          0x08007dcc        0x4 C:/ST/STM32CubeIDE_1.15.1/STM32CubeIDE/plugins/com.st.stm32cube.ide.mcu.externaltools.gnu-tools-for-stm32.12.3.rel1.win32_1.0.100.202403111256/tools/bin/../lib/gcc/arm-none-eabi/12.3.1/thumb/v7e-m+fp/hard/crti.o
                0x08007dcc                _init
 .init          0x08007dd0        0x8 C:/ST/STM32CubeIDE_1.15.1/STM32CubeIDE/plugins/com.st.stm32cube.ide.mcu.externaltools.gnu-tools-for-stm32.12.3.rel1.win32_1.0.100.202403111256/tools/bin/../lib/gcc/arm-none-eabi/12.3.1/thumb/v7e-m+fp/hard/crtn.o
 *(.fini)
 .fini          0x08007dd8        0x4 C:/ST/STM32CubeIDE_1.15.1/STM32CubeIDE/plugins/com.st.stm32cube.ide.mcu.externaltools.gnu-tools-for-stm32.12.3.rel1.win32_1.0.100.202403111256/tools/bin/../lib/gcc/arm-none-eabi/12.3.1/thumb/v7e-m+fp/hard/crti.o
                0x08007dd8                _fini
 .fini          0x08007ddc        0x8 C:/ST/STM32CubeIDE_1.15.1/STM32CubeIDE/plugins/com.st.stm32cube.ide.mcu.externaltools.gnu-tools-for-stm32.12.3.rel1.win32_1.0.100.202403111256/tools/bin/../lib/gcc/arm-none-eabi/12.3.1/thumb/v7e-m+fp/hard/crtn.o
                0x08007de4                        . = ALIGN (0x4)
                0x08007de4                        _etext = .

.vfp11_veneer   0x08007de4        0x0
 .vfp11_veneer  0x08007de4        0x0 linker stubs

.v4_bx          0x08007de4        0x0
 .v4_bx         0x08007de4        0x0 linker stubs

.iplt           0x08007de4        0x0
 .iplt          0x08007de4        0x0 C:/ST/STM32CubeIDE_1.15.1/STM32CubeIDE/plugins/com.st.stm32cube.ide.mcu.externaltools.gnu-tools-for-stm32.12.3.rel1.win32_1.0.100.202403111256/tools/bin/../lib/gcc/arm-none-eabi/12.3.1/thumb/v7e-m+fp/hard/crtbegin.o

.rodata         0x08007de4      0x228
                0x08007de4                        . = ALIGN (0x4)
 *(.rodata)
 .rodata        0x08007de4      0x1d9 ./Core/Src/pcap.o
 *(.rodata*)
 *fill*         0x08007fbd        0x3 
 .rodata.AHBPrescTable
                0x08007fc0       0x10 ./Core/Src/system_stm32f4xx.o
                0x08007fc0                AHBPrescTable
 .rodata.APBPrescTable
                0x08007fd0        0x8 ./Core/Src/system_stm32f4xx.o
                0x08007fd0                APBPrescTable
 .rodata._vfprintf_r.str1.1
                0x08007fd8       0x11 C:/ST/STM32CubeIDE_1.15.1/STM32CubeIDE/plugins/com.st.stm32cube.ide.mcu.externaltools.gnu-tools-for-stm32.12.3.rel1.win32_1.0.100.202403111256/tools/bin/../lib/gcc/arm-none-eabi/12.3.1/../../../../arm-none-eabi/lib/thumb/v7e-m+fp/hard\libc_nano.a(libc_a-nano-vfprintf.o)
 .rodata._printf_i.str1.1
                0x08007fe9       0x22 C:/ST/STM32CubeIDE_1.15.1/STM32CubeIDE/plugins/com.st.stm32cube.ide.mcu.externaltools.gnu-tools-for-stm32.12.3.rel1.win32_1.0.100.202403111256/tools/bin/../lib/gcc/arm-none-eabi/12.3.1/../../../../arm-none-eabi/lib/thumb/v7e-m+fp/hard\libc_nano.a(libc_a-nano-vfprintf_i.o)
                0x0800800c                        . = ALIGN (0x4)
 *fill*         0x0800800b        0x1 

.ARM.extab      0x0800800c        0x0
                0x0800800c                        . = ALIGN (0x4)
 *(.ARM.extab* .gnu.linkonce.armextab.*)
                0x0800800c                        . = ALIGN (0x4)

.ARM            0x0800800c        0x8
                0x0800800c                        . = ALIGN (0x4)
                0x0800800c                        __exidx_start = .
 *(.ARM.exidx*)
 .ARM.exidx     0x0800800c        0x8 C:/ST/STM32CubeIDE_1.15.1/STM32CubeIDE/plugins/com.st.stm32cube.ide.mcu.externaltools.gnu-tools-for-stm32.12.3.rel1.win32_1.0.100.202403111256/tools/bin/../lib/gcc/arm-none-eabi/12.3.1/../../../../arm-none-eabi/lib/thumb/v7e-m+fp/hard\libc_nano.a(libc_a-memchr.o)
 .ARM.exidx     0x08008014        0x0 C:/ST/STM32CubeIDE_1.15.1/STM32CubeIDE/plugins/com.st.stm32cube.ide.mcu.externaltools.gnu-tools-for-stm32.12.3.rel1.win32_1.0.100.202403111256/tools/bin/../lib/gcc/arm-none-eabi/12.3.1/thumb/v7e-m+fp/hard\libgcc.a(_udivmoddi4.o)
                                  0x8 (size before relaxing)
                0x08008014                        __exidx_end = .
                0x08008014                        . = ALIGN (0x4)

.preinit_array  0x08008014        0x0
                0x08008014                        . = ALIGN (0x4)
                0x08008014                        PROVIDE (__preinit_array_start = .)
 *(.preinit_array*)
                0x08008014                        PROVIDE (__preinit_array_end = .)
                0x08008014                        . = ALIGN (0x4)

.init_array     0x08008014        0x4
                0x08008014                        . = ALIGN (0x4)
                0x08008014                        PROVIDE (__init_array_start = .)
 *(SORT_BY_NAME(.init_array.*))
 *(.init_array*)
 .init_array    0x08008014        0x4 C:/ST/STM32CubeIDE_1.15.1/STM32CubeIDE/plugins/com.st.stm32cube.ide.mcu.externaltools.gnu-tools-for-stm32.12.3.rel1.win32_1.0.100.202403111256/tools/bin/../lib/gcc/arm-none-eabi/12.3.1/thumb/v7e-m+fp/hard/crtbegin.o
                0x08008018                        PROVIDE (__init_array_end = .)
                0x08008018                        . = ALIGN (0x4)

.fini_array     0x08008018        0x4
                0x08008018                        . = ALIGN (0x4)
                [!provide]                        PROVIDE (__fini_array_start = .)
 *(SORT_BY_NAME(.fini_array.*))
 *(.fini_array*)
 .fini_array    0x08008018        0x4 C:/ST/STM32CubeIDE_1.15.1/STM32CubeIDE/plugins/com.st.stm32cube.ide.mcu.externaltools.gnu-tools-for-stm32.12.3.rel1.win32_1.0.100.202403111256/tools/bin/../lib/gcc/arm-none-eabi/12.3.1/thumb/v7e-m+fp/hard/crtbegin.o
                [!provide]                        PROVIDE (__fini_array_end = .)
                0x0800801c                        . = ALIGN (0x4)
                0x0800801c                        _sidata = LOADADDR (.data)

.rel.dyn        0x0800801c        0x0
 .rel.iplt      0x0800801c        0x0 C:/ST/STM32CubeIDE_1.15.1/STM32CubeIDE/plugins/com.st.stm32cube.ide.mcu.externaltools.gnu-tools-for-stm32.12.3.rel1.win32_1.0.100.202403111256/tools/bin/../lib/gcc/arm-none-eabi/12.3.1/thumb/v7e-m+fp/hard/crtbegin.o

.data           0x20000000       0x68 load address 0x0800801c
                0x20000000                        . = ALIGN (0x4)
                0x20000000                        _sdata = .
 *(.data)
 *(.data*)
 .data.SystemCoreClock
                0x20000000        0x4 ./Core/Src/system_stm32f4xx.o
                0x20000000                SystemCoreClock
 .data.uwTickPrio
                0x20000004        0x4 ./Drivers/STM32F4xx_HAL_Driver/Src/stm32f4xx_hal.o
                0x20000004                uwTickPrio
 .data.uwTickFreq
                0x20000008        0x1 ./Drivers/STM32F4xx_HAL_Driver/Src/stm32f4xx_hal.o
                0x20000008                uwTickFreq
 *fill*         0x20000009        0x3 
 .data.__sglue  0x2000000c        0xc C:/ST/STM32CubeIDE_1.15.1/STM32CubeIDE/plugins/com.st.stm32cube.ide.mcu.externaltools.gnu-tools-for-stm32.12.3.rel1.win32_1.0.100.202403111256/tools/bin/../lib/gcc/arm-none-eabi/12.3.1/../../../../arm-none-eabi/lib/thumb/v7e-m+fp/hard\libc_nano.a(libc_a-findfp.o)
                0x2000000c                __sglue
 .data._impure_ptr
                0x20000018        0x4 C:/ST/STM32CubeIDE_1.15.1/STM32CubeIDE/plugins/com.st.stm32cube.ide.mcu.externaltools.gnu-tools-for-stm32.12.3.rel1.win32_1.0.100.202403111256/tools/bin/../lib/gcc/arm-none-eabi/12.3.1/../../../../arm-none-eabi/lib/thumb/v7e-m+fp/hard\libc_nano.a(libc_a-impure.o)
                0x20000018                _impure_ptr
 .data._impure_data
                0x2000001c       0x4c C:/ST/STM32CubeIDE_1.15.1/STM32CubeIDE/plugins/com.st.stm32cube.ide.mcu.externaltools.gnu-tools-for-stm32.12.3.rel1.win32_1.0.100.202403111256/tools/bin/../lib/gcc/arm-none-eabi/12.3.1/../../../../arm-none-eabi/lib/thumb/v7e-m+fp/hard\libc_nano.a(libc_a-impure.o)
                0x2000001c                _impure_data
 *(.RamFunc)
 *(.RamFunc*)
                0x20000068                        . = ALIGN (0x4)
                0x20000068                        _edata = .

.igot.plt       0x20000068        0x0 load address 0x08008084
 .igot.plt      0x20000068        0x0 C:/ST/STM32CubeIDE_1.15.1/STM32CubeIDE/plugins/com.st.stm32cube.ide.mcu.externaltools.gnu-tools-for-stm32.12.3.rel1.win32_1.0.100.202403111256/tools/bin/../lib/gcc/arm-none-eabi/12.3.1/thumb/v7e-m+fp/hard/crtbegin.o
                0x20000068                        . = ALIGN (0x4)

.bss            0x20000068      0x4a8 load address 0x08008084
                0x20000068                        _sbss = .
                0x20000068                        __bss_start__ = _sbss
 *(.bss)
 .bss           0x20000068       0x1c C:/ST/STM32CubeIDE_1.15.1/STM32CubeIDE/plugins/com.st.stm32cube.ide.mcu.externaltools.gnu-tools-for-stm32.12.3.rel1.win32_1.0.100.202403111256/tools/bin/../lib/gcc/arm-none-eabi/12.3.1/thumb/v7e-m+fp/hard/crtbegin.o
 *(.bss*)
 .bss.Etc_Buffer_Out
                0x20000084       0x20 ./Core/Src/lan9252.o
                0x20000084                Etc_Buffer_Out
 .bss.Etc_Buffer_In
                0x200000a4       0x20 ./Core/Src/lan9252.o
                0x200000a4                Etc_Buffer_In
 .bss.hi2c1     0x200000c4       0x54 ./Core/Src/main.o
                0x200000c4                hi2c1
 .bss.hi2c2     0x20000118       0x54 ./Core/Src/main.o
                0x20000118                hi2c2
 .bss.hspi1     0x2000016c       0x58 ./Core/Src/main.o
                0x2000016c                hspi1
 .bss.hspi2     0x200001c4       0x58 ./Core/Src/main.o
                0x200001c4                hspi2
 .bss.hspi5     0x2000021c       0x58 ./Core/Src/main.o
                0x2000021c                hspi5
 .bss.htim4     0x20000274       0x48 ./Core/Src/main.o
                0x20000274                htim4
 .bss.pcap_init_ok
                0x200002bc        0x1 ./Core/Src/main.o
                0x200002bc                pcap_init_ok
 .bss.etc_init_ok
                0x200002bd        0x1 ./Core/Src/main.o
                0x200002bd                etc_init_ok
 .bss.Adxl345_init_ok
                0x200002be        0x1 ./Core/Src/main.o
                0x200002be                Adxl345_init_ok
 *fill*         0x200002bf        0x1 
 .bss.tmc4671_controller
                0x200002c0       0x5c ./Core/Src/main.o
                0x200002c0                tmc4671_controller
 .bss.set_command_flag
                0x2000031c        0x1 ./Core/Src/main.o
                0x2000031c                set_command_flag
 .bss.get_command_flag
                0x2000031d        0x1 ./Core/Src/main.o
                0x2000031d                get_command_flag
 .bss.continuous_tx_flag
                0x2000031e        0x1 ./Core/Src/main.o
                0x2000031e                continuous_tx_flag
 .bss.accelerometer_flag
                0x2000031f        0x1 ./Core/Src/main.o
                0x2000031f                accelerometer_flag
 .bss.etc_old_command
                0x20000320        0x2 ./Core/Src/main.o
                0x20000320                etc_old_command
 *fill*         0x20000322        0x2 
 .bss.etc_old_data
                0x20000324        0x4 ./Core/Src/main.o
                0x20000324                etc_old_data
 .bss.etc_new_command
                0x20000328        0x2 ./Core/Src/main.o
                0x20000328                etc_new_command
 *fill*         0x2000032a        0x2 
 .bss.etc_new_data
                0x2000032c        0x4 ./Core/Src/main.o
                0x2000032c                etc_new_data
 .bss.etc_digital_output
                0x20000330        0x4 ./Core/Src/main.o
                0x20000330                etc_digital_output
 .bss.etc_analog_output_0_1
                0x20000334        0x4 ./Core/Src/main.o
                0x20000334                etc_analog_output_0_1
 .bss.etc_analog_output_2_3
                0x20000338        0x4 ./Core/Src/main.o
                0x20000338                etc_analog_output_2_3
 .bss.etc_analog_output_0
                0x2000033c        0x2 ./Core/Src/main.o
                0x2000033c                etc_analog_output_0
 .bss.etc_analog_output_1
                0x2000033e        0x2 ./Core/Src/main.o
                0x2000033e                etc_analog_output_1
 .bss.etc_analog_output_2
                0x20000340        0x2 ./Core/Src/main.o
                0x20000340                etc_analog_output_2
 .bss.etc_analog_output_3
                0x20000342        0x2 ./Core/Src/main.o
                0x20000342                etc_analog_output_3
 .bss.TxData    0x20000344        0x4 ./Core/Src/main.o
                0x20000344                TxData
 .bss.TxStatus  0x20000348        0x2 ./Core/Src/main.o
                0x20000348                TxStatus
 .bss.Pcap_status
                0x2000034a        0x1 ./Core/Src/main.o
                0x2000034a                Pcap_status
 .bss.set_Execution_count
                0x2000034b        0x1 ./Core/Src/main.o
                0x2000034b                set_Execution_count
 .bss.get_Execution_count
                0x2000034c        0x1 ./Core/Src/main.o
                0x2000034c                get_Execution_count
 .bss.set_sent_count
                0x2000034d        0x1 ./Core/Src/main.o
                0x2000034d                set_sent_count
 .bss.get_sent_count
                0x2000034e        0x1 ./Core/Src/main.o
                0x2000034e                get_sent_count
 .bss.adxl_sent_count
                0x2000034f        0x1 ./Core/Src/main.o
                0x2000034f                adxl_sent_count
 .bss.accel_g   0x20000350        0x4 ./Core/Src/main.o
                0x20000350                accel_g
 *fill*         0x20000354        0x4 
 .bss.mAvg      0x20000358       0x50 ./Core/Src/pcap.o
                0x20000358                mAvg
 .bss.pcap_capval
                0x200003a8        0x4 ./Core/Src/pcap.o
                0x200003a8                pcap_capval
 .bss.pcap_tempval
                0x200003ac        0x4 ./Core/Src/pcap.o
                0x200003ac                pcap_tempval
 .bss.pcap_capval_check1
                0x200003b0        0x4 ./Core/Src/pcap.o
                0x200003b0                pcap_capval_check1
 .bss.pcap_capval_check2
                0x200003b4        0x4 ./Core/Src/pcap.o
                0x200003b4                pcap_capval_check2
 .bss.pcap_capval_avg
                0x200003b8        0x4 ./Core/Src/pcap.o
                0x200003b8                pcap_capval_avg
 .bss.__sbrk_heap_end
                0x200003bc        0x4 ./Core/Src/sysmem.o
 .bss.uwTick    0x200003c0        0x4 ./Drivers/STM32F4xx_HAL_Driver/Src/stm32f4xx_hal.o
                0x200003c0                uwTick
 .bss.__sf      0x200003c4      0x138 C:/ST/STM32CubeIDE_1.15.1/STM32CubeIDE/plugins/com.st.stm32cube.ide.mcu.externaltools.gnu-tools-for-stm32.12.3.rel1.win32_1.0.100.202403111256/tools/bin/../lib/gcc/arm-none-eabi/12.3.1/../../../../arm-none-eabi/lib/thumb/v7e-m+fp/hard\libc_nano.a(libc_a-findfp.o)
                0x200003c4                __sf
 .bss.__stdio_exit_handler
                0x200004fc        0x4 C:/ST/STM32CubeIDE_1.15.1/STM32CubeIDE/plugins/com.st.stm32cube.ide.mcu.externaltools.gnu-tools-for-stm32.12.3.rel1.win32_1.0.100.202403111256/tools/bin/../lib/gcc/arm-none-eabi/12.3.1/../../../../arm-none-eabi/lib/thumb/v7e-m+fp/hard\libc_nano.a(libc_a-findfp.o)
                0x200004fc                __stdio_exit_handler
 .bss.errno     0x20000500        0x4 C:/ST/STM32CubeIDE_1.15.1/STM32CubeIDE/plugins/com.st.stm32cube.ide.mcu.externaltools.gnu-tools-for-stm32.12.3.rel1.win32_1.0.100.202403111256/tools/bin/../lib/gcc/arm-none-eabi/12.3.1/../../../../arm-none-eabi/lib/thumb/v7e-m+fp/hard\libc_nano.a(libc_a-reent.o)
                0x20000500                errno
 .bss.__lock___malloc_recursive_mutex
                0x20000504        0x1 C:/ST/STM32CubeIDE_1.15.1/STM32CubeIDE/plugins/com.st.stm32cube.ide.mcu.externaltools.gnu-tools-for-stm32.12.3.rel1.win32_1.0.100.202403111256/tools/bin/../lib/gcc/arm-none-eabi/12.3.1/../../../../arm-none-eabi/lib/thumb/v7e-m+fp/hard\libc_nano.a(libc_a-lock.o)
                0x20000504                __lock___malloc_recursive_mutex
 .bss.__lock___sfp_recursive_mutex
                0x20000505        0x1 C:/ST/STM32CubeIDE_1.15.1/STM32CubeIDE/plugins/com.st.stm32cube.ide.mcu.externaltools.gnu-tools-for-stm32.12.3.rel1.win32_1.0.100.202403111256/tools/bin/../lib/gcc/arm-none-eabi/12.3.1/../../../../arm-none-eabi/lib/thumb/v7e-m+fp/hard\libc_nano.a(libc_a-lock.o)
                0x20000505                __lock___sfp_recursive_mutex
 *fill*         0x20000506        0x2 
 .bss.__malloc_sbrk_start
                0x20000508        0x4 C:/ST/STM32CubeIDE_1.15.1/STM32CubeIDE/plugins/com.st.stm32cube.ide.mcu.externaltools.gnu-tools-for-stm32.12.3.rel1.win32_1.0.100.202403111256/tools/bin/../lib/gcc/arm-none-eabi/12.3.1/../../../../arm-none-eabi/lib/thumb/v7e-m+fp/hard\libc_nano.a(libc_a-mallocr.o)
                0x20000508                __malloc_sbrk_start
 .bss.__malloc_free_list
                0x2000050c        0x4 C:/ST/STM32CubeIDE_1.15.1/STM32CubeIDE/plugins/com.st.stm32cube.ide.mcu.externaltools.gnu-tools-for-stm32.12.3.rel1.win32_1.0.100.202403111256/tools/bin/../lib/gcc/arm-none-eabi/12.3.1/../../../../arm-none-eabi/lib/thumb/v7e-m+fp/hard\libc_nano.a(libc_a-mallocr.o)
                0x2000050c                __malloc_free_list
 *(COMMON)
                0x20000510                        . = ALIGN (0x4)
                0x20000510                        _ebss = .
                0x20000510                        __bss_end__ = _ebss

._user_heap_stack
                0x20000510      0x600 load address 0x08008084
                0x20000510                        . = ALIGN (0x8)
                [!provide]                        PROVIDE (end = .)
                0x20000510                        PROVIDE (_end = .)
                0x20000710                        . = (. + _Min_Heap_Size)
 *fill*         0x20000510      0x200 
                0x20000b10                        . = (. + _Min_Stack_Size)
 *fill*         0x20000710      0x400 
                0x20000b10                        . = ALIGN (0x8)

/DISCARD/
 libc.a(*)
 libm.a(*)
 libgcc.a(*)

.ARM.attributes
                0x00000000       0x30
 *(.ARM.attributes)
 .ARM.attributes
                0x00000000       0x22 C:/ST/STM32CubeIDE_1.15.1/STM32CubeIDE/plugins/com.st.stm32cube.ide.mcu.externaltools.gnu-tools-for-stm32.12.3.rel1.win32_1.0.100.202403111256/tools/bin/../lib/gcc/arm-none-eabi/12.3.1/thumb/v7e-m+fp/hard/crti.o
 .ARM.attributes
                0x00000022       0x34 C:/ST/STM32CubeIDE_1.15.1/STM32CubeIDE/plugins/com.st.stm32cube.ide.mcu.externaltools.gnu-tools-for-stm32.12.3.rel1.win32_1.0.100.202403111256/tools/bin/../lib/gcc/arm-none-eabi/12.3.1/thumb/v7e-m+fp/hard/crtbegin.o
 .ARM.attributes
                0x00000056       0x34 ./Core/Src/Adxl345.o
 .ARM.attributes
                0x0000008a       0x34 ./Core/Src/br24l64f.o
 .ARM.attributes
                0x000000be       0x34 ./Core/Src/lan9252.o
 .ARM.attributes
                0x000000f2       0x34 ./Core/Src/main.o
 .ARM.attributes
                0x00000126       0x34 ./Core/Src/moving_average.o
 .ARM.attributes
                0x0000015a       0x34 ./Core/Src/pcap.o
 .ARM.attributes
                0x0000018e       0x34 ./Core/Src/stm32f4xx_hal_msp.o
 .ARM.attributes
                0x000001c2       0x34 ./Core/Src/stm32f4xx_it.o
 .ARM.attributes
                0x000001f6       0x34 ./Core/Src/syscalls.o
 .ARM.attributes
                0x0000022a       0x34 ./Core/Src/sysmem.o
 .ARM.attributes
                0x0000025e       0x34 ./Core/Src/system_stm32f4xx.o
 .ARM.attributes
                0x00000292       0x34 ./Core/Src/tmc4671.o
 .ARM.attributes
                0x000002c6       0x21 ./Core/Startup/startup_stm32f411ceux.o
 .ARM.attributes
                0x000002e7       0x34 ./Drivers/STM32F4xx_HAL_Driver/Src/stm32f4xx_hal.o
 .ARM.attributes
                0x0000031b       0x34 ./Drivers/STM32F4xx_HAL_Driver/Src/stm32f4xx_hal_cortex.o
 .ARM.attributes
                0x0000034f       0x34 ./Drivers/STM32F4xx_HAL_Driver/Src/stm32f4xx_hal_gpio.o
 .ARM.attributes
                0x00000383       0x34 ./Drivers/STM32F4xx_HAL_Driver/Src/stm32f4xx_hal_i2c.o
 .ARM.attributes
                0x000003b7       0x34 ./Drivers/STM32F4xx_HAL_Driver/Src/stm32f4xx_hal_rcc.o
 .ARM.attributes
                0x000003eb       0x34 ./Drivers/STM32F4xx_HAL_Driver/Src/stm32f4xx_hal_spi.o
 .ARM.attributes
                0x0000041f       0x34 ./Drivers/STM32F4xx_HAL_Driver/Src/stm32f4xx_hal_tim.o
 .ARM.attributes
                0x00000453       0x34 ./Drivers/STM32F4xx_HAL_Driver/Src/stm32f4xx_hal_tim_ex.o
 .ARM.attributes
                0x00000487       0x34 C:/ST/STM32CubeIDE_1.15.1/STM32CubeIDE/plugins/com.st.stm32cube.ide.mcu.externaltools.gnu-tools-for-stm32.12.3.rel1.win32_1.0.100.202403111256/tools/bin/../lib/gcc/arm-none-eabi/12.3.1/../../../../arm-none-eabi/lib/thumb/v7e-m+fp/hard\libc_nano.a(libc_a-findfp.o)
 .ARM.attributes
                0x000004bb       0x34 C:/ST/STM32CubeIDE_1.15.1/STM32CubeIDE/plugins/com.st.stm32cube.ide.mcu.externaltools.gnu-tools-for-stm32.12.3.rel1.win32_1.0.100.202403111256/tools/bin/../lib/gcc/arm-none-eabi/12.3.1/../../../../arm-none-eabi/lib/thumb/v7e-m+fp/hard\libc_nano.a(libc_a-fwalk.o)
 .ARM.attributes
                0x000004ef       0x34 C:/ST/STM32CubeIDE_1.15.1/STM32CubeIDE/plugins/com.st.stm32cube.ide.mcu.externaltools.gnu-tools-for-stm32.12.3.rel1.win32_1.0.100.202403111256/tools/bin/../lib/gcc/arm-none-eabi/12.3.1/../../../../arm-none-eabi/lib/thumb/v7e-m+fp/hard\libc_nano.a(libc_a-printf.o)
 .ARM.attributes
                0x00000523       0x34 C:/ST/STM32CubeIDE_1.15.1/STM32CubeIDE/plugins/com.st.stm32cube.ide.mcu.externaltools.gnu-tools-for-stm32.12.3.rel1.win32_1.0.100.202403111256/tools/bin/../lib/gcc/arm-none-eabi/12.3.1/../../../../arm-none-eabi/lib/thumb/v7e-m+fp/hard\libc_nano.a(libc_a-puts.o)
 .ARM.attributes
                0x00000557       0x34 C:/ST/STM32CubeIDE_1.15.1/STM32CubeIDE/plugins/com.st.stm32cube.ide.mcu.externaltools.gnu-tools-for-stm32.12.3.rel1.win32_1.0.100.202403111256/tools/bin/../lib/gcc/arm-none-eabi/12.3.1/../../../../arm-none-eabi/lib/thumb/v7e-m+fp/hard\libc_nano.a(libc_a-stdio.o)
 .ARM.attributes
                0x0000058b       0x34 C:/ST/STM32CubeIDE_1.15.1/STM32CubeIDE/plugins/com.st.stm32cube.ide.mcu.externaltools.gnu-tools-for-stm32.12.3.rel1.win32_1.0.100.202403111256/tools/bin/../lib/gcc/arm-none-eabi/12.3.1/../../../../arm-none-eabi/lib/thumb/v7e-m+fp/hard\libc_nano.a(libc_a-wbuf.o)
 .ARM.attributes
                0x000005bf       0x34 C:/ST/STM32CubeIDE_1.15.1/STM32CubeIDE/plugins/com.st.stm32cube.ide.mcu.externaltools.gnu-tools-for-stm32.12.3.rel1.win32_1.0.100.202403111256/tools/bin/../lib/gcc/arm-none-eabi/12.3.1/../../../../arm-none-eabi/lib/thumb/v7e-m+fp/hard\libc_nano.a(libc_a-wsetup.o)
 .ARM.attributes
                0x000005f3       0x34 C:/ST/STM32CubeIDE_1.15.1/STM32CubeIDE/plugins/com.st.stm32cube.ide.mcu.externaltools.gnu-tools-for-stm32.12.3.rel1.win32_1.0.100.202403111256/tools/bin/../lib/gcc/arm-none-eabi/12.3.1/../../../../arm-none-eabi/lib/thumb/v7e-m+fp/hard\libc_nano.a(libc_a-memset.o)
 .ARM.attributes
                0x00000627       0x34 C:/ST/STM32CubeIDE_1.15.1/STM32CubeIDE/plugins/com.st.stm32cube.ide.mcu.externaltools.gnu-tools-for-stm32.12.3.rel1.win32_1.0.100.202403111256/tools/bin/../lib/gcc/arm-none-eabi/12.3.1/../../../../arm-none-eabi/lib/thumb/v7e-m+fp/hard\libc_nano.a(libc_a-closer.o)
 .ARM.attributes
                0x0000065b       0x34 C:/ST/STM32CubeIDE_1.15.1/STM32CubeIDE/plugins/com.st.stm32cube.ide.mcu.externaltools.gnu-tools-for-stm32.12.3.rel1.win32_1.0.100.202403111256/tools/bin/../lib/gcc/arm-none-eabi/12.3.1/../../../../arm-none-eabi/lib/thumb/v7e-m+fp/hard\libc_nano.a(libc_a-reent.o)
 .ARM.attributes
                0x0000068f       0x34 C:/ST/STM32CubeIDE_1.15.1/STM32CubeIDE/plugins/com.st.stm32cube.ide.mcu.externaltools.gnu-tools-for-stm32.12.3.rel1.win32_1.0.100.202403111256/tools/bin/../lib/gcc/arm-none-eabi/12.3.1/../../../../arm-none-eabi/lib/thumb/v7e-m+fp/hard\libc_nano.a(libc_a-impure.o)
 .ARM.attributes
                0x000006c3       0x34 C:/ST/STM32CubeIDE_1.15.1/STM32CubeIDE/plugins/com.st.stm32cube.ide.mcu.externaltools.gnu-tools-for-stm32.12.3.rel1.win32_1.0.100.202403111256/tools/bin/../lib/gcc/arm-none-eabi/12.3.1/../../../../arm-none-eabi/lib/thumb/v7e-m+fp/hard\libc_nano.a(libc_a-lseekr.o)
 .ARM.attributes
                0x000006f7       0x34 C:/ST/STM32CubeIDE_1.15.1/STM32CubeIDE/plugins/com.st.stm32cube.ide.mcu.externaltools.gnu-tools-for-stm32.12.3.rel1.win32_1.0.100.202403111256/tools/bin/../lib/gcc/arm-none-eabi/12.3.1/../../../../arm-none-eabi/lib/thumb/v7e-m+fp/hard\libc_nano.a(libc_a-readr.o)
 .ARM.attributes
                0x0000072b       0x34 C:/ST/STM32CubeIDE_1.15.1/STM32CubeIDE/plugins/com.st.stm32cube.ide.mcu.externaltools.gnu-tools-for-stm32.12.3.rel1.win32_1.0.100.202403111256/tools/bin/../lib/gcc/arm-none-eabi/12.3.1/../../../../arm-none-eabi/lib/thumb/v7e-m+fp/hard\libc_nano.a(libc_a-writer.o)
 .ARM.attributes
                0x0000075f       0x34 C:/ST/STM32CubeIDE_1.15.1/STM32CubeIDE/plugins/com.st.stm32cube.ide.mcu.externaltools.gnu-tools-for-stm32.12.3.rel1.win32_1.0.100.202403111256/tools/bin/../lib/gcc/arm-none-eabi/12.3.1/../../../../arm-none-eabi/lib/thumb/v7e-m+fp/hard\libc_nano.a(libc_a-errno.o)
 .ARM.attributes
                0x00000793       0x34 C:/ST/STM32CubeIDE_1.15.1/STM32CubeIDE/plugins/com.st.stm32cube.ide.mcu.externaltools.gnu-tools-for-stm32.12.3.rel1.win32_1.0.100.202403111256/tools/bin/../lib/gcc/arm-none-eabi/12.3.1/../../../../arm-none-eabi/lib/thumb/v7e-m+fp/hard\libc_nano.a(libc_a-init.o)
 .ARM.attributes
                0x000007c7       0x34 C:/ST/STM32CubeIDE_1.15.1/STM32CubeIDE/plugins/com.st.stm32cube.ide.mcu.externaltools.gnu-tools-for-stm32.12.3.rel1.win32_1.0.100.202403111256/tools/bin/../lib/gcc/arm-none-eabi/12.3.1/../../../../arm-none-eabi/lib/thumb/v7e-m+fp/hard\libc_nano.a(libc_a-lock.o)
 .ARM.attributes
                0x000007fb       0x34 C:/ST/STM32CubeIDE_1.15.1/STM32CubeIDE/plugins/com.st.stm32cube.ide.mcu.externaltools.gnu-tools-for-stm32.12.3.rel1.win32_1.0.100.202403111256/tools/bin/../lib/gcc/arm-none-eabi/12.3.1/../../../../arm-none-eabi/lib/thumb/v7e-m+fp/hard\libc_nano.a(libc_a-freer.o)
 .ARM.attributes
                0x0000082f       0x34 C:/ST/STM32CubeIDE_1.15.1/STM32CubeIDE/plugins/com.st.stm32cube.ide.mcu.externaltools.gnu-tools-for-stm32.12.3.rel1.win32_1.0.100.202403111256/tools/bin/../lib/gcc/arm-none-eabi/12.3.1/../../../../arm-none-eabi/lib/thumb/v7e-m+fp/hard\libc_nano.a(libc_a-mallocr.o)
 .ARM.attributes
                0x00000863       0x34 C:/ST/STM32CubeIDE_1.15.1/STM32CubeIDE/plugins/com.st.stm32cube.ide.mcu.externaltools.gnu-tools-for-stm32.12.3.rel1.win32_1.0.100.202403111256/tools/bin/../lib/gcc/arm-none-eabi/12.3.1/../../../../arm-none-eabi/lib/thumb/v7e-m+fp/hard\libc_nano.a(libc_a-mlock.o)
 .ARM.attributes
                0x00000897       0x34 C:/ST/STM32CubeIDE_1.15.1/STM32CubeIDE/plugins/com.st.stm32cube.ide.mcu.externaltools.gnu-tools-for-stm32.12.3.rel1.win32_1.0.100.202403111256/tools/bin/../lib/gcc/arm-none-eabi/12.3.1/../../../../arm-none-eabi/lib/thumb/v7e-m+fp/hard\libc_nano.a(libc_a-nano-vfprintf.o)
 .ARM.attributes
                0x000008cb       0x34 C:/ST/STM32CubeIDE_1.15.1/STM32CubeIDE/plugins/com.st.stm32cube.ide.mcu.externaltools.gnu-tools-for-stm32.12.3.rel1.win32_1.0.100.202403111256/tools/bin/../lib/gcc/arm-none-eabi/12.3.1/../../../../arm-none-eabi/lib/thumb/v7e-m+fp/hard\libc_nano.a(libc_a-nano-vfprintf_i.o)
 .ARM.attributes
                0x000008ff       0x34 C:/ST/STM32CubeIDE_1.15.1/STM32CubeIDE/plugins/com.st.stm32cube.ide.mcu.externaltools.gnu-tools-for-stm32.12.3.rel1.win32_1.0.100.202403111256/tools/bin/../lib/gcc/arm-none-eabi/12.3.1/../../../../arm-none-eabi/lib/thumb/v7e-m+fp/hard\libc_nano.a(libc_a-fflush.o)
 .ARM.attributes
                0x00000933       0x34 C:/ST/STM32CubeIDE_1.15.1/STM32CubeIDE/plugins/com.st.stm32cube.ide.mcu.externaltools.gnu-tools-for-stm32.12.3.rel1.win32_1.0.100.202403111256/tools/bin/../lib/gcc/arm-none-eabi/12.3.1/../../../../arm-none-eabi/lib/thumb/v7e-m+fp/hard\libc_nano.a(libc_a-makebuf.o)
 .ARM.attributes
                0x00000967       0x34 C:/ST/STM32CubeIDE_1.15.1/STM32CubeIDE/plugins/com.st.stm32cube.ide.mcu.externaltools.gnu-tools-for-stm32.12.3.rel1.win32_1.0.100.202403111256/tools/bin/../lib/gcc/arm-none-eabi/12.3.1/../../../../arm-none-eabi/lib/thumb/v7e-m+fp/hard\libc_nano.a(libc_a-fstatr.o)
 .ARM.attributes
                0x0000099b       0x34 C:/ST/STM32CubeIDE_1.15.1/STM32CubeIDE/plugins/com.st.stm32cube.ide.mcu.externaltools.gnu-tools-for-stm32.12.3.rel1.win32_1.0.100.202403111256/tools/bin/../lib/gcc/arm-none-eabi/12.3.1/../../../../arm-none-eabi/lib/thumb/v7e-m+fp/hard\libc_nano.a(libc_a-isattyr.o)
 .ARM.attributes
                0x000009cf       0x34 C:/ST/STM32CubeIDE_1.15.1/STM32CubeIDE/plugins/com.st.stm32cube.ide.mcu.externaltools.gnu-tools-for-stm32.12.3.rel1.win32_1.0.100.202403111256/tools/bin/../lib/gcc/arm-none-eabi/12.3.1/../../../../arm-none-eabi/lib/thumb/v7e-m+fp/hard\libc_nano.a(libc_a-sbrkr.o)
 .ARM.attributes
                0x00000a03       0x1c C:/ST/STM32CubeIDE_1.15.1/STM32CubeIDE/plugins/com.st.stm32cube.ide.mcu.externaltools.gnu-tools-for-stm32.12.3.rel1.win32_1.0.100.202403111256/tools/bin/../lib/gcc/arm-none-eabi/12.3.1/../../../../arm-none-eabi/lib/thumb/v7e-m+fp/hard\libc_nano.a(libc_a-memchr.o)
 .ARM.attributes
                0x00000a1f       0x22 C:/ST/STM32CubeIDE_1.15.1/STM32CubeIDE/plugins/com.st.stm32cube.ide.mcu.externaltools.gnu-tools-for-stm32.12.3.rel1.win32_1.0.100.202403111256/tools/bin/../lib/gcc/arm-none-eabi/12.3.1/thumb/v7e-m+fp/hard\libgcc.a(_arm_addsubdf3.o)
 .ARM.attributes
                0x00000a41       0x22 C:/ST/STM32CubeIDE_1.15.1/STM32CubeIDE/plugins/com.st.stm32cube.ide.mcu.externaltools.gnu-tools-for-stm32.12.3.rel1.win32_1.0.100.202403111256/tools/bin/../lib/gcc/arm-none-eabi/12.3.1/thumb/v7e-m+fp/hard\libgcc.a(_arm_muldivdf3.o)
 .ARM.attributes
                0x00000a63       0x22 C:/ST/STM32CubeIDE_1.15.1/STM32CubeIDE/plugins/com.st.stm32cube.ide.mcu.externaltools.gnu-tools-for-stm32.12.3.rel1.win32_1.0.100.202403111256/tools/bin/../lib/gcc/arm-none-eabi/12.3.1/thumb/v7e-m+fp/hard\libgcc.a(_arm_fixdfsi.o)
 .ARM.attributes
                0x00000a85       0x22 C:/ST/STM32CubeIDE_1.15.1/STM32CubeIDE/plugins/com.st.stm32cube.ide.mcu.externaltools.gnu-tools-for-stm32.12.3.rel1.win32_1.0.100.202403111256/tools/bin/../lib/gcc/arm-none-eabi/12.3.1/thumb/v7e-m+fp/hard\libgcc.a(_arm_fixunsdfsi.o)
 .ARM.attributes
                0x00000aa7       0x22 C:/ST/STM32CubeIDE_1.15.1/STM32CubeIDE/plugins/com.st.stm32cube.ide.mcu.externaltools.gnu-tools-for-stm32.12.3.rel1.win32_1.0.100.202403111256/tools/bin/../lib/gcc/arm-none-eabi/12.3.1/thumb/v7e-m+fp/hard\libgcc.a(_aeabi_uldivmod.o)
 .ARM.attributes
                0x00000ac9       0x34 C:/ST/STM32CubeIDE_1.15.1/STM32CubeIDE/plugins/com.st.stm32cube.ide.mcu.externaltools.gnu-tools-for-stm32.12.3.rel1.win32_1.0.100.202403111256/tools/bin/../lib/gcc/arm-none-eabi/12.3.1/thumb/v7e-m+fp/hard\libgcc.a(_udivmoddi4.o)
 .ARM.attributes
                0x00000afd       0x22 C:/ST/STM32CubeIDE_1.15.1/STM32CubeIDE/plugins/com.st.stm32cube.ide.mcu.externaltools.gnu-tools-for-stm32.12.3.rel1.win32_1.0.100.202403111256/tools/bin/../lib/gcc/arm-none-eabi/12.3.1/thumb/v7e-m+fp/hard\libgcc.a(_dvmd_tls.o)
 .ARM.attributes
                0x00000b1f       0x22 C:/ST/STM32CubeIDE_1.15.1/STM32CubeIDE/plugins/com.st.stm32cube.ide.mcu.externaltools.gnu-tools-for-stm32.12.3.rel1.win32_1.0.100.202403111256/tools/bin/../lib/gcc/arm-none-eabi/12.3.1/thumb/v7e-m+fp/hard/crtn.o
OUTPUT(test-0.elf elf32-littlearm)
LOAD linker stubs
LOAD C:/ST/STM32CubeIDE_1.15.1/STM32CubeIDE/plugins/com.st.stm32cube.ide.mcu.externaltools.gnu-tools-for-stm32.12.3.rel1.win32_1.0.100.202403111256/tools/bin/../lib/gcc/arm-none-eabi/12.3.1/../../../../arm-none-eabi/lib/thumb/v7e-m+fp/hard\libc.a
LOAD C:/ST/STM32CubeIDE_1.15.1/STM32CubeIDE/plugins/com.st.stm32cube.ide.mcu.externaltools.gnu-tools-for-stm32.12.3.rel1.win32_1.0.100.202403111256/tools/bin/../lib/gcc/arm-none-eabi/12.3.1/../../../../arm-none-eabi/lib/thumb/v7e-m+fp/hard\libm.a
LOAD C:/ST/STM32CubeIDE_1.15.1/STM32CubeIDE/plugins/com.st.stm32cube.ide.mcu.externaltools.gnu-tools-for-stm32.12.3.rel1.win32_1.0.100.202403111256/tools/bin/../lib/gcc/arm-none-eabi/12.3.1/thumb/v7e-m+fp/hard\libgcc.a

.debug_info     0x00000000    0x1224c
 .debug_info    0x00000000      0xbc2 ./Core/Src/Adxl345.o
 .debug_info    0x00000bc2      0x9f9 ./Core/Src/br24l64f.o
 .debug_info    0x000015bb      0xad8 ./Core/Src/lan9252.o
 .debug_info    0x00002093     0x1c06 ./Core/Src/main.o
 .debug_info    0x00003c99      0x19f ./Core/Src/moving_average.o
 .debug_info    0x00003e38      0xc8f ./Core/Src/pcap.o
 .debug_info    0x00004ac7     0x1124 ./Core/Src/stm32f4xx_hal_msp.o
 .debug_info    0x00005beb      0x112 ./Core/Src/stm32f4xx_it.o
 .debug_info    0x00005cfd      0x6a3 ./Core/Src/syscalls.o
 .debug_info    0x000063a0      0x168 ./Core/Src/sysmem.o
 .debug_info    0x00006508      0x53e ./Core/Src/system_stm32f4xx.o
 .debug_info    0x00006a46     0x19ca ./Core/Src/tmc4671.o
 .debug_info    0x00008410       0x30 ./Core/Startup/startup_stm32f411ceux.o
 .debug_info    0x00008440      0x8c4 ./Drivers/STM32F4xx_HAL_Driver/Src/stm32f4xx_hal.o
 .debug_info    0x00008d04      0xcc7 ./Drivers/STM32F4xx_HAL_Driver/Src/stm32f4xx_hal_cortex.o
 .debug_info    0x000099cb      0x6f9 ./Drivers/STM32F4xx_HAL_Driver/Src/stm32f4xx_hal_gpio.o
 .debug_info    0x0000a0c4     0x2426 ./Drivers/STM32F4xx_HAL_Driver/Src/stm32f4xx_hal_i2c.o
 .debug_info    0x0000c4ea      0x8f2 ./Drivers/STM32F4xx_HAL_Driver/Src/stm32f4xx_hal_rcc.o
 .debug_info    0x0000cddc     0x1606 ./Drivers/STM32F4xx_HAL_Driver/Src/stm32f4xx_hal_spi.o
 .debug_info    0x0000e3e2     0x2996 ./Drivers/STM32F4xx_HAL_Driver/Src/stm32f4xx_hal_tim.o
 .debug_info    0x00010d78     0x14d4 ./Drivers/STM32F4xx_HAL_Driver/Src/stm32f4xx_hal_tim_ex.o

.debug_abbrev   0x00000000     0x2ab1
 .debug_abbrev  0x00000000      0x20b ./Core/Src/Adxl345.o
 .debug_abbrev  0x0000020b      0x22f ./Core/Src/br24l64f.o
 .debug_abbrev  0x0000043a      0x255 ./Core/Src/lan9252.o
 .debug_abbrev  0x0000068f      0x2fc ./Core/Src/main.o
 .debug_abbrev  0x0000098b       0xeb ./Core/Src/moving_average.o
 .debug_abbrev  0x00000a76      0x256 ./Core/Src/pcap.o
 .debug_abbrev  0x00000ccc      0x215 ./Core/Src/stm32f4xx_hal_msp.o
 .debug_abbrev  0x00000ee1       0x73 ./Core/Src/stm32f4xx_it.o
 .debug_abbrev  0x00000f54      0x1b6 ./Core/Src/syscalls.o
 .debug_abbrev  0x0000110a       0xbc ./Core/Src/sysmem.o
 .debug_abbrev  0x000011c6      0x11a ./Core/Src/system_stm32f4xx.o
 .debug_abbrev  0x000012e0      0x355 ./Core/Src/tmc4671.o
 .debug_abbrev  0x00001635       0x24 ./Core/Startup/startup_stm32f411ceux.o
 .debug_abbrev  0x00001659      0x24b ./Drivers/STM32F4xx_HAL_Driver/Src/stm32f4xx_hal.o
 .debug_abbrev  0x000018a4      0x328 ./Drivers/STM32F4xx_HAL_Driver/Src/stm32f4xx_hal_cortex.o
 .debug_abbrev  0x00001bcc      0x1d3 ./Drivers/STM32F4xx_HAL_Driver/Src/stm32f4xx_hal_gpio.o
 .debug_abbrev  0x00001d9f      0x2bc ./Drivers/STM32F4xx_HAL_Driver/Src/stm32f4xx_hal_i2c.o
 .debug_abbrev  0x0000205b      0x2b5 ./Drivers/STM32F4xx_HAL_Driver/Src/stm32f4xx_hal_rcc.o
 .debug_abbrev  0x00002310      0x280 ./Drivers/STM32F4xx_HAL_Driver/Src/stm32f4xx_hal_spi.o
 .debug_abbrev  0x00002590      0x28b ./Drivers/STM32F4xx_HAL_Driver/Src/stm32f4xx_hal_tim.o
 .debug_abbrev  0x0000281b      0x296 ./Drivers/STM32F4xx_HAL_Driver/Src/stm32f4xx_hal_tim_ex.o

.debug_aranges  0x00000000     0x1248
 .debug_aranges
                0x00000000       0x38 ./Core/Src/Adxl345.o
 .debug_aranges
                0x00000038       0x58 ./Core/Src/br24l64f.o
 .debug_aranges
                0x00000090       0x58 ./Core/Src/lan9252.o
 .debug_aranges
                0x000000e8       0x70 ./Core/Src/main.o
 .debug_aranges
                0x00000158       0x28 ./Core/Src/moving_average.o
 .debug_aranges
                0x00000180       0x30 ./Core/Src/pcap.o
 .debug_aranges
                0x000001b0       0x50 ./Core/Src/stm32f4xx_hal_msp.o
 .debug_aranges
                0x00000200       0x60 ./Core/Src/stm32f4xx_it.o
 .debug_aranges
                0x00000260       0xa8 ./Core/Src/syscalls.o
 .debug_aranges
                0x00000308       0x20 ./Core/Src/sysmem.o
 .debug_aranges
                0x00000328       0x28 ./Core/Src/system_stm32f4xx.o
 .debug_aranges
                0x00000350      0x230 ./Core/Src/tmc4671.o
 .debug_aranges
                0x00000580       0x28 ./Core/Startup/startup_stm32f411ceux.o
 .debug_aranges
                0x000005a8       0xf0 ./Drivers/STM32F4xx_HAL_Driver/Src/stm32f4xx_hal.o
 .debug_aranges
                0x00000698      0x120 ./Drivers/STM32F4xx_HAL_Driver/Src/stm32f4xx_hal_cortex.o
 .debug_aranges
                0x000007b8       0x58 ./Drivers/STM32F4xx_HAL_Driver/Src/stm32f4xx_hal_gpio.o
 .debug_aranges
                0x00000810      0x2a8 ./Drivers/STM32F4xx_HAL_Driver/Src/stm32f4xx_hal_i2c.o
 .debug_aranges
                0x00000ab8       0x88 ./Drivers/STM32F4xx_HAL_Driver/Src/stm32f4xx_hal_rcc.o
 .debug_aranges
                0x00000b40      0x1d0 ./Drivers/STM32F4xx_HAL_Driver/Src/stm32f4xx_hal_spi.o
 .debug_aranges
                0x00000d10      0x3d0 ./Drivers/STM32F4xx_HAL_Driver/Src/stm32f4xx_hal_tim.o
 .debug_aranges
                0x000010e0      0x168 ./Drivers/STM32F4xx_HAL_Driver/Src/stm32f4xx_hal_tim_ex.o

.debug_rnglists
                0x00000000      0xe2e
 .debug_rnglists
                0x00000000       0x26 ./Core/Src/Adxl345.o
 .debug_rnglists
                0x00000026       0x3d ./Core/Src/br24l64f.o
 .debug_rnglists
                0x00000063       0x42 ./Core/Src/lan9252.o
 .debug_rnglists
                0x000000a5       0x53 ./Core/Src/main.o
 .debug_rnglists
                0x000000f8       0x1a ./Core/Src/moving_average.o
 .debug_rnglists
                0x00000112       0x21 ./Core/Src/pcap.o
 .debug_rnglists
                0x00000133       0x3a ./Core/Src/stm32f4xx_hal_msp.o
 .debug_rnglists
                0x0000016d       0x43 ./Core/Src/stm32f4xx_it.o
 .debug_rnglists
                0x000001b0       0x79 ./Core/Src/syscalls.o
 .debug_rnglists
                0x00000229       0x13 ./Core/Src/sysmem.o
 .debug_rnglists
                0x0000023c       0x1a ./Core/Src/system_stm32f4xx.o
 .debug_rnglists
                0x00000256      0x1ad ./Core/Src/tmc4671.o
 .debug_rnglists
                0x00000403       0x19 ./Core/Startup/startup_stm32f411ceux.o
 .debug_rnglists
                0x0000041c       0xaf ./Drivers/STM32F4xx_HAL_Driver/Src/stm32f4xx_hal.o
 .debug_rnglists
                0x000004cb       0xd4 ./Drivers/STM32F4xx_HAL_Driver/Src/stm32f4xx_hal_cortex.o
 .debug_rnglists
                0x0000059f       0x3f ./Drivers/STM32F4xx_HAL_Driver/Src/stm32f4xx_hal_gpio.o
 .debug_rnglists
                0x000005de      0x23c ./Drivers/STM32F4xx_HAL_Driver/Src/stm32f4xx_hal_i2c.o
 .debug_rnglists
                0x0000081a       0x66 ./Drivers/STM32F4xx_HAL_Driver/Src/stm32f4xx_hal_rcc.o
 .debug_rnglists
                0x00000880      0x16f ./Drivers/STM32F4xx_HAL_Driver/Src/stm32f4xx_hal_spi.o
 .debug_rnglists
                0x000009ef      0x31a ./Drivers/STM32F4xx_HAL_Driver/Src/stm32f4xx_hal_tim.o
 .debug_rnglists
                0x00000d09      0x125 ./Drivers/STM32F4xx_HAL_Driver/Src/stm32f4xx_hal_tim_ex.o

.debug_macro    0x00000000    0x19b19
 .debug_macro   0x00000000      0x36f ./Core/Src/Adxl345.o
 .debug_macro   0x0000036f      0xab4 ./Core/Src/Adxl345.o
 .debug_macro   0x00000e23      0x2a1 ./Core/Src/Adxl345.o
 .debug_macro   0x000010c4       0x2e ./Core/Src/Adxl345.o
 .debug_macro   0x000010f2       0x28 ./Core/Src/Adxl345.o
 .debug_macro   0x0000111a       0x22 ./Core/Src/Adxl345.o
 .debug_macro   0x0000113c       0x8e ./Core/Src/Adxl345.o
 .debug_macro   0x000011ca       0x51 ./Core/Src/Adxl345.o
 .debug_macro   0x0000121b      0x103 ./Core/Src/Adxl345.o
 .debug_macro   0x0000131e       0x6a ./Core/Src/Adxl345.o
 .debug_macro   0x00001388      0x1df ./Core/Src/Adxl345.o
 .debug_macro   0x00001567       0x1c ./Core/Src/Adxl345.o
 .debug_macro   0x00001583       0x22 ./Core/Src/Adxl345.o
 .debug_macro   0x000015a5       0xfb ./Core/Src/Adxl345.o
 .debug_macro   0x000016a0     0x1011 ./Core/Src/Adxl345.o
 .debug_macro   0x000026b1      0x11f ./Core/Src/Adxl345.o
 .debug_macro   0x000027d0     0xb953 ./Core/Src/Adxl345.o
 .debug_macro   0x0000e123       0x6d ./Core/Src/Adxl345.o
 .debug_macro   0x0000e190     0x368c ./Core/Src/Adxl345.o
 .debug_macro   0x0001181c      0x189 ./Core/Src/Adxl345.o
 .debug_macro   0x000119a5       0x5c ./Core/Src/Adxl345.o
 .debug_macro   0x00011a01      0x45c ./Core/Src/Adxl345.o
 .debug_macro   0x00011e5d      0x9e9 ./Core/Src/Adxl345.o
 .debug_macro   0x00012846      0x115 ./Core/Src/Adxl345.o
 .debug_macro   0x0001295b      0x11b ./Core/Src/Adxl345.o
 .debug_macro   0x00012a76       0xa5 ./Core/Src/Adxl345.o
 .debug_macro   0x00012b1b      0x15f ./Core/Src/Adxl345.o
 .debug_macro   0x00012c7a      0x287 ./Core/Src/Adxl345.o
 .debug_macro   0x00012f01       0x5f ./Core/Src/Adxl345.o
 .debug_macro   0x00012f60      0x236 ./Core/Src/Adxl345.o
 .debug_macro   0x00013196      0x132 ./Core/Src/Adxl345.o
 .debug_macro   0x000132c8      0x264 ./Core/Src/Adxl345.o
 .debug_macro   0x0001352c       0x2e ./Core/Src/Adxl345.o
 .debug_macro   0x0001355a      0x1b5 ./Core/Src/Adxl345.o
 .debug_macro   0x0001370f       0x22 ./Core/Src/Adxl345.o
 .debug_macro   0x00013731       0xd6 ./Core/Src/Adxl345.o
 .debug_macro   0x00013807      0x127 ./Core/Src/Adxl345.o
 .debug_macro   0x0001392e       0x85 ./Core/Src/Adxl345.o
 .debug_macro   0x000139b3       0x89 ./Core/Src/Adxl345.o
 .debug_macro   0x00013a3c      0x225 ./Core/Src/Adxl345.o
 .debug_macro   0x00013c61      0x8ed ./Core/Src/Adxl345.o
 .debug_macro   0x0001454e       0x47 ./Core/Src/Adxl345.o
 .debug_macro   0x00014595      0x126 ./Core/Src/Adxl345.o
 .debug_macro   0x000146bb       0xf4 ./Core/Src/Adxl345.o
 .debug_macro   0x000147af       0x22 ./Core/Src/Adxl345.o
 .debug_macro   0x000147d1       0x61 ./Core/Src/Adxl345.o
 .debug_macro   0x00014832       0x2a ./Core/Src/Adxl345.o
 .debug_macro   0x0001485c       0x43 ./Core/Src/Adxl345.o
 .debug_macro   0x0001489f       0x34 ./Core/Src/Adxl345.o
 .debug_macro   0x000148d3       0x16 ./Core/Src/Adxl345.o
 .debug_macro   0x000148e9       0x43 ./Core/Src/Adxl345.o
 .debug_macro   0x0001492c       0x34 ./Core/Src/Adxl345.o
 .debug_macro   0x00014960       0x10 ./Core/Src/Adxl345.o
 .debug_macro   0x00014970       0x58 ./Core/Src/Adxl345.o
 .debug_macro   0x000149c8       0x8e ./Core/Src/Adxl345.o
 .debug_macro   0x00014a56       0x1c ./Core/Src/Adxl345.o
 .debug_macro   0x00014a72      0x177 ./Core/Src/Adxl345.o
 .debug_macro   0x00014be9      0x369 ./Core/Src/Adxl345.o
 .debug_macro   0x00014f52      0x19b ./Core/Src/Adxl345.o
 .debug_macro   0x000150ed       0x1c ./Core/Src/Adxl345.o
 .debug_macro   0x00015109       0x35 ./Core/Src/Adxl345.o
 .debug_macro   0x0001513e       0x10 ./Core/Src/Adxl345.o
 .debug_macro   0x0001514e       0x1c ./Core/Src/Adxl345.o
 .debug_macro   0x0001516a       0x16 ./Core/Src/Adxl345.o
 .debug_macro   0x00015180      0x146 ./Core/Src/Adxl345.o
 .debug_macro   0x000152c6       0x16 ./Core/Src/Adxl345.o
 .debug_macro   0x000152dc       0x16 ./Core/Src/Adxl345.o
 .debug_macro   0x000152f2       0x29 ./Core/Src/Adxl345.o
 .debug_macro   0x0001531b       0x40 ./Core/Src/Adxl345.o
 .debug_macro   0x0001535b      0x2e9 ./Core/Src/Adxl345.o
 .debug_macro   0x00015644       0x16 ./Core/Src/Adxl345.o
 .debug_macro   0x0001565a       0x9a ./Core/Src/Adxl345.o
 .debug_macro   0x000156f4       0x52 ./Core/Src/Adxl345.o
 .debug_macro   0x00015746      0x598 ./Core/Src/Adxl345.o
 .debug_macro   0x00015cde      0x1d2 ./Core/Src/Adxl345.o
 .debug_macro   0x00015eb0      0x330 ./Core/Src/br24l64f.o
 .debug_macro   0x000161e0       0x10 ./Core/Src/br24l64f.o
 .debug_macro   0x000161f0      0x33c ./Core/Src/lan9252.o
 .debug_macro   0x0001652c      0x2e3 ./Core/Src/lan9252.o
 .debug_macro   0x0001680f      0x373 ./Core/Src/main.o
 .debug_macro   0x00016b82      0x331 ./Core/Src/moving_average.o
 .debug_macro   0x00016eb3      0x342 ./Core/Src/pcap.o
 .debug_macro   0x000171f5       0x4c ./Core/Src/pcap.o
 .debug_macro   0x00017241       0x10 ./Core/Src/pcap.o
 .debug_macro   0x00017251      0x1f6 ./Core/Src/stm32f4xx_hal_msp.o