../Core/Src/main.c:129:6:HAL_GPIO_EXTI_Callback	16	static
../Core/Src/main.c:144:5:main	24	static
../Core/Src/main.c:743:6:SystemClock_Config	88	static
../Core/Src/main.c:789:13:MX_I2C1_Init	8	static
../Core/Src/main.c:823:13:MX_I2C2_Init	8	static
../Core/Src/main.c:857:13:MX_SPI1_Init	8	static
../Core/Src/main.c:895:13:MX_SPI2_Init	8	static
../Core/Src/main.c:933:13:MX_SPI5_Init	8	static
../Core/Src/main.c:971:13:MX_TIM4_Init	32	static
../Core/Src/main.c:1014:13:MX_GPIO_Init	48	static
../Core/Src/main.c:1086:6:Error_Handler	4	static,ignoring_inline_asm
