../Core/Src/main.c:129:6:HAL_GPIO_EXTI_Callback	16	static
../Core/Src/main.c:144:5:main	24	static
../Core/Src/main.c:752:6:SystemClock_Config	88	static
../Core/Src/main.c:798:13:MX_I2C1_Init	8	static
../Core/Src/main.c:832:13:MX_I2C2_Init	8	static
../Core/Src/main.c:866:13:MX_SPI1_Init	8	static
../Core/Src/main.c:904:13:MX_SPI2_Init	8	static
../Core/Src/main.c:942:13:MX_SPI5_Init	8	static
../Core/Src/main.c:980:13:MX_TIM4_Init	32	static
../Core/Src/main.c:1023:13:MX_GPIO_Init	48	static
../Core/Src/main.c:1095:6:Error_Handler	4	static,ignoring_inline_asm
