../Core/Src/tmc4671.c:9:6:stopMovement	16	static
../Core/Src/tmc4671.c:21:6:setWrongCommandFlag	16	static
../Core/Src/tmc4671.c:26:16:getEventStatus	16	static
../Core/Src/tmc4671.c:30:10:getEventStatusWord	24	static
../Core/Src/tmc4671.c:112:6:clearFaults	16	static
../Core/Src/tmc4671.c:118:6:setEncoderResolution	24	static
../Core/Src/tmc4671.c:125:10:getEncoderResolution	16	static
../Core/Src/tmc4671.c:130:6:setEncoderDirection	24	static
../Core/Src/tmc4671.c:139:6:getEncoderDirection	16	static
../Core/Src/tmc4671.c:148:10:getCoilCurrent	16	static
../Core/Src/tmc4671.c:153:6:setCurrentLimitHoming	16	static
../Core/Src/tmc4671.c:157:10:getCurrentLimitHoming	16	static
../Core/Src/tmc4671.c:162:6:setCurrentLimitServo	16	static
../Core/Src/tmc4671.c:166:10:getCurrentLimitServo	16	static
../Core/Src/tmc4671.c:171:6:setVoltageLimitHoming	16	static
../Core/Src/tmc4671.c:175:10:getVoltageLimitHoming	16	static
../Core/Src/tmc4671.c:180:6:setVelocityLimitServo	16	static
../Core/Src/tmc4671.c:185:10:getVelocityLimitServo	16	static
../Core/Src/tmc4671.c:190:6:setTorqueLimitServo	16	static
../Core/Src/tmc4671.c:195:10:getTorqueLimitServo	16	static
../Core/Src/tmc4671.c:200:6:setSoftPositiveLimit	16	static
../Core/Src/tmc4671.c:205:9:getSoftPositiveLimit	24	static
../Core/Src/tmc4671.c:212:6:setSoftNegativeLimit	16	static
../Core/Src/tmc4671.c:217:9:getSoftNegativeLimit	24	static
../Core/Src/tmc4671.c:224:6:setZeroOffset	16	static
../Core/Src/tmc4671.c:228:9:getZeroOffset	24	static
../Core/Src/tmc4671.c:235:9:getActualPosition	24	static
../Core/Src/tmc4671.c:242:6:setAbsoluteTargetPosition	24	static
../Core/Src/tmc4671.c:254:6:setIncrementalTargetPosition	24	static
../Core/Src/tmc4671.c:259:9:getTargetPosition	24	static
../Core/Src/tmc4671.c:266:6:setMaxPositionError	16	static
../Core/Src/tmc4671.c:270:10:getMaxPositionError	24	static
../Core/Src/tmc4671.c:277:6:setCurrentGainP	32	static
../Core/Src/tmc4671.c:289:10:getCurrentGainP	16	static
../Core/Src/tmc4671.c:294:6:setCurrentGainI	32	static
../Core/Src/tmc4671.c:306:10:getCurrentGainI	16	static
../Core/Src/tmc4671.c:311:6:setVelocityGainP	32	static
../Core/Src/tmc4671.c:322:10:getVelocityGainP	16	static
../Core/Src/tmc4671.c:327:6:setVelocityGainI	32	static
../Core/Src/tmc4671.c:338:10:getVelocityGainI	16	static
../Core/Src/tmc4671.c:343:6:setPositionGainP	32	static
../Core/Src/tmc4671.c:354:10:getPositionGainP	16	static
../Core/Src/tmc4671.c:359:6:setPositionGainI	32	static
../Core/Src/tmc4671.c:370:10:getPositionGainI	16	static
../Core/Src/tmc4671.c:375:6:servoEnable	16	static
../Core/Src/tmc4671.c:381:6:initializeTMC4671	32	static
../Core/Src/tmc4671.c:436:6:servoRun	24	static
../Core/Src/tmc4671.c:482:6:startHoming	32	static
../Core/Src/tmc4671.c:529:6:is_tmc4671_connected	32	static
../Core/Src/tmc4671.c:557:10:read_register_tmc4671	40	static
../Core/Src/tmc4671.c:585:6:write_register_tmc4671	32	static
../Core/Src/tmc4671.c:607:6:setup_controller	32	static
../Core/Src/tmc4671.c:643:6:setup_PID	56	static
../Core/Src/tmc4671.c:694:6:set_velocity	16	static
../Core/Src/tmc4671.c:702:6:set_position	16	static
../Core/Src/tmc4671.c:710:9:get_velocity	16	static
../Core/Src/tmc4671.c:720:9:get_position	16	static
../Core/Src/tmc4671.c:730:9:get_position_error	16	static
../Core/Src/tmc4671.c:738:10:get_motor_current	16	static
../Core/Src/tmc4671.c:746:6:control_enable	8	static
../Core/Src/tmc4671.c:750:6:control_disable	8	static
../Core/Src/tmc4671.c:755:10:getFirmwareVersion	16	static
../Core/Src/tmc4671.c:766:6:loadDefaultParameters	24	static
../Core/Src/tmc4671.c:827:6:loadParameters	24	static
../Core/Src/tmc4671.c:888:6:saveParameters	96	static
../Core/Src/tmc4671.c:970:6:makeDefaultParametersCurrent	88	static
../Core/Src/tmc4671.c:1052:6:saveDefaultParameters	88	static
